This is Ultimate 0.3.1-cache-f5c6788a5b-m
[2026-06-06 01:06:58,311 INFO  L188        SettingsManager]: Resetting all preferences to default values...
[2026-06-06 01:06:58,337 INFO  L114        SettingsManager]: Loading settings from /home/hschi1106/ultimate/trunk/examples/Interactive/settings/ResetSettingsCamel.epf
[2026-06-06 01:06:58,339 WARN  L101        SettingsManager]: Preference file contains the following unknown settings:
[2026-06-06 01:06:58,339 WARN  L103        SettingsManager]:   * de.uni_freiburg.informatik.ultimate.plugins.blockencoding.Rewrite not-equals during SBE
[2026-06-06 01:06:58,339 WARN  L103        SettingsManager]:   * de.uni_freiburg.informatik.ultimate.plugins.blockencoding.Simplify codeblocks
[2026-06-06 01:06:58,340 WARN  L103        SettingsManager]:   * de.uni_freiburg.informatik.ultimate.plugins.blockencoding.Simplify assume statements
[2026-06-06 01:06:58,340 WARN  L103        SettingsManager]:   * de.uni_freiburg.informatik.ultimate.plugins.blockencoding.Use SBE during assume simplification
[2026-06-06 01:06:58,340 WARN  L103        SettingsManager]:   * de.uni_freiburg.informatik.ultimate.plugins.blockencoding.Use SBE for initial RCFG
[2026-06-06 01:06:58,340 WARN  L103        SettingsManager]:   * de.uni_freiburg.informatik.ultimate.plugins.blockencoding.Rewrite not equals when simplifying assume statements with SBE
[2026-06-06 01:06:58,340 WARN  L103        SettingsManager]:   * de.uni_freiburg.informatik.ultimate.core.Debug log message color
[2026-06-06 01:06:58,340 WARN  L103        SettingsManager]:   * de.uni_freiburg.informatik.ultimate.core.Drop models when Ultimate exits
[2026-06-06 01:06:58,340 WARN  L103        SettingsManager]:   * de.uni_freiburg.informatik.ultimate.core.Generate benchmark results
[2026-06-06 01:06:58,340 WARN  L103        SettingsManager]:   * de.uni_freiburg.informatik.ultimate.core.Log level for controller plugin
[2026-06-06 01:06:58,340 WARN  L103        SettingsManager]:   * de.uni_freiburg.informatik.ultimate.core.Warning log message color
[2026-06-06 01:06:58,340 WARN  L103        SettingsManager]:   * de.uni_freiburg.informatik.ultimate.core.Root log level
[2026-06-06 01:06:58,340 WARN  L103        SettingsManager]:   * de.uni_freiburg.informatik.ultimate.core.UI logger pattern
[2026-06-06 01:06:58,340 WARN  L103        SettingsManager]:   * de.uni_freiburg.informatik.ultimate.core.Log level for external tools
[2026-06-06 01:06:58,340 WARN  L103        SettingsManager]:   * de.uni_freiburg.informatik.ultimate.core.ultimate.logging.details
[2026-06-06 01:06:58,340 WARN  L103        SettingsManager]:   * de.uni_freiburg.informatik.ultimate.core.Toolchain timeout in seconds
[2026-06-06 01:06:58,340 WARN  L103        SettingsManager]:   * de.uni_freiburg.informatik.ultimate.core.Name of the log file
[2026-06-06 01:06:58,340 WARN  L103        SettingsManager]:   * de.uni_freiburg.informatik.ultimate.core.Info log message color
[2026-06-06 01:06:58,340 WARN  L103        SettingsManager]:   * de.uni_freiburg.informatik.ultimate.core.Create a Logfile
[2026-06-06 01:06:58,340 WARN  L103        SettingsManager]:   * de.uni_freiburg.informatik.ultimate.core.Logger pattern
[2026-06-06 01:06:58,340 WARN  L103        SettingsManager]:   * de.uni_freiburg.informatik.ultimate.core.Log level for core plugin
[2026-06-06 01:06:58,340 WARN  L103        SettingsManager]:   * de.uni_freiburg.informatik.ultimate.core.Show usable parsers
[2026-06-06 01:06:58,340 WARN  L103        SettingsManager]:   * de.uni_freiburg.informatik.ultimate.core.Log level for plugins
[2026-06-06 01:06:58,340 WARN  L103        SettingsManager]:   * de.uni_freiburg.informatik.ultimate.core.Fatal log message color
[2026-06-06 01:06:58,340 WARN  L103        SettingsManager]:   * de.uni_freiburg.informatik.ultimate.core.Show long description of results
[2026-06-06 01:06:58,340 WARN  L103        SettingsManager]:   * de.uni_freiburg.informatik.ultimate.core.Error log message color
[2026-06-06 01:06:58,340 WARN  L103        SettingsManager]:   * de.uni_freiburg.informatik.ultimate.core.Show result in pop-up window after toolchain execution
[2026-06-06 01:06:58,340 WARN  L103        SettingsManager]:   * de.uni_freiburg.informatik.ultimate.core.Directory (default: instance location)
[2026-06-06 01:06:58,340 WARN  L103        SettingsManager]:   * de.uni_freiburg.informatik.ultimate.core.Append to exisiting log file
[2026-06-06 01:06:58,340 WARN  L103        SettingsManager]:   * CDTParser.Please specify include paths that will be parsed with the given C-File
[2026-06-06 01:06:58,340 WARN  L103        SettingsManager]:   * de.uni_freiburg.informatik.ultimate.plugins.generator.rcfgbuilder.Translate Boogie integers to SMT bitvectors
[2026-06-06 01:06:58,340 WARN  L103        SettingsManager]:   * de.uni_freiburg.informatik.ultimate.plugins.generator.cacsl2boogietranslator.How to treat unsigned ints differently from normal ones
[2026-06-06 01:06:58,340 WARN  L103        SettingsManager]:   * de.uni_freiburg.informatik.ultimate.witnessprinter.Generate witnesses
[2026-06-06 01:06:58,340 WARN  L103        SettingsManager]:   * de.uni_freiburg.informatik.ultimate.witnessprinter.Write witness to working directory
[2026-06-06 01:06:58,340 WARN  L103        SettingsManager]:   * de.uni_freiburg.informatik.ultimate.plugins.analysis.irsdependencies.Mode
[2026-06-06 01:06:58,340 WARN  L103        SettingsManager]:   * de.uni_freiburg.informatik.ultimate.plugins.analysis.abstractinterpretationv2.Number type
[2026-06-06 01:06:58,340 WARN  L103        SettingsManager]:   * de.uni_freiburg.informatik.ultimate.plugins.analysis.abstractinterpretationv2.Congruence Widening operator
[2026-06-06 01:06:58,340 WARN  L103        SettingsManager]:   * de.uni_freiburg.informatik.ultimate.plugins.output.jungvisualization.Annotate edges
[2026-06-06 01:06:58,340 WARN  L103        SettingsManager]:   * de.uni_freiburg.informatik.ultimate.plugins.output.jungvisualization.Background color:
[2026-06-06 01:06:58,340 WARN  L103        SettingsManager]:   * de.uni_freiburg.informatik.ultimate.plugins.output.jungvisualization.Which models should be visualized?
[2026-06-06 01:06:58,340 WARN  L103        SettingsManager]:   * de.uni_freiburg.informatik.ultimate.plugins.output.jungvisualization.Choose node shape:
[2026-06-06 01:06:58,340 WARN  L103        SettingsManager]:   * de.uni_freiburg.informatik.ultimate.plugins.output.jungvisualization.Node color:
[2026-06-06 01:06:58,340 WARN  L103        SettingsManager]:   * de.uni_freiburg.informatik.ultimate.plugins.output.jungvisualization.Picked node color:
[2026-06-06 01:06:58,340 WARN  L103        SettingsManager]:   * de.uni_freiburg.informatik.ultimate.plugins.output.jungvisualization.Annotate nodes
[2026-06-06 01:06:58,340 WARN  L103        SettingsManager]:   * de.uni_freiburg.informatik.ultimate.plugins.output.jungvisualization.SVG Export directory:
[2026-06-06 01:06:58,340 WARN  L103        SettingsManager]:   * de.uni_freiburg.informatik.ultimate.plugins.output.jungvisualization.Default graph layout:
[2026-06-06 01:06:58,340 WARN  L103        SettingsManager]:   * de.uni_freiburg.informatik.ultimate.boogie.procedureinliner.to and inside polymorphic procedures
[2026-06-06 01:06:58,340 WARN  L103        SettingsManager]:   * de.uni_freiburg.informatik.ultimate.boogie.procedureinliner.to procedures with 'free requires' specifications
[2026-06-06 01:06:58,341 WARN  L103        SettingsManager]:   * de.uni_freiburg.informatik.ultimate.boogie.procedureinliner.calls to unimplemented procedures
[2026-06-06 01:06:58,341 WARN  L103        SettingsManager]:   * de.uni_freiburg.informatik.ultimate.boogie.procedureinliner.to recursive procedures
[2026-06-06 01:06:58,341 WARN  L103        SettingsManager]:   * de.uni_freiburg.informatik.ultimate.boogie.procedureinliner.with 'forall' modifier
[2026-06-06 01:06:58,341 WARN  L103        SettingsManager]:   * de.uni_freiburg.informatik.ultimate.boogie.procedureinliner.calls to implemented procedures
[2026-06-06 01:06:58,341 WARN  L103        SettingsManager]:   * de.uni_freiburg.informatik.ultimate.boogie.procedureinliner.to procedures, called more than once
[2026-06-06 01:06:58,341 WARN  L103        SettingsManager]:   * de.uni_freiburg.informatik.ultimate.plugins.generator.traceabstraction.Non-flow-sensitive error trace relevance analysis
[2026-06-06 01:06:58,341 WARN  L103        SettingsManager]:   * de.uni_freiburg.informatik.ultimate.plugins.generator.traceabstraction.use unfolding as abstraction
[2026-06-06 01:06:58,341 WARN  L103        SettingsManager]:   * de.uni_freiburg.informatik.ultimate.plugins.generator.traceabstraction.Iterations until the model checker surrenders
[2026-06-06 01:06:58,341 WARN  L103        SettingsManager]:   * de.uni_freiburg.informatik.ultimate.plugins.generator.traceabstraction.Enable interactive Verification?
[2026-06-06 01:06:58,341 WARN  L103        SettingsManager]:   * de.uni_freiburg.informatik.ultimate.plugins.generator.traceabstraction.Flow-sensitive error trace relevance analysis
[2026-06-06 01:06:58,341 WARN  L103        SettingsManager]:   * de.uni_freiburg.informatik.ultimate.gui.LASTTOOLCHAINPATH
[2026-06-06 01:06:58,341 WARN  L103        SettingsManager]:   * de.uni_freiburg.informatik.ultimate.gui.LASTPATH
[2026-06-06 01:06:58,359 INFO  L130        SettingsManager]: Preferences different from defaults after loading the file:
[2026-06-06 01:06:58,359 INFO  L151        SettingsManager]: Preferences of UltimateCore differ from their defaults:
[2026-06-06 01:06:58,359 INFO  L153        SettingsManager]:  * Directory (default: instance location)=/home/iari/src/ultimate/trunk/runtime-Debug-E4.product/
[2026-06-06 01:06:58,359 INFO  L151        SettingsManager]: Preferences of Abstract Interpretation differ from their defaults:
[2026-06-06 01:06:58,359 INFO  L153        SettingsManager]:  * Log string format=HALF_MATRIX
[2026-06-06 01:06:58,359 INFO  L151        SettingsManager]: Preferences of BuchiAutomizer differ from their defaults:
[2026-06-06 01:06:58,359 INFO  L153        SettingsManager]:  * Buchi interpolant automaton=Staged
[2026-06-06 01:06:58,360 INFO  L153        SettingsManager]:  * Buchi complementation construction=Ncsb
[2026-06-06 01:06:58,360 INFO  L151        SettingsManager]: Preferences of CACSL2BoogieTranslator differ from their defaults:
[2026-06-06 01:06:58,360 INFO  L153        SettingsManager]:  * Report unsoundness warnings=false
[2026-06-06 01:06:58,360 INFO  L151        SettingsManager]: Preferences of RCFGBuilder differ from their defaults:
[2026-06-06 01:06:58,360 INFO  L153        SettingsManager]:  * Logic for external solver=AUFNIRA
[2026-06-06 01:06:58,360 INFO  L153        SettingsManager]:  * Convert code blocks to CNF=true
[2026-06-06 01:06:58,360 INFO  L151        SettingsManager]: Preferences of TraceAbstraction differ from their defaults:
[2026-06-06 01:06:58,360 INFO  L153        SettingsManager]:  * cut-off requires same transition=true
[2026-06-06 01:06:58,360 INFO  L153        SettingsManager]:  * Trace refinement strategy=CAMEL
Applying setting for plugin de.uni_freiburg.informatik.ultimate.plugins.generator.traceabstraction: Use CEGAR loop for Parallel Trace Abstraction -> true
Applying setting for plugin de.uni_freiburg.informatik.ultimate.plugins.generator.traceabstraction: Threadlimit for Parallel CEGAR -> 4
Applying setting for plugin de.uni_freiburg.informatik.ultimate.plugins.generator.traceabstraction: Parallel trace search selection mode -> PAPER
Applying setting for plugin de.uni_freiburg.informatik.ultimate.plugins.generator.traceabstraction: Track stale prefixes in parallel search -> true
Applying setting for plugin de.uni_freiburg.informatik.ultimate.plugins.generator.traceabstraction: Use initial BFS in PAPER/LCPS parallel search -> true
Applying setting for plugin de.uni_freiburg.informatik.ultimate.plugins.generator.traceabstraction: Batch LCPS candidate multiplier -> 4
Applying setting for plugin de.uni_freiburg.informatik.ultimate.plugins.generator.traceabstraction: Batch LCPS candidate cap -> 32
[2026-06-06 01:06:58,464 INFO  L75    nceAwareModelManager]: Repository-Root is: /tmp
[2026-06-06 01:06:58,469 INFO  L261   ainManager$Toolchain]: [Toolchain 1]: Applicable parser(s) successfully (re)initialized
[2026-06-06 01:06:58,470 INFO  L217   ainManager$Toolchain]: [Toolchain 1]: Toolchain selected.
[2026-06-06 01:06:58,470 INFO  L270        PluginConnector]: Initializing Boogie PL CUP Parser...
[2026-06-06 01:06:58,471 INFO  L274        PluginConnector]: Boogie PL CUP Parser initialized
[2026-06-06 01:06:58,471 INFO  L431   ainManager$Toolchain]: [Toolchain 1]: Parsing single file: /home/hschi1106/ultimate/trunk/examples/programs/20170304-DifficultPathPrograms/resultKnown/jain_4.i_2.bpl
[2026-06-06 01:06:58,471 INFO  L110           BoogieParser]: Parsing: '/home/hschi1106/ultimate/trunk/examples/programs/20170304-DifficultPathPrograms/resultKnown/jain_4.i_2.bpl'
[2026-06-06 01:06:58,478 INFO  L299   ainManager$Toolchain]: ####################### [Toolchain 1] #######################
[2026-06-06 01:06:58,478 INFO  L133        ToolchainWalker]: Walking toolchain with 3 elements.
[2026-06-06 01:06:58,479 INFO  L112        PluginConnector]: ------------------------Boogie Preprocessor----------------------------
[2026-06-06 01:06:58,479 INFO  L270        PluginConnector]: Initializing Boogie Preprocessor...
[2026-06-06 01:06:58,479 INFO  L274        PluginConnector]: Boogie Preprocessor initialized
[2026-06-06 01:06:58,484 INFO  L184        PluginConnector]: Executing the observer EnsureBoogieModelObserver from plugin Boogie Preprocessor for "jain_4.i_2.bpl de.uni_freiburg.informatik.ultimate.boogie.parser AST 06.06 01:06:58" (1/1) ...
[2026-06-06 01:06:58,484 INFO  L184        PluginConnector]: Executing the observer TypeChecker from plugin Boogie Preprocessor for "jain_4.i_2.bpl de.uni_freiburg.informatik.ultimate.boogie.parser AST 06.06 01:06:58" (1/1) ...
[2026-06-06 01:06:58,494 INFO  L184        PluginConnector]: Executing the observer ConstExpander from plugin Boogie Preprocessor for "jain_4.i_2.bpl de.uni_freiburg.informatik.ultimate.boogie.parser AST 06.06 01:06:58" (1/1) ...
[2026-06-06 01:06:58,494 INFO  L184        PluginConnector]: Executing the observer StructExpander from plugin Boogie Preprocessor for "jain_4.i_2.bpl de.uni_freiburg.informatik.ultimate.boogie.parser AST 06.06 01:06:58" (1/1) ...
[2026-06-06 01:06:58,495 INFO  L184        PluginConnector]: Executing the observer ReplaceArrayAssignments from plugin Boogie Preprocessor for "jain_4.i_2.bpl de.uni_freiburg.informatik.ultimate.boogie.parser AST 06.06 01:06:58" (1/1) ...
[2026-06-06 01:06:58,495 INFO  L184        PluginConnector]: Executing the observer UnstructureCode from plugin Boogie Preprocessor for "jain_4.i_2.bpl de.uni_freiburg.informatik.ultimate.boogie.parser AST 06.06 01:06:58" (1/1) ...
[2026-06-06 01:06:58,495 INFO  L184        PluginConnector]: Executing the observer FunctionInliner from plugin Boogie Preprocessor for "jain_4.i_2.bpl de.uni_freiburg.informatik.ultimate.boogie.parser AST 06.06 01:06:58" (1/1) ...
[2026-06-06 01:06:58,496 INFO  L184        PluginConnector]: Executing the observer LTLStepAnnotator from plugin Boogie Preprocessor for "jain_4.i_2.bpl de.uni_freiburg.informatik.ultimate.boogie.parser AST 06.06 01:06:58" (1/1) ...
[2026-06-06 01:06:58,496 INFO  L184        PluginConnector]: Executing the observer BoogieSymbolTableConstructor from plugin Boogie Preprocessor for "jain_4.i_2.bpl de.uni_freiburg.informatik.ultimate.boogie.parser AST 06.06 01:06:58" (1/1) ...
[2026-06-06 01:06:58,497 INFO  L131        PluginConnector]: ------------------------ END Boogie Preprocessor----------------------------
[2026-06-06 01:06:58,498 INFO  L112        PluginConnector]: ------------------------RCFGBuilder----------------------------
[2026-06-06 01:06:58,498 INFO  L270        PluginConnector]: Initializing RCFGBuilder...
[2026-06-06 01:06:58,498 INFO  L274        PluginConnector]: RCFGBuilder initialized
[2026-06-06 01:06:58,498 INFO  L184        PluginConnector]: Executing the observer RCFGBuilderObserver from plugin RCFGBuilder for "jain_4.i_2.bpl de.uni_freiburg.informatik.ultimate.boogie.parser AST 06.06 01:06:58" (1/1) ...
[2026-06-06 01:06:58,500 INFO  L173          SolverBuilder]: Constructing external solver with command: z3 SMTLIB2_COMPLIANT=true -memory:1024 -smt2 -in -t:12000
[2026-06-06 01:06:58,506 INFO  L189       MonitoredProcess]: No working directory specified, using /usr/bin/z3
[2026-06-06 01:06:58,510 INFO  L229       MonitoredProcess]: Starting monitored process 1 with /usr/bin/z3 SMTLIB2_COMPLIANT=true -memory:1024 -smt2 -in -t:12000 (exit command is (exit), workingDir is null)
[2026-06-06 01:06:58,511 INFO  L327       MonitoredProcess]: [MP /usr/bin/z3 SMTLIB2_COMPLIANT=true -memory:1024 -smt2 -in -t:12000 (1)] Waiting until timeout for monitored process
[2026-06-06 01:06:58,519 INFO  L138     BoogieDeclarations]: Found implementation of procedure ULTIMATE.start
[2026-06-06 01:06:58,519 INFO  L130     BoogieDeclarations]: Found specification of procedure ULTIMATE.start
[2026-06-06 01:06:58,536 INFO  L234             CfgBuilder]: Building ICFG
[2026-06-06 01:06:58,536 INFO  L260             CfgBuilder]: Building CFG for each procedure with an implementation
[2026-06-06 01:06:58,558 INFO  L?                        ?]: Removed 3 outVars from TransFormulas that were not future-live.
[2026-06-06 01:06:58,558 INFO  L283             CfgBuilder]: Performing block encoding
[2026-06-06 01:06:58,561 INFO  L89      LargeBlockEncoding]: Applying CFG Large Block Encoding to ICFG that has 1 procedures, 7 locations, 7 edges, 0 initial locations, 0 loop locations, and 1 error locations.
[2026-06-06 01:06:58,563 INFO  L139     LargeBlockEncoding]: LargeBlockEncoding completed in 4 ms, with 1 straightline sequential compositions, 0 parallel compositions, 0 1:n/n:1 sequential compositions and 0 complex sequential compositions.
[2026-06-06 01:06:58,564 INFO  L307             CfgBuilder]: Using the 1 location(s) as analysis (start of procedure ULTIMATE.start)
[2026-06-06 01:06:58,564 INFO  L312             CfgBuilder]: Removed 1 assume(true) statements.
[2026-06-06 01:06:58,564 INFO  L314             CfgBuilder]: Constructed ICFG has 1 procedures, 6 locations, 6 edges, 1 initial locations, 0 loop locations, and 1 error locations.
[2026-06-06 01:06:58,564 INFO  L201        PluginConnector]: Adding new model jain_4.i_2.bpl de.uni_freiburg.informatik.ultimate.plugins.generator.rcfgbuilder CFG 06.06 01:06:58 BoogieIcfgContainer
[2026-06-06 01:06:58,564 INFO  L131        PluginConnector]: ------------------------ END RCFGBuilder----------------------------
[2026-06-06 01:06:58,565 INFO  L112        PluginConnector]: ------------------------TraceAbstraction----------------------------
[2026-06-06 01:06:58,565 INFO  L270        PluginConnector]: Initializing TraceAbstraction...
[2026-06-06 01:06:58,567 INFO  L274        PluginConnector]: TraceAbstraction initialized
[2026-06-06 01:06:58,567 INFO  L184        PluginConnector]: Executing the observer TraceAbstractionObserver from plugin TraceAbstraction for "jain_4.i_2.bpl de.uni_freiburg.informatik.ultimate.boogie.parser AST 06.06 01:06:58" (1/2) ...
[2026-06-06 01:06:58,567 INFO  L204        PluginConnector]: Invalid model from TraceAbstraction for observer de.uni_freiburg.informatik.ultimate.plugins.generator.traceabstraction.TraceAbstractionObserver@405e1931 and model type jain_4.i_2.bpl de.uni_freiburg.informatik.ultimate.plugins.generator.traceabstraction AST 06.06 01:06:58, skipping insertion in model container
[2026-06-06 01:06:58,567 INFO  L184        PluginConnector]: Executing the observer TraceAbstractionObserver from plugin TraceAbstraction for "jain_4.i_2.bpl de.uni_freiburg.informatik.ultimate.plugins.generator.rcfgbuilder CFG 06.06 01:06:58" (2/2) ...
[2026-06-06 01:06:58,567 INFO  L128   eAbstractionObserver]: Analyzing ICFG jain_4.i_2.bpl
[2026-06-06 01:06:58,573 INFO  L217   ceAbstractionStarter]: Automizer settings: Hoare:None NWA Interpolation:ForwardPredicates Determinization: PREDICATE_ABSTRACTION
[2026-06-06 01:06:58,573 INFO  L151   ceAbstractionStarter]: Applying trace abstraction to ICFG jain_4.i_2.bpl that has 1 procedures, 6 locations, 6 edges, 1 initial locations, 0 loop locations, and 1 error locations.
[2026-06-06 01:06:58,589 INFO  L344      AbstractCegarLoop]: ======== Iteration 0 == of CEGAR loop == AllErrorsAtOnce ========
[2026-06-06 01:06:58,593 INFO  L345      AbstractCegarLoop]: Settings: SEPARATE_VIOLATION_CHECK=true, mInterprocedural=true, mMaxIterations=1000000, mWatchIteration=1000000, mArtifact=RCFG, mInterpolation=ForwardPredicates, mInterpolantAutomaton=STRAIGHT_LINE, mDumpAutomata=false, mAutomataFormat=ATS_NUMERATE, mDumpPath=., mDeterminiation=PREDICATE_ABSTRACTION, mMinimize=MINIMIZE_SEVPA, mAutomataTypeConcurrency=FINITE_AUTOMATA, mHoareTripleChecks=INCREMENTAL, mHoareAnnotationPositions=None, mDumpOnlyReuseAutomata=false, mLimitTraceHistogram=0, mErrorLocTimeLimit=0, mLimitPathProgramCount=0, mCollectInterpolantStatistics=true, mHeuristicEmptinessCheck=false, mHeuristicEmptinessCheckAStarHeuristic=ZERO, mHeuristicEmptinessCheckAStarHeuristicRandomSeed=1337, mHeuristicEmptinessCheckSmtFeatureScoringMethod=DAGSIZE, mSMTFeatureExtraction=false, mSMTFeatureExtractionDumpPath=., mOverrideInterpolantAutomaton=false, mMcrInterpolantMethod=WP, mPorIndependenceSettings=[Lde.uni_freiburg.informatik.ultimate.lib.tracecheckerutils.partialorder.independence.IndependenceSettings;@368bcf87, mLbeIndependenceSettings=[IndependenceType=SEMANTIC, AbstractionType=NONE, UseConditional=false, UseSemiCommutativity=true, Solver=Z3, SolverTimeout=1000ms], mThreadLimit=4, mParallelCegarLoop=true, mConsiderOnlyActiveCounterexamplesInIsEmptyParallel=true, mMinimizeAbstractionPerWorker=true, mSearchLoopBound=-1, mParallelTraceSearchSelectionMode=PAPER, mParallelTraceSearchUseInitialBfs=true, mParallelTraceSearchTrackStalePrefixes=true, mBatchLcpsCandidateMultiplier=4, mBatchLcpsCandidateCap=32
[2026-06-06 01:06:58,593 INFO  L346      AbstractCegarLoop]: Starting to check reachability of 1 error locations.
[2026-06-06 01:06:58,594 INFO  L290                IsEmpty]: Start isEmpty. Operand  has 6 states, 4 states have (on average 1.5) internal successors, (6), 5 states have internal predecessors, (6), 0 states have call successors, (0), 0 states have call predecessors, (0), 0 states have return successors, (0), 0 states have call predecessors, (0), 0 states have call successors, (0)
[2026-06-06 01:06:58,595 INFO  L300                IsEmpty]: Finished isEmpty. Found accepting run of length 5
[2026-06-06 01:06:58,596 INFO  L199           NwaCegarLoop]: Found error trace
[2026-06-06 01:06:58,596 INFO  L207           NwaCegarLoop]: trace histogram [1, 1, 1, 1]
[2026-06-06 01:06:58,596 INFO  L173          SolverBuilder]: Constructing external solver with command: z3 SMTLIB2_COMPLIANT=true -memory:1024 -smt2 -in -t:12000
[2026-06-06 01:06:58,598 INFO  L189       MonitoredProcess]: No working directory specified, using /usr/bin/z3
[2026-06-06 01:06:58,600 INFO  L229       MonitoredProcess]: Starting monitored process 2 with /usr/bin/z3 SMTLIB2_COMPLIANT=true -memory:1024 -smt2 -in -t:12000 (exit command is (exit), workingDir is null)
[2026-06-06 01:06:58,601 INFO  L327       MonitoredProcess]: [MP /usr/bin/z3 SMTLIB2_COMPLIANT=true -memory:1024 -smt2 -in -t:12000 (2)] Waiting until timeout for monitored process
[2026-06-06 01:06:58,612 WARN  L330   ript$VariableManager]: TermVariable |v_ULTIMATE.start___VERIFIER_assert_#in~cond_2| not constructed by VariableManager. Cannot ensure absence of name clashes.
[2026-06-06 01:06:58,614 INFO  L173          SolverBuilder]: Constructing external solver with command: z3 SMTLIB2_COMPLIANT=true -memory:1024 -smt2 -in -t:12000
[2026-06-06 01:06:58,614 INFO  L196   CegarNwaWorkerThread]: WorkerThread: Thread[#80,pool-1-thread-1,5,main] is Waiting for a Task
[2026-06-06 01:06:58,616 INFO  L189       MonitoredProcess]: No working directory specified, using /usr/bin/z3
[2026-06-06 01:06:58,617 INFO  L229       MonitoredProcess]: Starting monitored process 3 with /usr/bin/z3 SMTLIB2_COMPLIANT=true -memory:1024 -smt2 -in -t:12000 (exit command is (exit), workingDir is null)
[2026-06-06 01:06:58,618 INFO  L327       MonitoredProcess]: [MP /usr/bin/z3 SMTLIB2_COMPLIANT=true -memory:1024 -smt2 -in -t:12000 (3)] Waiting until timeout for monitored process
[2026-06-06 01:06:58,626 WARN  L330   ript$VariableManager]: TermVariable |v_ULTIMATE.start___VERIFIER_assert_#in~cond_2| not constructed by VariableManager. Cannot ensure absence of name clashes.
[2026-06-06 01:06:58,627 INFO  L173          SolverBuilder]: Constructing external solver with command: z3 SMTLIB2_COMPLIANT=true -memory:1024 -smt2 -in -t:12000
[2026-06-06 01:06:58,627 INFO  L196   CegarNwaWorkerThread]: WorkerThread: Thread[#86,pool-1-thread-2,5,main] is Waiting for a Task
[2026-06-06 01:06:58,629 INFO  L189       MonitoredProcess]: No working directory specified, using /usr/bin/z3
[2026-06-06 01:06:58,630 INFO  L229       MonitoredProcess]: Starting monitored process 4 with /usr/bin/z3 SMTLIB2_COMPLIANT=true -memory:1024 -smt2 -in -t:12000 (exit command is (exit), workingDir is null)
[2026-06-06 01:06:58,631 INFO  L327       MonitoredProcess]: [MP /usr/bin/z3 SMTLIB2_COMPLIANT=true -memory:1024 -smt2 -in -t:12000 (4)] Waiting until timeout for monitored process
[2026-06-06 01:06:58,638 WARN  L330   ript$VariableManager]: TermVariable |v_ULTIMATE.start___VERIFIER_assert_#in~cond_2| not constructed by VariableManager. Cannot ensure absence of name clashes.
[2026-06-06 01:06:58,640 INFO  L173          SolverBuilder]: Constructing external solver with command: z3 SMTLIB2_COMPLIANT=true -memory:1024 -smt2 -in -t:12000
[2026-06-06 01:06:58,640 INFO  L196   CegarNwaWorkerThread]: WorkerThread: Thread[#92,pool-1-thread-3,5,main] is Waiting for a Task
[2026-06-06 01:06:58,642 INFO  L189       MonitoredProcess]: No working directory specified, using /usr/bin/z3
[2026-06-06 01:06:58,643 INFO  L229       MonitoredProcess]: Starting monitored process 5 with /usr/bin/z3 SMTLIB2_COMPLIANT=true -memory:1024 -smt2 -in -t:12000 (exit command is (exit), workingDir is null)
[2026-06-06 01:06:58,643 INFO  L327       MonitoredProcess]: [MP /usr/bin/z3 SMTLIB2_COMPLIANT=true -memory:1024 -smt2 -in -t:12000 (5)] Waiting until timeout for monitored process
[2026-06-06 01:06:58,651 WARN  L330   ript$VariableManager]: TermVariable |v_ULTIMATE.start___VERIFIER_assert_#in~cond_2| not constructed by VariableManager. Cannot ensure absence of name clashes.
[2026-06-06 01:06:58,652 INFO  L196   CegarNwaWorkerThread]: WorkerThread: Thread[#98,pool-1-thread-4,5,main] is Waiting for a Task
[2026-06-06 01:06:58,652 INFO  L86        PathProgramCache]: Analyzing trace with hash 925701, now seen corresponding path program 1 times
[2026-06-06 01:06:58,652 INFO  L484   ParallelNwaCegarLoop]: Main: Starting Thread
[2026-06-06 01:06:58,653 INFO  L266   ParallelNwaCegarLoop]: === Iteration 1 ===
[2026-06-06 01:06:58,653 INFO  L319   ParallelNwaCegarLoop]: No more worker results to process
[2026-06-06 01:06:58,653 INFO  L290                IsEmpty]: Start isEmpty. Operand  has 6 states, 4 states have (on average 1.5) internal successors, (6), 5 states have internal predecessors, (6), 0 states have call successors, (0), 0 states have call predecessors, (0), 0 states have return successors, (0), 0 states have call predecessors, (0), 0 states have call successors, (0)
[2026-06-06 01:06:58,653 INFO  L300                IsEmpty]: Finished isEmpty. Found accepting run of length 5
[2026-06-06 01:06:58,653 WARN  L753                IsEmpty]: Correctness of emptinessCheck not tested.
[2026-06-06 01:06:58,653 INFO  L209   CegarNwaWorkerThread]: Starting Thread: 80# for Trace Check: 925701
[2026-06-06 01:06:58,654 INFO  L79                 Accepts]: Start accepts. Automaton has  has 6 states, 4 states have (on average 1.5) internal successors, (6), 5 states have internal predecessors, (6), 0 states have call successors, (0), 0 states have call predecessors, (0), 0 states have return successors, (0), 0 states have call predecessors, (0), 0 states have call successors, (0) Word has length 4
[2026-06-06 01:06:58,655 INFO  L85                 Accepts]: Finished accepts. word is accepted.
[2026-06-06 01:06:58,655 INFO  L757                IsEmpty]: Finished testing correctness of emptinessCheck
[2026-06-06 01:06:58,655 INFO  L884   ParallelNwaCegarLoop]: BFS found an active duplicate counterexample.
[2026-06-06 01:06:58,656 INFO  L156       PredicateUnifier]: Initialized classic predicate unifier
[2026-06-06 01:06:58,656 INFO  L86        PathProgramCache]: Analyzing trace with hash 925701, now seen corresponding path program 1 times
[2026-06-06 01:06:58,656 INFO  L290                IsEmpty]: Start isEmptyParallel. Operand  has 6 states, 4 states have (on average 1.5) internal successors, (6), 5 states have internal predecessors, (6), 0 states have call successors, (0), 0 states have call predecessors, (0), 0 states have return successors, (0), 0 states have call predecessors, (0), 0 states have call successors, (0)
[2026-06-06 01:06:58,656 INFO  L300                IsEmpty]: Finished isEmptyParallel. No accepting run.
[2026-06-06 01:06:58,656 INFO  L156        IsEmptyParallel]: Start isEmptyParallel. Operand  has 6 states, 4 states have (on average 1.5) internal successors, (6), 5 states have internal predecessors, (6), 0 states have call successors, (0), 0 states have call predecessors, (0), 0 states have return successors, (0), 0 states have call predecessors, (0), 0 states have call successors, (0)
[2026-06-06 01:06:58,658 INFO  L182       IsEmptyHeuristic]: Start isEmptyHeuristic. Operand  has 6 states, 4 states have (on average 1.5) internal successors, (6), 5 states have internal predecessors, (6), 0 states have call successors, (0), 0 states have call predecessors, (0), 0 states have return successors, (0), 0 states have call predecessors, (0), 0 states have call successors, (0)
[2026-06-06 01:06:58,659 INFO  L118   FreeRefinementEngine]: Executing refinement strategy CAMEL
[2026-06-06 01:06:58,659 INFO  L324   FreeRefinementEngine]: Using trace check IpTcStrategyModuleSmtInterpolCraig [1590206620]
[2026-06-06 01:06:58,659 INFO  L97    rtionOrderModulation]: Keeping assertion order NOT_INCREMENTALLY
[2026-06-06 01:06:58,659 INFO  L127          SolverBuilder]: Constructing new instance of SMTInterpol with explicit timeout -1 ms and remaining time -1 ms
[2026-06-06 01:06:58,659 INFO  L188       IsEmptyHeuristic]: Finished isEmptyHeuristic. Found accepting run of length 7
[2026-06-06 01:06:58,659 INFO  L163        IsEmptyParallel]: Finished isEmptyParallel. Found accepting run of length 7
[2026-06-06 01:06:58,659 WARN  L753                IsEmpty]: Correctness of emptinessCheck not tested.
[2026-06-06 01:06:58,659 INFO  L79                 Accepts]: Start accepts. Automaton has  has 6 states, 4 states have (on average 1.5) internal successors, (6), 5 states have internal predecessors, (6), 0 states have call successors, (0), 0 states have call predecessors, (0), 0 states have return successors, (0), 0 states have call predecessors, (0), 0 states have call successors, (0) Word has length 6
[2026-06-06 01:06:58,659 INFO  L85                 Accepts]: Finished accepts. word is accepted.
[2026-06-06 01:06:58,659 INFO  L757                IsEmpty]: Finished testing correctness of emptinessCheck
[2026-06-06 01:06:58,660 INFO  L880   ParallelNwaCegarLoop]: Found new Counterexample via IsEmptyParallel PAPER!
[2026-06-06 01:06:58,660 INFO  L86        PathProgramCache]: Analyzing trace with hash 889531649, now seen corresponding path program 1 times
[2026-06-06 01:06:58,660 INFO  L484   ParallelNwaCegarLoop]: Main: Starting Thread
[2026-06-06 01:06:58,660 INFO  L209   CegarNwaWorkerThread]: Starting Thread: 86# for Trace Check: 889531649
[2026-06-06 01:06:58,660 INFO  L290                IsEmpty]: Start isEmptyParallel. Operand  has 6 states, 4 states have (on average 1.5) internal successors, (6), 5 states have internal predecessors, (6), 0 states have call successors, (0), 0 states have call predecessors, (0), 0 states have return successors, (0), 0 states have call predecessors, (0), 0 states have call successors, (0)
[2026-06-06 01:06:58,660 INFO  L300                IsEmpty]: Finished isEmptyParallel. No accepting run.
[2026-06-06 01:06:58,660 INFO  L156        IsEmptyParallel]: Start isEmptyParallel. Operand  has 6 states, 4 states have (on average 1.5) internal successors, (6), 5 states have internal predecessors, (6), 0 states have call successors, (0), 0 states have call predecessors, (0), 0 states have return successors, (0), 0 states have call predecessors, (0), 0 states have call successors, (0)
[2026-06-06 01:06:58,660 INFO  L156       PredicateUnifier]: Initialized classic predicate unifier
[2026-06-06 01:06:58,660 INFO  L86        PathProgramCache]: Analyzing trace with hash 889531649, now seen corresponding path program 1 times
[2026-06-06 01:06:58,660 INFO  L182       IsEmptyHeuristic]: Start isEmptyHeuristic. Operand  has 6 states, 4 states have (on average 1.5) internal successors, (6), 5 states have internal predecessors, (6), 0 states have call successors, (0), 0 states have call predecessors, (0), 0 states have return successors, (0), 0 states have call predecessors, (0), 0 states have call successors, (0)
[2026-06-06 01:06:58,660 INFO  L118   FreeRefinementEngine]: Executing refinement strategy CAMEL
[2026-06-06 01:06:58,660 INFO  L324   FreeRefinementEngine]: Using trace check IpTcStrategyModuleSmtInterpolCraig [542700224]
[2026-06-06 01:06:58,660 INFO  L97    rtionOrderModulation]: Keeping assertion order NOT_INCREMENTALLY
[2026-06-06 01:06:58,660 INFO  L127          SolverBuilder]: Constructing new instance of SMTInterpol with explicit timeout -1 ms and remaining time -1 ms
[2026-06-06 01:06:58,660 INFO  L188       IsEmptyHeuristic]: Finished isEmptyHeuristic. Found accepting run of length 9
[2026-06-06 01:06:58,660 INFO  L163        IsEmptyParallel]: Finished isEmptyParallel. Found accepting run of length 9
[2026-06-06 01:06:58,660 WARN  L753                IsEmpty]: Correctness of emptinessCheck not tested.
[2026-06-06 01:06:58,660 INFO  L79                 Accepts]: Start accepts. Automaton has  has 6 states, 4 states have (on average 1.5) internal successors, (6), 5 states have internal predecessors, (6), 0 states have call successors, (0), 0 states have call predecessors, (0), 0 states have return successors, (0), 0 states have call predecessors, (0), 0 states have call successors, (0) Word has length 8
[2026-06-06 01:06:58,660 INFO  L85                 Accepts]: Finished accepts. word is accepted.
[2026-06-06 01:06:58,660 INFO  L757                IsEmpty]: Finished testing correctness of emptinessCheck
[2026-06-06 01:06:58,660 INFO  L880   ParallelNwaCegarLoop]: Found new Counterexample via IsEmptyParallel PAPER!
[2026-06-06 01:06:58,660 INFO  L86        PathProgramCache]: Analyzing trace with hash 141355773, now seen corresponding path program 2 times
[2026-06-06 01:06:58,660 INFO  L484   ParallelNwaCegarLoop]: Main: Starting Thread
[2026-06-06 01:06:58,660 INFO  L209   CegarNwaWorkerThread]: Starting Thread: 92# for Trace Check: 141355773
[2026-06-06 01:06:58,661 INFO  L290                IsEmpty]: Start isEmptyParallel. Operand  has 6 states, 4 states have (on average 1.5) internal successors, (6), 5 states have internal predecessors, (6), 0 states have call successors, (0), 0 states have call predecessors, (0), 0 states have return successors, (0), 0 states have call predecessors, (0), 0 states have call successors, (0)
[2026-06-06 01:06:58,661 INFO  L300                IsEmpty]: Finished isEmptyParallel. No accepting run.
[2026-06-06 01:06:58,661 INFO  L156        IsEmptyParallel]: Start isEmptyParallel. Operand  has 6 states, 4 states have (on average 1.5) internal successors, (6), 5 states have internal predecessors, (6), 0 states have call successors, (0), 0 states have call predecessors, (0), 0 states have return successors, (0), 0 states have call predecessors, (0), 0 states have call successors, (0)
[2026-06-06 01:06:58,661 INFO  L156       PredicateUnifier]: Initialized classic predicate unifier
[2026-06-06 01:06:58,661 INFO  L86        PathProgramCache]: Analyzing trace with hash 141355773, now seen corresponding path program 2 times
[2026-06-06 01:06:58,661 INFO  L182       IsEmptyHeuristic]: Start isEmptyHeuristic. Operand  has 6 states, 4 states have (on average 1.5) internal successors, (6), 5 states have internal predecessors, (6), 0 states have call successors, (0), 0 states have call predecessors, (0), 0 states have return successors, (0), 0 states have call predecessors, (0), 0 states have call successors, (0)
[2026-06-06 01:06:58,661 INFO  L118   FreeRefinementEngine]: Executing refinement strategy CAMEL
[2026-06-06 01:06:58,661 INFO  L324   FreeRefinementEngine]: Using trace check IpTcStrategyModuleSmtInterpolCraig [1567547616]
[2026-06-06 01:06:58,661 INFO  L188       IsEmptyHeuristic]: Finished isEmptyHeuristic. No accepting run.
[2026-06-06 01:06:58,661 INFO  L95    rtionOrderModulation]: Changing assertion order to OUTSIDE_LOOP_FIRST1
[2026-06-06 01:06:58,661 INFO  L127          SolverBuilder]: Constructing new instance of SMTInterpol with explicit timeout -1 ms and remaining time -1 ms
[2026-06-06 01:06:58,661 INFO  L182       IsEmptyHeuristic]: Start isEmptyHeuristic. Operand  has 6 states, 4 states have (on average 1.5) internal successors, (6), 5 states have internal predecessors, (6), 0 states have call successors, (0), 0 states have call predecessors, (0), 0 states have return successors, (0), 0 states have call predecessors, (0), 0 states have call successors, (0)
[2026-06-06 01:06:58,661 INFO  L188       IsEmptyHeuristic]: Finished isEmptyHeuristic. Found accepting run of length 11
[2026-06-06 01:06:58,661 INFO  L163        IsEmptyParallel]: Finished isEmptyParallel. Found accepting run of length 11
[2026-06-06 01:06:58,661 WARN  L753                IsEmpty]: Correctness of emptinessCheck not tested.
[2026-06-06 01:06:58,661 INFO  L79                 Accepts]: Start accepts. Automaton has  has 6 states, 4 states have (on average 1.5) internal successors, (6), 5 states have internal predecessors, (6), 0 states have call successors, (0), 0 states have call predecessors, (0), 0 states have return successors, (0), 0 states have call predecessors, (0), 0 states have call successors, (0) Word has length 10
[2026-06-06 01:06:58,661 INFO  L85                 Accepts]: Finished accepts. word is accepted.
[2026-06-06 01:06:58,661 INFO  L757                IsEmpty]: Finished testing correctness of emptinessCheck
[2026-06-06 01:06:58,661 INFO  L880   ParallelNwaCegarLoop]: Found new Counterexample via IsEmptyParallel PAPER!
[2026-06-06 01:06:58,661 INFO  L86        PathProgramCache]: Analyzing trace with hash -1596122631, now seen corresponding path program 3 times
[2026-06-06 01:06:58,661 INFO  L484   ParallelNwaCegarLoop]: Main: Starting Thread
[2026-06-06 01:06:58,661 INFO  L266   ParallelNwaCegarLoop]: === Iteration 2 ===
[2026-06-06 01:06:58,661 INFO  L501   ParallelNwaCegarLoop]: All threads busy, going to sleep.
[2026-06-06 01:06:58,661 INFO  L209   CegarNwaWorkerThread]: Starting Thread: 98# for Trace Check: -1596122631
[2026-06-06 01:06:58,662 INFO  L156       PredicateUnifier]: Initialized classic predicate unifier
[2026-06-06 01:06:58,662 INFO  L86        PathProgramCache]: Analyzing trace with hash -1596122631, now seen corresponding path program 3 times
[2026-06-06 01:06:58,662 INFO  L118   FreeRefinementEngine]: Executing refinement strategy CAMEL
[2026-06-06 01:06:58,662 INFO  L324   FreeRefinementEngine]: Using trace check IpTcStrategyModuleSmtInterpolCraig [603936604]
[2026-06-06 01:06:58,662 INFO  L95    rtionOrderModulation]: Changing assertion order to OUTSIDE_LOOP_FIRST2
[2026-06-06 01:06:58,662 INFO  L127          SolverBuilder]: Constructing new instance of SMTInterpol with explicit timeout -1 ms and remaining time -1 ms
[2026-06-06 01:06:58,691 INFO  L108    AnnotateAndAsserter]: Assert order OUTSIDE_LOOP_FIRST2 partitioned 10 statements into 4 equivalence classes.
[2026-06-06 01:06:58,691 INFO  L108    AnnotateAndAsserter]: Assert order NOT_INCREMENTALLY partitioned 4 statements into 1 equivalence classes.
[2026-06-06 01:06:58,691 INFO  L108    AnnotateAndAsserter]: Assert order NOT_INCREMENTALLY partitioned 6 statements into 1 equivalence classes.
[2026-06-06 01:06:58,691 INFO  L108    AnnotateAndAsserter]: Assert order OUTSIDE_LOOP_FIRST1 partitioned 8 statements into 2 equivalence classes.
[2026-06-06 01:06:58,703 INFO  L111    AnnotateAndAsserter]: Assert order NOT_INCREMENTALLY issued 1 check-sat command(s) and asserted 4 of 4 statements.
[2026-06-06 01:06:58,703 INFO  L114    AnnotateAndAsserter]: Assert order NOT_INCREMENTALLY issued 1 check-sat command(s)
[2026-06-06 01:06:58,703 INFO  L115    AnnotateAndAsserter]: Conjunction of SSA is unsat
[2026-06-06 01:06:58,707 INFO  L111    AnnotateAndAsserter]: Assert order NOT_INCREMENTALLY issued 1 check-sat command(s) and asserted 6 of 6 statements.
[2026-06-06 01:06:58,707 INFO  L114    AnnotateAndAsserter]: Assert order NOT_INCREMENTALLY issued 1 check-sat command(s)
[2026-06-06 01:06:58,707 INFO  L115    AnnotateAndAsserter]: Conjunction of SSA is unsat
[2026-06-06 01:06:58,712 INFO  L111    AnnotateAndAsserter]: Assert order OUTSIDE_LOOP_FIRST1 issued 2 check-sat command(s) and asserted 8 of 8 statements.
[2026-06-06 01:06:58,712 INFO  L114    AnnotateAndAsserter]: Assert order OUTSIDE_LOOP_FIRST1 issued 2 check-sat command(s)
[2026-06-06 01:06:58,712 INFO  L115    AnnotateAndAsserter]: Conjunction of SSA is unsat
[2026-06-06 01:06:58,721 INFO  L111    AnnotateAndAsserter]: Assert order OUTSIDE_LOOP_FIRST2 issued 4 check-sat command(s) and asserted 10 of 10 statements.
[2026-06-06 01:06:58,721 INFO  L114    AnnotateAndAsserter]: Assert order OUTSIDE_LOOP_FIRST2 issued 4 check-sat command(s)
[2026-06-06 01:06:58,721 INFO  L115    AnnotateAndAsserter]: Conjunction of SSA is unsat
[2026-06-06 01:06:58,775 INFO  L134       CoverageAnalysis]: Checked inductivity of 0 backedges. 0 proven. 0 refuted. 0 times theorem prover too weak. 0 trivial. 0 not checked.
[2026-06-06 01:06:58,775 INFO  L136   FreeRefinementEngine]: Strategy CAMEL found an infeasible trace
[2026-06-06 01:06:58,775 INFO  L324   FreeRefinementEngine]: Using interpolant generator IpTcStrategyModuleSmtInterpolCraig [1590206620]
[2026-06-06 01:06:58,776 INFO  L158   FreeRefinementEngine]: IpTcStrategyModuleSmtInterpolCraig [1590206620] provided 1 perfect and 0 imperfect interpolant sequences
[2026-06-06 01:06:58,776 INFO  L185   FreeRefinementEngine]: Found 1 perfect and 0 imperfect interpolant sequences.
[2026-06-06 01:06:58,776 INFO  L198   FreeRefinementEngine]: Number of different interpolants: perfect sequences [3] imperfect sequences [] total 3
[2026-06-06 01:06:58,776 INFO  L122   tionRefinementEngine]: Using interpolant automaton builder IpAbStrategyModuleStraightlineAll [576302698]
[2026-06-06 01:06:58,777 INFO  L85    oduleStraightlineAll]: Using 1 perfect interpolants to construct interpolant automaton
[2026-06-06 01:06:58,778 INFO  L100   FreeRefinementEngine]: Using predicate unifier PredicateUnifier provided by strategy CAMEL
[2026-06-06 01:06:58,788 INFO  L134       CoverageAnalysis]: Checked inductivity of 2 backedges. 0 proven. 2 refuted. 0 times theorem prover too weak. 0 trivial. 0 not checked.
[2026-06-06 01:06:58,788 INFO  L136   FreeRefinementEngine]: Strategy CAMEL found an infeasible trace
[2026-06-06 01:06:58,788 INFO  L324   FreeRefinementEngine]: Using interpolant generator IpTcStrategyModuleSmtInterpolCraig [542700224]
[2026-06-06 01:06:58,788 INFO  L158   FreeRefinementEngine]: IpTcStrategyModuleSmtInterpolCraig [542700224] provided 0 perfect and 1 imperfect interpolant sequences
[2026-06-06 01:06:58,788 INFO  L324   FreeRefinementEngine]: Using interpolant generator IpTcStrategyModuleZ3 [1428631779]
[2026-06-06 01:06:58,788 INFO  L97    rtionOrderModulation]: Keeping assertion order NOT_INCREMENTALLY
[2026-06-06 01:06:58,788 INFO  L173          SolverBuilder]: Constructing external solver with command: z3 -smt2 -in SMTLIB2_COMPLIANT=true
[2026-06-06 01:06:58,790 INFO  L189       MonitoredProcess]: No working directory specified, using /usr/bin/z3
[2026-06-06 01:06:58,790 INFO  L144   InterpolantAutomaton]: Constructing interpolant automaton starting with 4 interpolants.
[2026-06-06 01:06:58,790 INFO  L146   InterpolantAutomaton]: CoverageRelationStatistics Valid=5, Invalid=7, Unknown=0, NotChecked=0, Total=12
[2026-06-06 01:06:58,790 INFO  L419   CegarNwaWorkerThread]: Difference in Worker for Generalization
[2026-06-06 01:06:58,792 INFO  L229       MonitoredProcess]: Starting monitored process 6 with /usr/bin/z3 -smt2 -in SMTLIB2_COMPLIANT=true (exit command is (exit), workingDir is null)
[2026-06-06 01:06:58,792 INFO  L327       MonitoredProcess]: [MP /usr/bin/z3 -smt2 -in SMTLIB2_COMPLIANT=true (6)] Waiting until timeout for monitored process
[2026-06-06 01:06:58,792 INFO  L87              Difference]: Start difference. First operand  has 6 states, 4 states have (on average 1.5) internal successors, (6), 5 states have internal predecessors, (6), 0 states have call successors, (0), 0 states have call predecessors, (0), 0 states have return successors, (0), 0 states have call predecessors, (0), 0 states have call successors, (0) Second operand  has 4 states, 4 states have (on average 1.0) internal successors, (4), 3 states have internal predecessors, (4), 0 states have call successors, (0), 0 states have call predecessors, (0), 0 states have return successors, (0), 0 states have call predecessors, (0), 0 states have call successors, (0)
[2026-06-06 01:06:58,805 INFO  L134       CoverageAnalysis]: Checked inductivity of 6 backedges. 0 proven. 4 refuted. 0 times theorem prover too weak. 2 trivial. 0 not checked.
[2026-06-06 01:06:58,805 INFO  L136   FreeRefinementEngine]: Strategy CAMEL found an infeasible trace
[2026-06-06 01:06:58,805 INFO  L324   FreeRefinementEngine]: Using interpolant generator IpTcStrategyModuleSmtInterpolCraig [1567547616]
[2026-06-06 01:06:58,805 INFO  L158   FreeRefinementEngine]: IpTcStrategyModuleSmtInterpolCraig [1567547616] provided 0 perfect and 1 imperfect interpolant sequences
[2026-06-06 01:06:58,805 INFO  L324   FreeRefinementEngine]: Using interpolant generator IpTcStrategyModuleZ3 [2131231881]
[2026-06-06 01:06:58,805 INFO  L95    rtionOrderModulation]: Changing assertion order to OUTSIDE_LOOP_FIRST1
[2026-06-06 01:06:58,805 INFO  L173          SolverBuilder]: Constructing external solver with command: z3 -smt2 -in SMTLIB2_COMPLIANT=true
[2026-06-06 01:06:58,808 INFO  L189       MonitoredProcess]: No working directory specified, using /usr/bin/z3
[2026-06-06 01:06:58,808 INFO  L144             Difference]: Subtrahend was deterministic. Have not used determinization.
[2026-06-06 01:06:58,808 INFO  L93              Difference]: Finished difference Result 7 states and 7 transitions.
[2026-06-06 01:06:58,809 INFO  L140   InterpolantAutomaton]: Switched to read-only mode: deterministic interpolant automaton has 4 states. 
[2026-06-06 01:06:58,810 INFO  L229       MonitoredProcess]: Starting monitored process 7 with /usr/bin/z3 -smt2 -in SMTLIB2_COMPLIANT=true (exit command is (exit), workingDir is null)
[2026-06-06 01:06:58,810 INFO  L108    AnnotateAndAsserter]: Assert order NOT_INCREMENTALLY partitioned 6 statements into 1 equivalence classes.
[2026-06-06 01:06:58,810 INFO  L327       MonitoredProcess]: [MP /usr/bin/z3 -smt2 -in SMTLIB2_COMPLIANT=true (7)] Waiting until timeout for monitored process
[2026-06-06 01:06:58,812 INFO  L225             Difference]: With dead ends: 7
[2026-06-06 01:06:58,812 INFO  L226             Difference]: Without dead ends: 7
[2026-06-06 01:06:58,812 INFO  L487   CegarNwaWorkerThread]: 0 DeclaredPredicates, 3 GetRequests, 1 SyntacticMatches, 0 SemanticMatches, 2 ConstructedPredicates, 0 IntricatePredicates, 0 DeprecatedPredicates, 0 ImplicationChecksByTransitivity, 0.0s TimeCoverageRelationStatistics Valid=5, Invalid=7, Unknown=0, NotChecked=0, Total=12
[2026-06-06 01:06:58,814 INFO  L488   CegarNwaWorkerThread]: 3 mSDtfsCounter, 0 mSDsluCounter, 4 mSDsCounter, 0 mSdLazyCounter, 7 mSolverCounterSat, 0 mSolverCounterUnsat, 0 mSolverCounterUnknown, 0 mSolverCounterNotChecked, 0.0s Time, 0 mProtectedPredicate, 0 mProtectedAction, 0 SdHoareTripleChecker+Valid, 7 SdHoareTripleChecker+Invalid, 7 SdHoareTripleChecker+Unknown, 0 SdHoareTripleChecker+Unchecked, 0.0s SdHoareTripleChecker+Time, 0 IncrementalHoareTripleChecker+Valid, 7 IncrementalHoareTripleChecker+Invalid, 0 IncrementalHoareTripleChecker+Unknown, 0 IncrementalHoareTripleChecker+Unchecked, 0.0s IncrementalHoareTripleChecker+Time
[2026-06-06 01:06:58,814 INFO  L489   CegarNwaWorkerThread]: SdHoareTripleChecker [0 Valid, 7 Invalid, 7 Unknown, 0 Unchecked, 0.0s Time], IncrementalHoareTripleChecker [0 Valid, 7 Invalid, 0 Unknown, 0 Unchecked, 0.0s Time]
[2026-06-06 01:06:58,814 INFO  L111    AnnotateAndAsserter]: Assert order NOT_INCREMENTALLY issued 1 check-sat command(s) and asserted 6 of 6 statements.
[2026-06-06 01:06:58,814 INFO  L114    AnnotateAndAsserter]: Assert order NOT_INCREMENTALLY issued 1 check-sat command(s)
[2026-06-06 01:06:58,814 INFO  L115    AnnotateAndAsserter]: Conjunction of SSA is unsat
[2026-06-06 01:06:58,815 INFO  L224   CegarNwaWorkerThread]: Done with Thread: 80#
[2026-06-06 01:06:58,815 INFO  L196   CegarNwaWorkerThread]: WorkerThread: Thread[#80,Worker for 925701,5,main] is Waiting for a Task
[2026-06-06 01:06:58,815 INFO  L504   ParallelNwaCegarLoop]: Waking up, a worker is done.
[2026-06-06 01:06:58,815 INFO  L276   ParallelNwaCegarLoop]: Main: A Thread is Done
[2026-06-06 01:06:58,815 INFO  L294   ParallelNwaCegarLoop]: Worker Automaton Type: FLOYD_HOARE
[2026-06-06 01:06:58,815 INFO  L79                 Accepts]: Start accepts. Automaton has  has 6 states, 4 states have (on average 1.5) internal successors, (6), 5 states have internal predecessors, (6), 0 states have call successors, (0), 0 states have call predecessors, (0), 0 states have return successors, (0), 0 states have call predecessors, (0), 0 states have call successors, (0) Word has length 4
[2026-06-06 01:06:58,815 INFO  L85                 Accepts]: Finished accepts. word is accepted.
[2026-06-06 01:06:58,815 INFO  L296   ParallelNwaCegarLoop]: Refining Abstraction
[2026-06-06 01:06:58,815 INFO  L567   ParallelNwaCegarLoop]: Subtrahend traceHash: 925701
[2026-06-06 01:06:58,815 INFO  L534   ParallelNwaCegarLoop]: Difference in Main
[2026-06-06 01:06:58,815 INFO  L87              Difference]: Start difference. First operand  has 6 states, 4 states have (on average 1.5) internal successors, (6), 5 states have internal predecessors, (6), 0 states have call successors, (0), 0 states have call predecessors, (0), 0 states have return successors, (0), 0 states have call predecessors, (0), 0 states have call successors, (0) Second operand  has 4 states, 3 states have (on average 3.0) internal successors, (9), 4 states have internal predecessors, (9), 0 states have call successors, (0), 0 states have call predecessors, (0), 0 states have return successors, (0), 0 states have call predecessors, (0), 0 states have call successors, (0)
[2026-06-06 01:06:58,815 WARN  L254         TraceCheckSpWp]: Trace formula consists of 32 conjuncts, 21 conjuncts are in the unsatisfiable core
[2026-06-06 01:06:58,815 INFO  L144             Difference]: Subtrahend was deterministic. Have not used determinization.
[2026-06-06 01:06:58,815 INFO  L93              Difference]: Finished difference Result 7 states and 7 transitions.
[2026-06-06 01:06:58,816 INFO  L225             Difference]: With dead ends: 7
[2026-06-06 01:06:58,816 INFO  L226             Difference]: Without dead ends: 7
[2026-06-06 01:06:58,817 INFO  L279         TraceCheckSpWp]: Computing forward predicates...
[2026-06-06 01:06:58,824 INFO  L82        GeneralOperation]: Start minimizeSevpa. Operand 7 states.
[2026-06-06 01:06:58,825 INFO  L134       CoverageAnalysis]: Checked inductivity of 12 backedges. 0 proven. 6 refuted. 0 times theorem prover too weak. 6 trivial. 0 not checked.
[2026-06-06 01:06:58,825 INFO  L136   FreeRefinementEngine]: Strategy CAMEL found an infeasible trace
[2026-06-06 01:06:58,825 INFO  L324   FreeRefinementEngine]: Using interpolant generator IpTcStrategyModuleSmtInterpolCraig [603936604]
[2026-06-06 01:06:58,825 INFO  L158   FreeRefinementEngine]: IpTcStrategyModuleSmtInterpolCraig [603936604] provided 0 perfect and 1 imperfect interpolant sequences
[2026-06-06 01:06:58,825 INFO  L324   FreeRefinementEngine]: Using interpolant generator IpTcStrategyModuleZ3 [369020391]
[2026-06-06 01:06:58,825 INFO  L95    rtionOrderModulation]: Changing assertion order to OUTSIDE_LOOP_FIRST2
[2026-06-06 01:06:58,825 INFO  L173          SolverBuilder]: Constructing external solver with command: z3 -smt2 -in SMTLIB2_COMPLIANT=true
[2026-06-06 01:06:58,827 INFO  L108    AnnotateAndAsserter]: Assert order OUTSIDE_LOOP_FIRST1 partitioned 8 statements into 2 equivalence classes.
[2026-06-06 01:06:58,827 INFO  L189       MonitoredProcess]: No working directory specified, using /usr/bin/z3
[2026-06-06 01:06:58,829 INFO  L229       MonitoredProcess]: Starting monitored process 8 with /usr/bin/z3 -smt2 -in SMTLIB2_COMPLIANT=true (exit command is (exit), workingDir is null)
[2026-06-06 01:06:58,829 INFO  L327       MonitoredProcess]: [MP /usr/bin/z3 -smt2 -in SMTLIB2_COMPLIANT=true (8)] Waiting until timeout for monitored process
[2026-06-06 01:06:58,830 INFO  L88        GeneralOperation]: Finished minimizeSevpa. Reduced states from 7 to 7.
[2026-06-06 01:06:58,830 INFO  L82        GeneralOperation]: Start removeUnreachable. Operand  has 7 states, 6 states have (on average 1.1666666666666667) internal successors, (7), 6 states have internal predecessors, (7), 0 states have call successors, (0), 0 states have call predecessors, (0), 0 states have return successors, (0), 0 states have call predecessors, (0), 0 states have call successors, (0)
[2026-06-06 01:06:58,831 INFO  L88        GeneralOperation]: Finished removeUnreachable. Reduced from 7 states to 7 states and 7 transitions.
[2026-06-06 01:06:58,832 INFO  L545   ParallelNwaCegarLoop]: Main: Refinement done.
[2026-06-06 01:06:58,832 INFO  L464   ParallelNwaCegarLoop]: Checking if program is safe
[2026-06-06 01:06:58,832 INFO  L290                IsEmpty]: Start isEmpty. Operand 7 states and 7 transitions.
[2026-06-06 01:06:58,832 INFO  L300                IsEmpty]: Finished isEmpty. Found accepting run of length 7
[2026-06-06 01:06:58,832 INFO  L199           NwaCegarLoop]: Found error trace
[2026-06-06 01:06:58,832 INFO  L207           NwaCegarLoop]: trace histogram [2, 1, 1, 1, 1]
[2026-06-06 01:06:58,832 INFO  L319   ParallelNwaCegarLoop]: No more worker results to process
[2026-06-06 01:06:58,832 INFO  L290                IsEmpty]: Start isEmpty. Operand 7 states and 7 transitions.
[2026-06-06 01:06:58,832 INFO  L300                IsEmpty]: Finished isEmpty. Found accepting run of length 7
[2026-06-06 01:06:58,832 WARN  L753                IsEmpty]: Correctness of emptinessCheck not tested.
[2026-06-06 01:06:58,832 INFO  L79                 Accepts]: Start accepts. Automaton has 7 states and 7 transitions. Word has length 6
[2026-06-06 01:06:58,832 INFO  L85                 Accepts]: Finished accepts. word is accepted.
[2026-06-06 01:06:58,832 INFO  L757                IsEmpty]: Finished testing correctness of emptinessCheck
[2026-06-06 01:06:58,832 INFO  L884   ParallelNwaCegarLoop]: BFS found an active duplicate counterexample.
[2026-06-06 01:06:58,832 INFO  L290                IsEmpty]: Start isEmptyParallel. Operand 7 states and 7 transitions.
[2026-06-06 01:06:58,832 INFO  L300                IsEmpty]: Finished isEmptyParallel. No accepting run.
[2026-06-06 01:06:58,832 INFO  L156        IsEmptyParallel]: Start isEmptyParallel. Operand 7 states and 7 transitions.
[2026-06-06 01:06:58,833 INFO  L182       IsEmptyHeuristic]: Start isEmptyHeuristic. Operand 7 states and 7 transitions.
[2026-06-06 01:06:58,833 INFO  L188       IsEmptyHeuristic]: Finished isEmptyHeuristic. Found accepting run of length 13
[2026-06-06 01:06:58,833 INFO  L163        IsEmptyParallel]: Finished isEmptyParallel. Found accepting run of length 13
[2026-06-06 01:06:58,833 WARN  L753                IsEmpty]: Correctness of emptinessCheck not tested.
[2026-06-06 01:06:58,833 INFO  L79                 Accepts]: Start accepts. Automaton has 7 states and 7 transitions. Word has length 12
[2026-06-06 01:06:58,833 INFO  L85                 Accepts]: Finished accepts. word is accepted.
[2026-06-06 01:06:58,833 INFO  L757                IsEmpty]: Finished testing correctness of emptinessCheck
[2026-06-06 01:06:58,833 INFO  L880   ParallelNwaCegarLoop]: Found new Counterexample via IsEmptyParallel PAPER!
[2026-06-06 01:06:58,833 INFO  L86        PathProgramCache]: Analyzing trace with hash -570590731, now seen corresponding path program 4 times
[2026-06-06 01:06:58,833 INFO  L484   ParallelNwaCegarLoop]: Main: Starting Thread
[2026-06-06 01:06:58,833 INFO  L266   ParallelNwaCegarLoop]: === Iteration 3 ===
[2026-06-06 01:06:58,833 INFO  L501   ParallelNwaCegarLoop]: All threads busy, going to sleep.
[2026-06-06 01:06:58,833 INFO  L209   CegarNwaWorkerThread]: Starting Thread: 80# for Trace Check: -570590731
[2026-06-06 01:06:58,833 INFO  L156       PredicateUnifier]: Initialized classic predicate unifier
[2026-06-06 01:06:58,833 INFO  L86        PathProgramCache]: Analyzing trace with hash -570590731, now seen corresponding path program 4 times
[2026-06-06 01:06:58,834 INFO  L118   FreeRefinementEngine]: Executing refinement strategy CAMEL
[2026-06-06 01:06:58,834 INFO  L324   FreeRefinementEngine]: Using trace check IpTcStrategyModuleSmtInterpolCraig [1217247426]
[2026-06-06 01:06:58,834 INFO  L95    rtionOrderModulation]: Changing assertion order to TERMS_WITH_SMALL_CONSTANTS_FIRST
[2026-06-06 01:06:58,834 INFO  L127          SolverBuilder]: Constructing new instance of SMTInterpol with explicit timeout -1 ms and remaining time -1 ms
[2026-06-06 01:06:58,837 INFO  L108    AnnotateAndAsserter]: Assert order TERMS_WITH_SMALL_CONSTANTS_FIRST partitioned 12 statements into 2 equivalence classes.
[2026-06-06 01:06:58,844 INFO  L108    AnnotateAndAsserter]: Assert order OUTSIDE_LOOP_FIRST2 partitioned 10 statements into 4 equivalence classes.
[2026-06-06 01:06:58,847 INFO  L111    AnnotateAndAsserter]: Assert order OUTSIDE_LOOP_FIRST1 issued 2 check-sat command(s) and asserted 8 of 8 statements.
[2026-06-06 01:06:58,847 INFO  L114    AnnotateAndAsserter]: Assert order OUTSIDE_LOOP_FIRST1 issued 2 check-sat command(s)
[2026-06-06 01:06:58,847 INFO  L115    AnnotateAndAsserter]: Conjunction of SSA is unsat
[2026-06-06 01:06:58,848 WARN  L254         TraceCheckSpWp]: Trace formula consists of 43 conjuncts, 27 conjuncts are in the unsatisfiable core
[2026-06-06 01:06:58,849 INFO  L279         TraceCheckSpWp]: Computing forward predicates...
[2026-06-06 01:06:58,852 INFO  L111    AnnotateAndAsserter]: Assert order TERMS_WITH_SMALL_CONSTANTS_FIRST issued 2 check-sat command(s) and asserted 12 of 12 statements.
[2026-06-06 01:06:58,852 INFO  L114    AnnotateAndAsserter]: Assert order TERMS_WITH_SMALL_CONSTANTS_FIRST issued 2 check-sat command(s)
[2026-06-06 01:06:58,852 INFO  L115    AnnotateAndAsserter]: Conjunction of SSA is unsat
[2026-06-06 01:06:58,858 INFO  L111    AnnotateAndAsserter]: Assert order OUTSIDE_LOOP_FIRST2 issued 4 check-sat command(s) and asserted 10 of 10 statements.
[2026-06-06 01:06:58,858 INFO  L114    AnnotateAndAsserter]: Assert order OUTSIDE_LOOP_FIRST2 issued 4 check-sat command(s)
[2026-06-06 01:06:58,858 INFO  L115    AnnotateAndAsserter]: Conjunction of SSA is unsat
[2026-06-06 01:06:58,859 WARN  L254         TraceCheckSpWp]: Trace formula consists of 54 conjuncts, 33 conjuncts are in the unsatisfiable core
[2026-06-06 01:06:58,860 INFO  L279         TraceCheckSpWp]: Computing forward predicates...
[2026-06-06 01:06:58,923 INFO  L134       CoverageAnalysis]: Checked inductivity of 20 backedges. 0 proven. 8 refuted. 0 times theorem prover too weak. 12 trivial. 0 not checked.
[2026-06-06 01:06:58,924 INFO  L136   FreeRefinementEngine]: Strategy CAMEL found an infeasible trace
[2026-06-06 01:06:58,924 INFO  L324   FreeRefinementEngine]: Using interpolant generator IpTcStrategyModuleSmtInterpolCraig [1217247426]
[2026-06-06 01:06:58,924 INFO  L158   FreeRefinementEngine]: IpTcStrategyModuleSmtInterpolCraig [1217247426] provided 0 perfect and 1 imperfect interpolant sequences
[2026-06-06 01:06:58,924 INFO  L324   FreeRefinementEngine]: Using interpolant generator IpTcStrategyModuleZ3 [1283961395]
[2026-06-06 01:06:58,924 INFO  L95    rtionOrderModulation]: Changing assertion order to TERMS_WITH_SMALL_CONSTANTS_FIRST
[2026-06-06 01:06:58,924 INFO  L173          SolverBuilder]: Constructing external solver with command: z3 -smt2 -in SMTLIB2_COMPLIANT=true
[2026-06-06 01:06:58,925 INFO  L189       MonitoredProcess]: No working directory specified, using /usr/bin/z3
[2026-06-06 01:06:58,927 INFO  L229       MonitoredProcess]: Starting monitored process 9 with /usr/bin/z3 -smt2 -in SMTLIB2_COMPLIANT=true (exit command is (exit), workingDir is null)
[2026-06-06 01:06:58,928 INFO  L327       MonitoredProcess]: [MP /usr/bin/z3 -smt2 -in SMTLIB2_COMPLIANT=true (9)] Waiting until timeout for monitored process
[2026-06-06 01:06:58,942 INFO  L134       CoverageAnalysis]: Checked inductivity of 2 backedges. 0 proven. 2 refuted. 0 times theorem prover too weak. 0 trivial. 0 not checked.
[2026-06-06 01:06:58,942 INFO  L312         TraceCheckSpWp]: Computing backward predicates...
[2026-06-06 01:06:58,944 INFO  L108    AnnotateAndAsserter]: Assert order TERMS_WITH_SMALL_CONSTANTS_FIRST partitioned 12 statements into 2 equivalence classes.
[2026-06-06 01:06:58,962 INFO  L134       CoverageAnalysis]: Checked inductivity of 6 backedges. 0 proven. 4 refuted. 0 times theorem prover too weak. 2 trivial. 0 not checked.
[2026-06-06 01:06:58,962 INFO  L312         TraceCheckSpWp]: Computing backward predicates...
[2026-06-06 01:06:58,976 WARN  L330   ript$VariableManager]: TermVariable |ULTIMATE.start_main_#t~nondet0| not constructed by VariableManager. Cannot ensure absence of name clashes.
[2026-06-06 01:06:58,976 WARN  L330   ript$VariableManager]: TermVariable |ULTIMATE.start_main_#t~nondet1| not constructed by VariableManager. Cannot ensure absence of name clashes.
[2026-06-06 01:06:58,976 WARN  L330   ript$VariableManager]: TermVariable |ULTIMATE.start_main_#t~nondet2| not constructed by VariableManager. Cannot ensure absence of name clashes.
[2026-06-06 01:06:58,984 WARN  L330   ript$VariableManager]: TermVariable |ULTIMATE.start_main_#t~nondet0| not constructed by VariableManager. Cannot ensure absence of name clashes.
[2026-06-06 01:06:58,985 WARN  L330   ript$VariableManager]: TermVariable |ULTIMATE.start_main_#t~nondet1| not constructed by VariableManager. Cannot ensure absence of name clashes.
[2026-06-06 01:06:58,985 WARN  L330   ript$VariableManager]: TermVariable |ULTIMATE.start_main_#t~nondet2| not constructed by VariableManager. Cannot ensure absence of name clashes.
[2026-06-06 01:06:59,002 INFO  L134       CoverageAnalysis]: Checked inductivity of 12 backedges. 0 proven. 6 refuted. 0 times theorem prover too weak. 6 trivial. 0 not checked.
[2026-06-06 01:06:59,002 INFO  L312         TraceCheckSpWp]: Computing backward predicates...
[2026-06-06 01:06:59,028 WARN  L330   ript$VariableManager]: TermVariable |ULTIMATE.start_main_#t~nondet0| not constructed by VariableManager. Cannot ensure absence of name clashes.
[2026-06-06 01:06:59,029 WARN  L330   ript$VariableManager]: TermVariable |ULTIMATE.start_main_#t~nondet1| not constructed by VariableManager. Cannot ensure absence of name clashes.
[2026-06-06 01:06:59,029 WARN  L330   ript$VariableManager]: TermVariable |ULTIMATE.start_main_#t~nondet2| not constructed by VariableManager. Cannot ensure absence of name clashes.
[2026-06-06 01:06:59,050 INFO  L111    AnnotateAndAsserter]: Assert order TERMS_WITH_SMALL_CONSTANTS_FIRST issued 2 check-sat command(s) and asserted 12 of 12 statements.
[2026-06-06 01:06:59,050 INFO  L114    AnnotateAndAsserter]: Assert order TERMS_WITH_SMALL_CONSTANTS_FIRST issued 2 check-sat command(s)
[2026-06-06 01:06:59,050 INFO  L115    AnnotateAndAsserter]: Conjunction of SSA is unsat
[2026-06-06 01:06:59,052 WARN  L254         TraceCheckSpWp]: Trace formula consists of 65 conjuncts, 39 conjuncts are in the unsatisfiable core
[2026-06-06 01:06:59,052 INFO  L279         TraceCheckSpWp]: Computing forward predicates...
[2026-06-06 01:06:59,135 INFO  L134       CoverageAnalysis]: Checked inductivity of 20 backedges. 0 proven. 8 refuted. 0 times theorem prover too weak. 12 trivial. 0 not checked.
[2026-06-06 01:06:59,135 INFO  L312         TraceCheckSpWp]: Computing backward predicates...
[2026-06-06 01:06:59,154 WARN  L330   ript$VariableManager]: TermVariable |ULTIMATE.start_main_#t~nondet0| not constructed by VariableManager. Cannot ensure absence of name clashes.
[2026-06-06 01:06:59,154 WARN  L330   ript$VariableManager]: TermVariable |ULTIMATE.start_main_#t~nondet1| not constructed by VariableManager. Cannot ensure absence of name clashes.
[2026-06-06 01:06:59,154 WARN  L330   ript$VariableManager]: TermVariable |ULTIMATE.start_main_#t~nondet2| not constructed by VariableManager. Cannot ensure absence of name clashes.
[2026-06-06 01:07:23,008 INFO  L134       CoverageAnalysis]: Checked inductivity of 2 backedges. 0 proven. 1 refuted. 1 times theorem prover too weak. 0 trivial. 0 not checked.
[2026-06-06 01:07:23,008 INFO  L158   FreeRefinementEngine]: IpTcStrategyModuleZ3 [1428631779] provided 0 perfect and 2 imperfect interpolant sequences
[2026-06-06 01:07:23,008 INFO  L185   FreeRefinementEngine]: Found 0 perfect and 3 imperfect interpolant sequences.
[2026-06-06 01:07:23,008 INFO  L198   FreeRefinementEngine]: Number of different interpolants: perfect sequences [] imperfect sequences [4, 4, 4] total 9
[2026-06-06 01:07:23,008 INFO  L122   tionRefinementEngine]: Using interpolant automaton builder IpAbStrategyModuleStraightlineAll [1201432554]
[2026-06-06 01:07:23,008 INFO  L85    oduleStraightlineAll]: Using 3 imperfect interpolants to construct interpolant automaton
[2026-06-06 01:07:23,008 INFO  L100   FreeRefinementEngine]: Using predicate unifier PredicateUnifier provided by strategy CAMEL
[2026-06-06 01:07:23,009 INFO  L144   InterpolantAutomaton]: Constructing interpolant automaton starting with 10 interpolants.
[2026-06-06 01:07:23,009 INFO  L146   InterpolantAutomaton]: CoverageRelationStatistics Valid=31, Invalid=57, Unknown=2, NotChecked=0, Total=90
[2026-06-06 01:07:23,009 INFO  L419   CegarNwaWorkerThread]: Difference in Worker for Generalization
[2026-06-06 01:07:23,009 INFO  L87              Difference]: Start difference. First operand  has 6 states, 4 states have (on average 1.5) internal successors, (6), 5 states have internal predecessors, (6), 0 states have call successors, (0), 0 states have call predecessors, (0), 0 states have return successors, (0), 0 states have call predecessors, (0), 0 states have call successors, (0) Second operand  has 10 states, 10 states have (on average 1.5) internal successors, (15), 9 states have internal predecessors, (15), 0 states have call successors, (0), 0 states have call predecessors, (0), 0 states have return successors, (0), 0 states have call predecessors, (0), 0 states have call successors, (0)
[2026-06-06 01:07:23,019 WARN  L330   ript$VariableManager]: TermVariable |ULTIMATE.start_main_#t~nondet0| not constructed by VariableManager. Cannot ensure absence of name clashes.
[2026-06-06 01:07:23,019 WARN  L330   ript$VariableManager]: TermVariable |ULTIMATE.start_main_#t~nondet1| not constructed by VariableManager. Cannot ensure absence of name clashes.
[2026-06-06 01:07:23,019 WARN  L330   ript$VariableManager]: TermVariable |ULTIMATE.start_main_#t~nondet2| not constructed by VariableManager. Cannot ensure absence of name clashes.
[2026-06-06 01:07:23,027 INFO  L144             Difference]: Subtrahend was deterministic. Have not used determinization.
[2026-06-06 01:07:23,027 INFO  L93              Difference]: Finished difference Result 4 states and 4 transitions.
[2026-06-06 01:07:23,028 INFO  L140   InterpolantAutomaton]: Switched to read-only mode: deterministic interpolant automaton has 5 states. 
[2026-06-06 01:07:23,028 INFO  L225             Difference]: With dead ends: 4
[2026-06-06 01:07:23,028 INFO  L226             Difference]: Without dead ends: 0
[2026-06-06 01:07:23,028 INFO  L487   CegarNwaWorkerThread]: 0 DeclaredPredicates, 15 GetRequests, 5 SyntacticMatches, 1 SemanticMatches, 9 ConstructedPredicates, 0 IntricatePredicates, 0 DeprecatedPredicates, 24 ImplicationChecksByTransitivity, 24.1s TimeCoverageRelationStatistics Valid=39, Invalid=69, Unknown=2, NotChecked=0, Total=110
[2026-06-06 01:07:23,028 INFO  L488   CegarNwaWorkerThread]: 1 mSDtfsCounter, 0 mSDsluCounter, 1 mSDsCounter, 0 mSdLazyCounter, 5 mSolverCounterSat, 2 mSolverCounterUnsat, 0 mSolverCounterUnknown, 0 mSolverCounterNotChecked, 0.0s Time, 0 mProtectedPredicate, 0 mProtectedAction, 0 SdHoareTripleChecker+Valid, 2 SdHoareTripleChecker+Invalid, 7 SdHoareTripleChecker+Unknown, 0 SdHoareTripleChecker+Unchecked, 0.0s SdHoareTripleChecker+Time, 2 IncrementalHoareTripleChecker+Valid, 5 IncrementalHoareTripleChecker+Invalid, 0 IncrementalHoareTripleChecker+Unknown, 0 IncrementalHoareTripleChecker+Unchecked, 0.0s IncrementalHoareTripleChecker+Time
[2026-06-06 01:07:23,028 INFO  L489   CegarNwaWorkerThread]: SdHoareTripleChecker [0 Valid, 2 Invalid, 7 Unknown, 0 Unchecked, 0.0s Time], IncrementalHoareTripleChecker [2 Valid, 5 Invalid, 0 Unknown, 0 Unchecked, 0.0s Time]
[2026-06-06 01:07:23,028 INFO  L224   CegarNwaWorkerThread]: Done with Thread: 86#
[2026-06-06 01:07:23,028 INFO  L196   CegarNwaWorkerThread]: WorkerThread: Thread[#86,Worker for 889531649,5,main] is Waiting for a Task
[2026-06-06 01:07:23,028 INFO  L504   ParallelNwaCegarLoop]: Waking up, a worker is done.
[2026-06-06 01:07:23,029 INFO  L276   ParallelNwaCegarLoop]: Main: A Thread is Done
[2026-06-06 01:07:23,029 INFO  L294   ParallelNwaCegarLoop]: Worker Automaton Type: FLOYD_HOARE
[2026-06-06 01:07:23,029 INFO  L79                 Accepts]: Start accepts. Automaton has 7 states and 7 transitions. Word has length 6
[2026-06-06 01:07:23,029 INFO  L85                 Accepts]: Finished accepts. word is accepted.
[2026-06-06 01:07:23,029 INFO  L296   ParallelNwaCegarLoop]: Refining Abstraction
[2026-06-06 01:07:23,029 INFO  L567   ParallelNwaCegarLoop]: Subtrahend traceHash: 889531649
[2026-06-06 01:07:23,029 INFO  L534   ParallelNwaCegarLoop]: Difference in Main
[2026-06-06 01:07:23,029 INFO  L87              Difference]: Start difference. First operand 7 states and 7 transitions. Second operand  has 5 states, 4 states have (on average 1.25) internal successors, (5), 4 states have internal predecessors, (5), 0 states have call successors, (0), 0 states have call predecessors, (0), 0 states have return successors, (0), 0 states have call predecessors, (0), 0 states have call successors, (0)
[2026-06-06 01:07:23,029 INFO  L144             Difference]: Subtrahend was deterministic. Have not used determinization.
[2026-06-06 01:07:23,029 INFO  L93              Difference]: Finished difference Result 5 states and 5 transitions.
[2026-06-06 01:07:23,029 INFO  L225             Difference]: With dead ends: 5
[2026-06-06 01:07:23,029 INFO  L226             Difference]: Without dead ends: 0
[2026-06-06 01:07:23,029 INFO  L82        GeneralOperation]: Start minimizeSevpa. Operand 0 states.
[2026-06-06 01:07:23,029 INFO  L88        GeneralOperation]: Finished minimizeSevpa. Reduced states from 0 to 0.
[2026-06-06 01:07:23,029 INFO  L82        GeneralOperation]: Start removeUnreachable. Operand  has 0 states, 0 states have (on average 0.0) internal successors, (0), 0 states have internal predecessors, (0), 0 states have call successors, (0), 0 states have call predecessors, (0), 0 states have return successors, (0), 0 states have call predecessors, (0), 0 states have call successors, (0)
[2026-06-06 01:07:23,029 INFO  L88        GeneralOperation]: Finished removeUnreachable. Reduced from 0 states to 0 states and 0 transitions.
[2026-06-06 01:07:23,029 INFO  L545   ParallelNwaCegarLoop]: Main: Refinement done.
[2026-06-06 01:07:23,029 INFO  L464   ParallelNwaCegarLoop]: Checking if program is safe
[2026-06-06 01:07:23,029 INFO  L290                IsEmpty]: Start isEmpty. Operand 0 states and 0 transitions.
[2026-06-06 01:07:23,029 INFO  L300                IsEmpty]: Finished isEmpty. No accepting run.
[2026-06-06 01:07:23,030 INFO  L796   garLoopResultBuilder]: Registering result SAFE for location ULTIMATE.startErr0ASSERT_VIOLATIONASSERT (0 of 1 remaining)
[2026-06-06 01:07:23,031 INFO  L467   ParallelNwaCegarLoop]: Result: SAFE
[2026-06-06 01:07:23,034 INFO  L546       MonitoredProcess]: [MP /usr/bin/z3 -smt2 -in SMTLIB2_COMPLIANT=true (8)] Ended with exit code 0
[2026-06-06 01:07:23,247 INFO  L546       MonitoredProcess]: [MP /usr/bin/z3 SMTLIB2_COMPLIANT=true -memory:1024 -smt2 -in -t:12000 (5)] Ended with exit code 0
[2026-06-06 01:07:23,432 WARN  L718   oredProcess$PipePump]: [MP /usr/bin/z3 SMTLIB2_COMPLIANT=true -memory:1024 -smt2 -in -t:12000 (3)] The stream was forcibly closed: stdIn
[2026-06-06 01:07:23,437 INFO  L546       MonitoredProcess]: [MP /usr/bin/z3 SMTLIB2_COMPLIANT=true -memory:1024 -smt2 -in -t:12000 (3)] Ended with exit code 0
[2026-06-06 01:07:23,635 INFO  L546       MonitoredProcess]: [MP /usr/bin/z3 -smt2 -in SMTLIB2_COMPLIANT=true (9)] Ended with exit code 0
[2026-06-06 01:07:23,839 INFO  L546       MonitoredProcess]: [MP /usr/bin/z3 SMTLIB2_COMPLIANT=true -memory:1024 -smt2 -in -t:12000 (4)] Ended with exit code 0
[2026-06-06 01:07:24,036 INFO  L546       MonitoredProcess]: [MP /usr/bin/z3 -smt2 -in SMTLIB2_COMPLIANT=true (7)] Ended with exit code 0
[2026-06-06 01:07:24,233 WARN  L718   oredProcess$PipePump]: [MP /usr/bin/z3 -smt2 -in SMTLIB2_COMPLIANT=true (6)] The stream was forcibly closed: stdIn
[2026-06-06 01:07:24,236 INFO  L546       MonitoredProcess]: [MP /usr/bin/z3 -smt2 -in SMTLIB2_COMPLIANT=true (6)] Ended with exit code 0
[2026-06-06 01:07:24,446 INFO  L546       MonitoredProcess]: [MP /usr/bin/z3 SMTLIB2_COMPLIANT=true -memory:1024 -smt2 -in -t:12000 (2)] Ended with exit code 0
[2026-06-06 01:07:24,634 WARN  L515   ParallelNwaCegarLoop]: Destroyed unattended storables created during the last iteration: 8 /usr/bin/z3 -smt2 -in SMTLIB2_COMPLIANT=true,SelfDestructingSolverStorable3,SelfDestructingSolverStorable2,SelfDestructingSolverStorable1,5 /usr/bin/z3 SMTLIB2_COMPLIANT=true -memory:1024 -smt2 -in -t:12000,3 /usr/bin/z3 SMTLIB2_COMPLIANT=true -memory:1024 -smt2 -in -t:12000,9 /usr/bin/z3 -smt2 -in SMTLIB2_COMPLIANT=true,4 /usr/bin/z3 SMTLIB2_COMPLIANT=true -memory:1024 -smt2 -in -t:12000,7 /usr/bin/z3 -smt2 -in SMTLIB2_COMPLIANT=true,SelfDestructingSolverStorable0,6 /usr/bin/z3 -smt2 -in SMTLIB2_COMPLIANT=true,2 /usr/bin/z3 SMTLIB2_COMPLIANT=true -memory:1024 -smt2 -in -t:12000
[2026-06-06 01:07:24,634 INFO  L393   ParallelNwaCegarLoop]: Iteration 3
[2026-06-06 01:07:24,634 INFO  L394   ParallelNwaCegarLoop]: SearchMode: PAPER
[2026-06-06 01:07:24,634 INFO  L395   ParallelNwaCegarLoop]: Refinements: 2
[2026-06-06 01:07:24,634 INFO  L396   ParallelNwaCegarLoop]: Counterexamples: 5
[2026-06-06 01:07:24,634 INFO  L397   ParallelNwaCegarLoop]: SearchTimeout: 0
[2026-06-06 01:07:24,634 INFO  L398   ParallelNwaCegarLoop]: RunConstructionFailed: 0
[2026-06-06 01:07:24,634 INFO  L399   ParallelNwaCegarLoop]: SearchFailed: 0
[2026-06-06 01:07:24,634 INFO  L400   ParallelNwaCegarLoop]: Duplicate freshness failures: 2
[2026-06-06 01:07:24,634 INFO  L401   ParallelNwaCegarLoop]: DuplicateFreshnessFailures: 2
[2026-06-06 01:07:24,634 INFO  L402   ParallelNwaCegarLoop]: BFS: 1
[2026-06-06 01:07:24,634 INFO  L403   ParallelNwaCegarLoop]: IsEmptyParallel: 4
[2026-06-06 01:07:24,634 INFO  L404   ParallelNwaCegarLoop]: ActiveThreads: 4
[2026-06-06 01:07:24,634 INFO  L405   ParallelNwaCegarLoop]: ActiveExecutorsForPathPrograms: 0
[2026-06-06 01:07:24,634 INFO  L406   ParallelNwaCegarLoop]: IterationsWithMaxThreads: 2
[2026-06-06 01:07:24,634 INFO  L407   ParallelNwaCegarLoop]: IterationsWithONEThread: 0
[2026-06-06 01:07:24,635 INFO  L408   ParallelNwaCegarLoop]: SearchTime: 0 s
[2026-06-06 01:07:24,635 INFO  L409   ParallelNwaCegarLoop]: WorkerSetUpTime: 0 s
[2026-06-06 01:07:24,635 INFO  L410   ParallelNwaCegarLoop]: ExceptionInWorker: 0
[2026-06-06 01:07:24,635 INFO  L411   ParallelNwaCegarLoop]: mRefinementTime: 1
[2026-06-06 01:07:24,635 INFO  L412   ParallelNwaCegarLoop]: Prefix cache checked paths: 5
[2026-06-06 01:07:24,635 INFO  L413   ParallelNwaCegarLoop]: Prefix cache stale paths: 0
[2026-06-06 01:07:24,635 INFO  L414   ParallelNwaCegarLoop]: Stale paths: 0
[2026-06-06 01:07:24,635 INFO  L415   ParallelNwaCegarLoop]: LcpsCheckedPrefixQueries: 0
[2026-06-06 01:07:24,635 INFO  L416   ParallelNwaCegarLoop]: LcpsStalePrefixQueries: 0
[2026-06-06 01:07:24,635 INFO  L417   ParallelNwaCegarLoop]: LcpsCheckedPrefixHits: 0
[2026-06-06 01:07:24,635 INFO  L418   ParallelNwaCegarLoop]: LcpsStalePrefixHits: 0
[2026-06-06 01:07:24,635 INFO  L419   ParallelNwaCegarLoop]: LcpsSearchInvocations: 0
[2026-06-06 01:07:24,635 INFO  L420   ParallelNwaCegarLoop]: LcpsFullCacheSuffixInvocations: 0
[2026-06-06 01:07:24,635 INFO  L421   ParallelNwaCegarLoop]: LcpsFullCacheSuffixFallbacks: 0
[2026-06-06 01:07:24,635 INFO  L422   ParallelNwaCegarLoop]: LcpsEffectivePriorityDecisions: 0
[2026-06-06 01:07:24,635 INFO  L423   ParallelNwaCegarLoop]: BatchLcpsInvocations: 0
[2026-06-06 01:07:24,635 INFO  L424   ParallelNwaCegarLoop]: BatchLcpsAvailableSlotsTotal: 0
[2026-06-06 01:07:24,635 INFO  L425   ParallelNwaCegarLoop]: BatchLcpsCandidatesGenerated: 0
[2026-06-06 01:07:24,635 INFO  L426   ParallelNwaCegarLoop]: BatchLcpsCandidatesSelected: 0
[2026-06-06 01:07:24,635 WARN  L310   FreeRefinementEngine]: Global settings require throwing the following exception
[2026-06-06 01:07:24,635 WARN  L310   FreeRefinementEngine]: Global settings require throwing the following exception
[2026-06-06 01:07:24,635 WARN  L310   FreeRefinementEngine]: Global settings require throwing the following exception
[2026-06-06 01:07:24,635 INFO  L427   ParallelNwaCegarLoop]: BatchLcpsCandidateGenerationFailures: 0
[2026-06-06 01:07:24,635 INFO  L428   ParallelNwaCegarLoop]: BatchLcpsAvgCandidatePoolSize: 0.0
[2026-06-06 01:07:24,635 INFO  L429   ParallelNwaCegarLoop]: BatchLcpsAvgSelectedBatchSize: 0.0
[2026-06-06 01:07:24,635 INFO  L430   ParallelNwaCegarLoop]: BatchLcpsEffectiveBatchDecisions: 0
[2026-06-06 01:07:24,635 INFO  L433   ParallelNwaCegarLoop]: Checked paths: 5
[2026-06-06 01:07:24,635 INFO  L434   ParallelNwaCegarLoop]: Total pairwise prefix-LCA divergence: 6.416666666666667
[2026-06-06 01:07:24,635 INFO  L436   ParallelNwaCegarLoop]: Avg pairwise prefix-LCA divergence: 0.6416666666666667
[2026-06-06 01:07:24,637 INFO  L424         BasicCegarLoop]: Path program histogram: []
[2026-06-06 01:07:24,637 INFO  L429         BasicCegarLoop]: Checked paths: 5
[2026-06-06 01:07:24,637 INFO  L430         BasicCegarLoop]: Total pairwise prefix-LCA divergence: 6.416666666666667
[2026-06-06 01:07:24,637 INFO  L432         BasicCegarLoop]: Avg pairwise prefix-LCA divergence: 0.6416666666666667
[2026-06-06 01:07:24,638 INFO  L171   ceAbstractionStarter]: Computing trace abstraction results
[2026-06-06 01:07:24,639 INFO  L201        PluginConnector]: Adding new model jain_4.i_2.bpl de.uni_freiburg.informatik.ultimate.plugins.generator.traceabstraction CFG 06.06 01:07:24 BoogieIcfgContainer
[2026-06-06 01:07:24,639 INFO  L131        PluginConnector]: ------------------------ END TraceAbstraction----------------------------
[2026-06-06 01:07:24,640 INFO  L158              Benchmark]: Toolchain (without parser) took 26161.50ms. Allocated memory was 48.2MB in the beginning and 98.6MB in the end (delta: 50.3MB). Free memory was 14.0MB in the beginning and 29.3MB in the end (delta: -15.2MB). Peak memory consumption was 37.4MB. Max. memory is 4.3GB.
[2026-06-06 01:07:24,640 INFO  L158              Benchmark]: Boogie PL CUP Parser took 0.07ms. Allocated memory is still 48.2MB. Free memory was 15.0MB in the beginning and 14.9MB in the end (delta: 15.5kB). There was no memory consumed. Max. memory is 4.3GB.
[2026-06-06 01:07:24,640 INFO  L158              Benchmark]: Boogie Preprocessor took 18.73ms. Allocated memory is still 48.2MB. Free memory was 13.9MB in the beginning and 25.2MB in the end (delta: -11.3MB). Peak memory consumption was 4.8MB. Max. memory is 4.3GB.
[2026-06-06 01:07:24,640 INFO  L158              Benchmark]: RCFGBuilder took 66.54ms. Allocated memory is still 48.2MB. Free memory was 25.2MB in the beginning and 15.5MB in the end (delta: 9.6MB). Peak memory consumption was 6.3MB. Max. memory is 4.3GB.
[2026-06-06 01:07:24,640 INFO  L158              Benchmark]: TraceAbstraction took 26074.29ms. Allocated memory was 48.2MB in the beginning and 98.6MB in the end (delta: 50.3MB). Free memory was 14.4MB in the beginning and 29.3MB in the end (delta: -14.9MB). Peak memory consumption was 36.7MB. Max. memory is 4.3GB.
[2026-06-06 01:07:24,640 INFO  L338   ainManager$Toolchain]: #######################  End [Toolchain 1] #######################
 --- Results ---
 * Results from de.uni_freiburg.informatik.ultimate.core:
  - StatisticsResult: Toolchain Benchmarks
    Benchmark results are:
 * Boogie PL CUP Parser took 0.07ms. Allocated memory is still 48.2MB. Free memory was 15.0MB in the beginning and 14.9MB in the end (delta: 15.5kB). There was no memory consumed. Max. memory is 4.3GB.
 * Boogie Preprocessor took 18.73ms. Allocated memory is still 48.2MB. Free memory was 13.9MB in the beginning and 25.2MB in the end (delta: -11.3MB). Peak memory consumption was 4.8MB. Max. memory is 4.3GB.
 * RCFGBuilder took 66.54ms. Allocated memory is still 48.2MB. Free memory was 25.2MB in the beginning and 15.5MB in the end (delta: 9.6MB). Peak memory consumption was 6.3MB. Max. memory is 4.3GB.
 * TraceAbstraction took 26074.29ms. Allocated memory was 48.2MB in the beginning and 98.6MB in the end (delta: 50.3MB). Free memory was 14.4MB in the beginning and 29.3MB in the end (delta: -14.9MB). Peak memory consumption was 36.7MB. Max. memory is 4.3GB.
 * Results from de.uni_freiburg.informatik.ultimate.plugins.generator.traceabstraction:
  - StatisticsResult: ErrorAutomatonStatistics
    NumberErrorTraces: 0, NumberStatementsAllTraces: 0, NumberRelevantStatements: 0, 0.0s ErrorAutomatonConstructionTimeTotal, 0.0s FaulLocalizationTime, NumberStatementsFirstTrace: -1, TraceLengthAvg: 0, 0.0s ErrorAutomatonConstructionTimeAvg, 0.0s ErrorAutomatonDifferenceTimeAvg, 0.0s ErrorAutomatonDifferenceTimeTotal, NumberOfNoEnhancement: 0, NumberOfFiniteEnhancement: 0, NumberOfInfiniteEnhancement: 0
  - PositiveResult [Line: 46]: assertion always holds
    For all program executions holds that assertion always holds at this location
  - StatisticsResult: Ultimate Automizer benchmark data
    CFG has 1 procedures, 6 locations, 6 edges, 1 error locations. Started 1 CEGAR loops. OverallTime: 26.1s, OverallIterations: 2, TraceHistogramMax: 2, PathProgramHistogramMax: 0, CheckedPaths: 5, TotalPairwisePrefixLcaDivergence: 6.416666666666667, AvgPairwisePrefixLcaDivergence: 0.6416666666666667, SearchMode: PAPER, DuplicateFreshnessFailures: 2, FailedToFindCounterexamples: 0, StalePaths: 0, LcpsCheckedPrefixQueries: 0, LcpsStalePrefixQueries: 0, LcpsCheckedPrefixHits: 0, LcpsStalePrefixHits: 0, LcpsSearchInvocations: 0, LcpsFullCacheSuffixInvocations: 0, LcpsFullCacheSuffixFallbacks: 0, LcpsEffectivePriorityDecisions: 0, BatchLcpsInvocations: 0, BatchLcpsAvailableSlotsTotal: 0, BatchLcpsCandidatesGenerated: 0, BatchLcpsCandidatesSelected: 0, BatchLcpsCandidateGenerationFailures: 0, BatchLcpsAvgCandidatePoolSize: 0.0, BatchLcpsAvgSelectedBatchSize: 0.0, BatchLcpsEffectiveBatchDecisions: 0, EmptinessCheckTime: 0.0s, AutomataDifference: 0.0s, DeadEndRemovalTime: 0.0s, HoareAnnotationTime: 0.0s, InitialAbstractionConstructionTime: 0.0s, HoareTripleCheckerStatistics: , PredicateUnifierStatistics: No data available, 0.0s BasicInterpolantAutomatonTime, BiggestAbstraction: size=6occurred in iteration=0, InterpolantAutomatonStates: 9, traceCheckStatistics: No data available, InterpolantConsolidationStatistics: No data available, PathInvariantsStatistics: No data available, 0/0 InterpolantCoveringCapability, TotalInterpolationStatistics: No data available, 0.0s DumpTime, AutomataMinimizationStatistics: 0.0s AutomataMinimizationTime, 2 MinimizatonAttempts, 0 StatesRemovedByMinimization, 0 NontrivialMinimizations, HoareAnnotationStatistics: No data available, RefinementEngineStatistics: No data available, ReuseStatistics: No data available, ConComCheckerStatistics: No data available
  - AllSpecificationsHoldResult: All specifications hold
    1 specifications checked. All of them hold
RESULT: Ultimate proved your program to be correct!
[2026-06-06 01:07:24,645 INFO  L546       MonitoredProcess]: [MP /usr/bin/z3 SMTLIB2_COMPLIANT=true -memory:1024 -smt2 -in -t:12000 (1)] Ended with exit code 0
Received shutdown request...

