This is Ultimate 0.3.1-cache-f5c6788a5b-m
[2026-06-05 23:42:18,737 INFO  L188        SettingsManager]: Resetting all preferences to default values...
[2026-06-05 23:42:18,766 INFO  L114        SettingsManager]: Loading settings from /home/hschi1106/ultimate/trunk/examples/Interactive/settings/ResetSettingsCamel.epf
[2026-06-05 23:42:18,768 WARN  L101        SettingsManager]: Preference file contains the following unknown settings:
[2026-06-05 23:42:18,768 WARN  L103        SettingsManager]:   * de.uni_freiburg.informatik.ultimate.plugins.blockencoding.Rewrite not-equals during SBE
[2026-06-05 23:42:18,768 WARN  L103        SettingsManager]:   * de.uni_freiburg.informatik.ultimate.plugins.blockencoding.Simplify codeblocks
[2026-06-05 23:42:18,769 WARN  L103        SettingsManager]:   * de.uni_freiburg.informatik.ultimate.plugins.blockencoding.Simplify assume statements
[2026-06-05 23:42:18,769 WARN  L103        SettingsManager]:   * de.uni_freiburg.informatik.ultimate.plugins.blockencoding.Use SBE during assume simplification
[2026-06-05 23:42:18,769 WARN  L103        SettingsManager]:   * de.uni_freiburg.informatik.ultimate.plugins.blockencoding.Use SBE for initial RCFG
[2026-06-05 23:42:18,769 WARN  L103        SettingsManager]:   * de.uni_freiburg.informatik.ultimate.plugins.blockencoding.Rewrite not equals when simplifying assume statements with SBE
[2026-06-05 23:42:18,769 WARN  L103        SettingsManager]:   * de.uni_freiburg.informatik.ultimate.core.Debug log message color
[2026-06-05 23:42:18,769 WARN  L103        SettingsManager]:   * de.uni_freiburg.informatik.ultimate.core.Drop models when Ultimate exits
[2026-06-05 23:42:18,769 WARN  L103        SettingsManager]:   * de.uni_freiburg.informatik.ultimate.core.Generate benchmark results
[2026-06-05 23:42:18,769 WARN  L103        SettingsManager]:   * de.uni_freiburg.informatik.ultimate.core.Log level for controller plugin
[2026-06-05 23:42:18,769 WARN  L103        SettingsManager]:   * de.uni_freiburg.informatik.ultimate.core.Warning log message color
[2026-06-05 23:42:18,769 WARN  L103        SettingsManager]:   * de.uni_freiburg.informatik.ultimate.core.Root log level
[2026-06-05 23:42:18,769 WARN  L103        SettingsManager]:   * de.uni_freiburg.informatik.ultimate.core.UI logger pattern
[2026-06-05 23:42:18,769 WARN  L103        SettingsManager]:   * de.uni_freiburg.informatik.ultimate.core.Log level for external tools
[2026-06-05 23:42:18,769 WARN  L103        SettingsManager]:   * de.uni_freiburg.informatik.ultimate.core.ultimate.logging.details
[2026-06-05 23:42:18,769 WARN  L103        SettingsManager]:   * de.uni_freiburg.informatik.ultimate.core.Toolchain timeout in seconds
[2026-06-05 23:42:18,769 WARN  L103        SettingsManager]:   * de.uni_freiburg.informatik.ultimate.core.Name of the log file
[2026-06-05 23:42:18,769 WARN  L103        SettingsManager]:   * de.uni_freiburg.informatik.ultimate.core.Info log message color
[2026-06-05 23:42:18,769 WARN  L103        SettingsManager]:   * de.uni_freiburg.informatik.ultimate.core.Create a Logfile
[2026-06-05 23:42:18,769 WARN  L103        SettingsManager]:   * de.uni_freiburg.informatik.ultimate.core.Logger pattern
[2026-06-05 23:42:18,769 WARN  L103        SettingsManager]:   * de.uni_freiburg.informatik.ultimate.core.Log level for core plugin
[2026-06-05 23:42:18,769 WARN  L103        SettingsManager]:   * de.uni_freiburg.informatik.ultimate.core.Show usable parsers
[2026-06-05 23:42:18,769 WARN  L103        SettingsManager]:   * de.uni_freiburg.informatik.ultimate.core.Log level for plugins
[2026-06-05 23:42:18,769 WARN  L103        SettingsManager]:   * de.uni_freiburg.informatik.ultimate.core.Fatal log message color
[2026-06-05 23:42:18,769 WARN  L103        SettingsManager]:   * de.uni_freiburg.informatik.ultimate.core.Show long description of results
[2026-06-05 23:42:18,769 WARN  L103        SettingsManager]:   * de.uni_freiburg.informatik.ultimate.core.Error log message color
[2026-06-05 23:42:18,769 WARN  L103        SettingsManager]:   * de.uni_freiburg.informatik.ultimate.core.Show result in pop-up window after toolchain execution
[2026-06-05 23:42:18,769 WARN  L103        SettingsManager]:   * de.uni_freiburg.informatik.ultimate.core.Directory (default: instance location)
[2026-06-05 23:42:18,769 WARN  L103        SettingsManager]:   * de.uni_freiburg.informatik.ultimate.core.Append to exisiting log file
[2026-06-05 23:42:18,769 WARN  L103        SettingsManager]:   * CDTParser.Please specify include paths that will be parsed with the given C-File
[2026-06-05 23:42:18,769 WARN  L103        SettingsManager]:   * de.uni_freiburg.informatik.ultimate.plugins.generator.rcfgbuilder.Translate Boogie integers to SMT bitvectors
[2026-06-05 23:42:18,769 WARN  L103        SettingsManager]:   * de.uni_freiburg.informatik.ultimate.plugins.generator.cacsl2boogietranslator.How to treat unsigned ints differently from normal ones
[2026-06-05 23:42:18,769 WARN  L103        SettingsManager]:   * de.uni_freiburg.informatik.ultimate.witnessprinter.Generate witnesses
[2026-06-05 23:42:18,769 WARN  L103        SettingsManager]:   * de.uni_freiburg.informatik.ultimate.witnessprinter.Write witness to working directory
[2026-06-05 23:42:18,769 WARN  L103        SettingsManager]:   * de.uni_freiburg.informatik.ultimate.plugins.analysis.irsdependencies.Mode
[2026-06-05 23:42:18,769 WARN  L103        SettingsManager]:   * de.uni_freiburg.informatik.ultimate.plugins.analysis.abstractinterpretationv2.Number type
[2026-06-05 23:42:18,769 WARN  L103        SettingsManager]:   * de.uni_freiburg.informatik.ultimate.plugins.analysis.abstractinterpretationv2.Congruence Widening operator
[2026-06-05 23:42:18,769 WARN  L103        SettingsManager]:   * de.uni_freiburg.informatik.ultimate.plugins.output.jungvisualization.Annotate edges
[2026-06-05 23:42:18,769 WARN  L103        SettingsManager]:   * de.uni_freiburg.informatik.ultimate.plugins.output.jungvisualization.Background color:
[2026-06-05 23:42:18,769 WARN  L103        SettingsManager]:   * de.uni_freiburg.informatik.ultimate.plugins.output.jungvisualization.Which models should be visualized?
[2026-06-05 23:42:18,769 WARN  L103        SettingsManager]:   * de.uni_freiburg.informatik.ultimate.plugins.output.jungvisualization.Choose node shape:
[2026-06-05 23:42:18,769 WARN  L103        SettingsManager]:   * de.uni_freiburg.informatik.ultimate.plugins.output.jungvisualization.Node color:
[2026-06-05 23:42:18,769 WARN  L103        SettingsManager]:   * de.uni_freiburg.informatik.ultimate.plugins.output.jungvisualization.Picked node color:
[2026-06-05 23:42:18,769 WARN  L103        SettingsManager]:   * de.uni_freiburg.informatik.ultimate.plugins.output.jungvisualization.Annotate nodes
[2026-06-05 23:42:18,769 WARN  L103        SettingsManager]:   * de.uni_freiburg.informatik.ultimate.plugins.output.jungvisualization.SVG Export directory:
[2026-06-05 23:42:18,769 WARN  L103        SettingsManager]:   * de.uni_freiburg.informatik.ultimate.plugins.output.jungvisualization.Default graph layout:
[2026-06-05 23:42:18,769 WARN  L103        SettingsManager]:   * de.uni_freiburg.informatik.ultimate.boogie.procedureinliner.to and inside polymorphic procedures
[2026-06-05 23:42:18,769 WARN  L103        SettingsManager]:   * de.uni_freiburg.informatik.ultimate.boogie.procedureinliner.to procedures with 'free requires' specifications
[2026-06-05 23:42:18,769 WARN  L103        SettingsManager]:   * de.uni_freiburg.informatik.ultimate.boogie.procedureinliner.calls to unimplemented procedures
[2026-06-05 23:42:18,770 WARN  L103        SettingsManager]:   * de.uni_freiburg.informatik.ultimate.boogie.procedureinliner.to recursive procedures
[2026-06-05 23:42:18,770 WARN  L103        SettingsManager]:   * de.uni_freiburg.informatik.ultimate.boogie.procedureinliner.with 'forall' modifier
[2026-06-05 23:42:18,770 WARN  L103        SettingsManager]:   * de.uni_freiburg.informatik.ultimate.boogie.procedureinliner.calls to implemented procedures
[2026-06-05 23:42:18,770 WARN  L103        SettingsManager]:   * de.uni_freiburg.informatik.ultimate.boogie.procedureinliner.to procedures, called more than once
[2026-06-05 23:42:18,770 WARN  L103        SettingsManager]:   * de.uni_freiburg.informatik.ultimate.plugins.generator.traceabstraction.Non-flow-sensitive error trace relevance analysis
[2026-06-05 23:42:18,770 WARN  L103        SettingsManager]:   * de.uni_freiburg.informatik.ultimate.plugins.generator.traceabstraction.use unfolding as abstraction
[2026-06-05 23:42:18,770 WARN  L103        SettingsManager]:   * de.uni_freiburg.informatik.ultimate.plugins.generator.traceabstraction.Iterations until the model checker surrenders
[2026-06-05 23:42:18,770 WARN  L103        SettingsManager]:   * de.uni_freiburg.informatik.ultimate.plugins.generator.traceabstraction.Enable interactive Verification?
[2026-06-05 23:42:18,770 WARN  L103        SettingsManager]:   * de.uni_freiburg.informatik.ultimate.plugins.generator.traceabstraction.Flow-sensitive error trace relevance analysis
[2026-06-05 23:42:18,770 WARN  L103        SettingsManager]:   * de.uni_freiburg.informatik.ultimate.gui.LASTTOOLCHAINPATH
[2026-06-05 23:42:18,770 WARN  L103        SettingsManager]:   * de.uni_freiburg.informatik.ultimate.gui.LASTPATH
[2026-06-05 23:42:18,787 INFO  L130        SettingsManager]: Preferences different from defaults after loading the file:
[2026-06-05 23:42:18,787 INFO  L151        SettingsManager]: Preferences of UltimateCore differ from their defaults:
[2026-06-05 23:42:18,787 INFO  L153        SettingsManager]:  * Directory (default: instance location)=/home/iari/src/ultimate/trunk/runtime-Debug-E4.product/
[2026-06-05 23:42:18,787 INFO  L151        SettingsManager]: Preferences of Abstract Interpretation differ from their defaults:
[2026-06-05 23:42:18,787 INFO  L153        SettingsManager]:  * Log string format=HALF_MATRIX
[2026-06-05 23:42:18,787 INFO  L151        SettingsManager]: Preferences of BuchiAutomizer differ from their defaults:
[2026-06-05 23:42:18,787 INFO  L153        SettingsManager]:  * Buchi interpolant automaton=Staged
[2026-06-05 23:42:18,787 INFO  L153        SettingsManager]:  * Buchi complementation construction=Ncsb
[2026-06-05 23:42:18,787 INFO  L151        SettingsManager]: Preferences of CACSL2BoogieTranslator differ from their defaults:
[2026-06-05 23:42:18,787 INFO  L153        SettingsManager]:  * Report unsoundness warnings=false
[2026-06-05 23:42:18,787 INFO  L151        SettingsManager]: Preferences of RCFGBuilder differ from their defaults:
[2026-06-05 23:42:18,787 INFO  L153        SettingsManager]:  * Logic for external solver=AUFNIRA
[2026-06-05 23:42:18,787 INFO  L153        SettingsManager]:  * Convert code blocks to CNF=true
[2026-06-05 23:42:18,787 INFO  L151        SettingsManager]: Preferences of TraceAbstraction differ from their defaults:
[2026-06-05 23:42:18,787 INFO  L153        SettingsManager]:  * cut-off requires same transition=true
[2026-06-05 23:42:18,787 INFO  L153        SettingsManager]:  * Trace refinement strategy=CAMEL
Applying setting for plugin de.uni_freiburg.informatik.ultimate.plugins.generator.traceabstraction: Use CEGAR loop for Parallel Trace Abstraction -> true
Applying setting for plugin de.uni_freiburg.informatik.ultimate.plugins.generator.traceabstraction: Threadlimit for Parallel CEGAR -> 4
Applying setting for plugin de.uni_freiburg.informatik.ultimate.plugins.generator.traceabstraction: Parallel trace search selection mode -> LCPS_FULL
Applying setting for plugin de.uni_freiburg.informatik.ultimate.plugins.generator.traceabstraction: Track stale prefixes in parallel search -> true
Applying setting for plugin de.uni_freiburg.informatik.ultimate.plugins.generator.traceabstraction: Use initial BFS in PAPER/LCPS parallel search -> true
[2026-06-05 23:42:18,891 INFO  L75    nceAwareModelManager]: Repository-Root is: /tmp
[2026-06-05 23:42:18,896 INFO  L261   ainManager$Toolchain]: [Toolchain 1]: Applicable parser(s) successfully (re)initialized
[2026-06-05 23:42:18,897 INFO  L217   ainManager$Toolchain]: [Toolchain 1]: Toolchain selected.
[2026-06-05 23:42:18,897 INFO  L270        PluginConnector]: Initializing Boogie PL CUP Parser...
[2026-06-05 23:42:18,898 INFO  L274        PluginConnector]: Boogie PL CUP Parser initialized
[2026-06-05 23:42:18,898 INFO  L431   ainManager$Toolchain]: [Toolchain 1]: Parsing single file: /home/hschi1106/ultimate/trunk/examples/programs/20170304-DifficultPathPrograms/resultKnown/jain_4.i_2.bpl
[2026-06-05 23:42:18,898 INFO  L110           BoogieParser]: Parsing: '/home/hschi1106/ultimate/trunk/examples/programs/20170304-DifficultPathPrograms/resultKnown/jain_4.i_2.bpl'
[2026-06-05 23:42:18,905 INFO  L299   ainManager$Toolchain]: ####################### [Toolchain 1] #######################
[2026-06-05 23:42:18,906 INFO  L133        ToolchainWalker]: Walking toolchain with 3 elements.
[2026-06-05 23:42:18,906 INFO  L112        PluginConnector]: ------------------------Boogie Preprocessor----------------------------
[2026-06-05 23:42:18,906 INFO  L270        PluginConnector]: Initializing Boogie Preprocessor...
[2026-06-05 23:42:18,906 INFO  L274        PluginConnector]: Boogie Preprocessor initialized
[2026-06-05 23:42:18,911 INFO  L184        PluginConnector]: Executing the observer EnsureBoogieModelObserver from plugin Boogie Preprocessor for "jain_4.i_2.bpl de.uni_freiburg.informatik.ultimate.boogie.parser AST 05.06 11:42:18" (1/1) ...
[2026-06-05 23:42:18,912 INFO  L184        PluginConnector]: Executing the observer TypeChecker from plugin Boogie Preprocessor for "jain_4.i_2.bpl de.uni_freiburg.informatik.ultimate.boogie.parser AST 05.06 11:42:18" (1/1) ...
[2026-06-05 23:42:18,920 INFO  L184        PluginConnector]: Executing the observer ConstExpander from plugin Boogie Preprocessor for "jain_4.i_2.bpl de.uni_freiburg.informatik.ultimate.boogie.parser AST 05.06 11:42:18" (1/1) ...
[2026-06-05 23:42:18,920 INFO  L184        PluginConnector]: Executing the observer StructExpander from plugin Boogie Preprocessor for "jain_4.i_2.bpl de.uni_freiburg.informatik.ultimate.boogie.parser AST 05.06 11:42:18" (1/1) ...
[2026-06-05 23:42:18,921 INFO  L184        PluginConnector]: Executing the observer ReplaceArrayAssignments from plugin Boogie Preprocessor for "jain_4.i_2.bpl de.uni_freiburg.informatik.ultimate.boogie.parser AST 05.06 11:42:18" (1/1) ...
[2026-06-05 23:42:18,921 INFO  L184        PluginConnector]: Executing the observer UnstructureCode from plugin Boogie Preprocessor for "jain_4.i_2.bpl de.uni_freiburg.informatik.ultimate.boogie.parser AST 05.06 11:42:18" (1/1) ...
[2026-06-05 23:42:18,921 INFO  L184        PluginConnector]: Executing the observer FunctionInliner from plugin Boogie Preprocessor for "jain_4.i_2.bpl de.uni_freiburg.informatik.ultimate.boogie.parser AST 05.06 11:42:18" (1/1) ...
[2026-06-05 23:42:18,922 INFO  L184        PluginConnector]: Executing the observer LTLStepAnnotator from plugin Boogie Preprocessor for "jain_4.i_2.bpl de.uni_freiburg.informatik.ultimate.boogie.parser AST 05.06 11:42:18" (1/1) ...
[2026-06-05 23:42:18,922 INFO  L184        PluginConnector]: Executing the observer BoogieSymbolTableConstructor from plugin Boogie Preprocessor for "jain_4.i_2.bpl de.uni_freiburg.informatik.ultimate.boogie.parser AST 05.06 11:42:18" (1/1) ...
[2026-06-05 23:42:18,923 INFO  L131        PluginConnector]: ------------------------ END Boogie Preprocessor----------------------------
[2026-06-05 23:42:18,923 INFO  L112        PluginConnector]: ------------------------RCFGBuilder----------------------------
[2026-06-05 23:42:18,923 INFO  L270        PluginConnector]: Initializing RCFGBuilder...
[2026-06-05 23:42:18,923 INFO  L274        PluginConnector]: RCFGBuilder initialized
[2026-06-05 23:42:18,924 INFO  L184        PluginConnector]: Executing the observer RCFGBuilderObserver from plugin RCFGBuilder for "jain_4.i_2.bpl de.uni_freiburg.informatik.ultimate.boogie.parser AST 05.06 11:42:18" (1/1) ...
[2026-06-05 23:42:18,926 INFO  L173          SolverBuilder]: Constructing external solver with command: z3 SMTLIB2_COMPLIANT=true -memory:1024 -smt2 -in -t:12000
[2026-06-05 23:42:18,933 INFO  L189       MonitoredProcess]: No working directory specified, using /usr/bin/z3
[2026-06-05 23:42:18,937 INFO  L229       MonitoredProcess]: Starting monitored process 1 with /usr/bin/z3 SMTLIB2_COMPLIANT=true -memory:1024 -smt2 -in -t:12000 (exit command is (exit), workingDir is null)
[2026-06-05 23:42:18,939 INFO  L327       MonitoredProcess]: [MP /usr/bin/z3 SMTLIB2_COMPLIANT=true -memory:1024 -smt2 -in -t:12000 (1)] Waiting until timeout for monitored process
[2026-06-05 23:42:18,946 INFO  L138     BoogieDeclarations]: Found implementation of procedure ULTIMATE.start
[2026-06-05 23:42:18,946 INFO  L130     BoogieDeclarations]: Found specification of procedure ULTIMATE.start
[2026-06-05 23:42:18,965 INFO  L234             CfgBuilder]: Building ICFG
[2026-06-05 23:42:18,966 INFO  L260             CfgBuilder]: Building CFG for each procedure with an implementation
[2026-06-05 23:42:18,988 INFO  L?                        ?]: Removed 3 outVars from TransFormulas that were not future-live.
[2026-06-05 23:42:18,988 INFO  L283             CfgBuilder]: Performing block encoding
[2026-06-05 23:42:18,990 INFO  L89      LargeBlockEncoding]: Applying CFG Large Block Encoding to ICFG that has 1 procedures, 7 locations, 7 edges, 0 initial locations, 0 loop locations, and 1 error locations.
[2026-06-05 23:42:18,993 INFO  L139     LargeBlockEncoding]: LargeBlockEncoding completed in 4 ms, with 1 straightline sequential compositions, 0 parallel compositions, 0 1:n/n:1 sequential compositions and 0 complex sequential compositions.
[2026-06-05 23:42:18,993 INFO  L307             CfgBuilder]: Using the 1 location(s) as analysis (start of procedure ULTIMATE.start)
[2026-06-05 23:42:18,993 INFO  L312             CfgBuilder]: Removed 1 assume(true) statements.
[2026-06-05 23:42:18,994 INFO  L314             CfgBuilder]: Constructed ICFG has 1 procedures, 6 locations, 6 edges, 1 initial locations, 0 loop locations, and 1 error locations.
[2026-06-05 23:42:18,994 INFO  L201        PluginConnector]: Adding new model jain_4.i_2.bpl de.uni_freiburg.informatik.ultimate.plugins.generator.rcfgbuilder CFG 05.06 11:42:18 BoogieIcfgContainer
[2026-06-05 23:42:18,994 INFO  L131        PluginConnector]: ------------------------ END RCFGBuilder----------------------------
[2026-06-05 23:42:18,995 INFO  L112        PluginConnector]: ------------------------TraceAbstraction----------------------------
[2026-06-05 23:42:18,995 INFO  L270        PluginConnector]: Initializing TraceAbstraction...
[2026-06-05 23:42:18,996 INFO  L274        PluginConnector]: TraceAbstraction initialized
[2026-06-05 23:42:18,997 INFO  L184        PluginConnector]: Executing the observer TraceAbstractionObserver from plugin TraceAbstraction for "jain_4.i_2.bpl de.uni_freiburg.informatik.ultimate.boogie.parser AST 05.06 11:42:18" (1/2) ...
[2026-06-05 23:42:18,997 INFO  L204        PluginConnector]: Invalid model from TraceAbstraction for observer de.uni_freiburg.informatik.ultimate.plugins.generator.traceabstraction.TraceAbstractionObserver@6959d170 and model type jain_4.i_2.bpl de.uni_freiburg.informatik.ultimate.plugins.generator.traceabstraction AST 05.06 11:42:18, skipping insertion in model container
[2026-06-05 23:42:18,997 INFO  L184        PluginConnector]: Executing the observer TraceAbstractionObserver from plugin TraceAbstraction for "jain_4.i_2.bpl de.uni_freiburg.informatik.ultimate.plugins.generator.rcfgbuilder CFG 05.06 11:42:18" (2/2) ...
[2026-06-05 23:42:18,997 INFO  L128   eAbstractionObserver]: Analyzing ICFG jain_4.i_2.bpl
[2026-06-05 23:42:19,003 INFO  L217   ceAbstractionStarter]: Automizer settings: Hoare:None NWA Interpolation:ForwardPredicates Determinization: PREDICATE_ABSTRACTION
[2026-06-05 23:42:19,003 INFO  L151   ceAbstractionStarter]: Applying trace abstraction to ICFG jain_4.i_2.bpl that has 1 procedures, 6 locations, 6 edges, 1 initial locations, 0 loop locations, and 1 error locations.
[2026-06-05 23:42:19,017 INFO  L344      AbstractCegarLoop]: ======== Iteration 0 == of CEGAR loop == AllErrorsAtOnce ========
[2026-06-05 23:42:19,022 INFO  L345      AbstractCegarLoop]: Settings: SEPARATE_VIOLATION_CHECK=true, mInterprocedural=true, mMaxIterations=1000000, mWatchIteration=1000000, mArtifact=RCFG, mInterpolation=ForwardPredicates, mInterpolantAutomaton=STRAIGHT_LINE, mDumpAutomata=false, mAutomataFormat=ATS_NUMERATE, mDumpPath=., mDeterminiation=PREDICATE_ABSTRACTION, mMinimize=MINIMIZE_SEVPA, mAutomataTypeConcurrency=FINITE_AUTOMATA, mHoareTripleChecks=INCREMENTAL, mHoareAnnotationPositions=None, mDumpOnlyReuseAutomata=false, mLimitTraceHistogram=0, mErrorLocTimeLimit=0, mLimitPathProgramCount=0, mCollectInterpolantStatistics=true, mHeuristicEmptinessCheck=false, mHeuristicEmptinessCheckAStarHeuristic=ZERO, mHeuristicEmptinessCheckAStarHeuristicRandomSeed=1337, mHeuristicEmptinessCheckSmtFeatureScoringMethod=DAGSIZE, mSMTFeatureExtraction=false, mSMTFeatureExtractionDumpPath=., mOverrideInterpolantAutomaton=false, mMcrInterpolantMethod=WP, mPorIndependenceSettings=[Lde.uni_freiburg.informatik.ultimate.lib.tracecheckerutils.partialorder.independence.IndependenceSettings;@588aff66, mLbeIndependenceSettings=[IndependenceType=SEMANTIC, AbstractionType=NONE, UseConditional=false, UseSemiCommutativity=true, Solver=Z3, SolverTimeout=1000ms], mThreadLimit=4, mParallelCegarLoop=true, mConsiderOnlyActiveCounterexamplesInIsEmptyParallel=true, mMinimizeAbstractionPerWorker=true, mSearchLoopBound=-1, mParallelTraceSearchSelectionMode=LCPS_FULL, mParallelTraceSearchUseInitialBfs=true, mParallelTraceSearchTrackStalePrefixes=true
[2026-06-05 23:42:19,022 INFO  L346      AbstractCegarLoop]: Starting to check reachability of 1 error locations.
[2026-06-05 23:42:19,023 INFO  L290                IsEmpty]: Start isEmpty. Operand  has 6 states, 4 states have (on average 1.5) internal successors, (6), 5 states have internal predecessors, (6), 0 states have call successors, (0), 0 states have call predecessors, (0), 0 states have return successors, (0), 0 states have call predecessors, (0), 0 states have call successors, (0)
[2026-06-05 23:42:19,024 INFO  L300                IsEmpty]: Finished isEmpty. Found accepting run of length 5
[2026-06-05 23:42:19,024 INFO  L199           NwaCegarLoop]: Found error trace
[2026-06-05 23:42:19,024 INFO  L207           NwaCegarLoop]: trace histogram [1, 1, 1, 1]
[2026-06-05 23:42:19,025 INFO  L173          SolverBuilder]: Constructing external solver with command: z3 SMTLIB2_COMPLIANT=true -memory:1024 -smt2 -in -t:12000
[2026-06-05 23:42:19,029 INFO  L189       MonitoredProcess]: No working directory specified, using /usr/bin/z3
[2026-06-05 23:42:19,031 INFO  L229       MonitoredProcess]: Starting monitored process 2 with /usr/bin/z3 SMTLIB2_COMPLIANT=true -memory:1024 -smt2 -in -t:12000 (exit command is (exit), workingDir is null)
[2026-06-05 23:42:19,031 INFO  L327       MonitoredProcess]: [MP /usr/bin/z3 SMTLIB2_COMPLIANT=true -memory:1024 -smt2 -in -t:12000 (2)] Waiting until timeout for monitored process
[2026-06-05 23:42:19,043 WARN  L330   ript$VariableManager]: TermVariable |v_ULTIMATE.start___VERIFIER_assert_#in~cond_2| not constructed by VariableManager. Cannot ensure absence of name clashes.
[2026-06-05 23:42:19,045 INFO  L173          SolverBuilder]: Constructing external solver with command: z3 SMTLIB2_COMPLIANT=true -memory:1024 -smt2 -in -t:12000
[2026-06-05 23:42:19,045 INFO  L196   CegarNwaWorkerThread]: WorkerThread: Thread[#80,pool-1-thread-1,5,main] is Waiting for a Task
[2026-06-05 23:42:19,047 INFO  L189       MonitoredProcess]: No working directory specified, using /usr/bin/z3
[2026-06-05 23:42:19,048 INFO  L229       MonitoredProcess]: Starting monitored process 3 with /usr/bin/z3 SMTLIB2_COMPLIANT=true -memory:1024 -smt2 -in -t:12000 (exit command is (exit), workingDir is null)
[2026-06-05 23:42:19,049 INFO  L327       MonitoredProcess]: [MP /usr/bin/z3 SMTLIB2_COMPLIANT=true -memory:1024 -smt2 -in -t:12000 (3)] Waiting until timeout for monitored process
[2026-06-05 23:42:19,058 WARN  L330   ript$VariableManager]: TermVariable |v_ULTIMATE.start___VERIFIER_assert_#in~cond_2| not constructed by VariableManager. Cannot ensure absence of name clashes.
[2026-06-05 23:42:19,059 INFO  L173          SolverBuilder]: Constructing external solver with command: z3 SMTLIB2_COMPLIANT=true -memory:1024 -smt2 -in -t:12000
[2026-06-05 23:42:19,059 INFO  L196   CegarNwaWorkerThread]: WorkerThread: Thread[#86,pool-1-thread-2,5,main] is Waiting for a Task
[2026-06-05 23:42:19,061 INFO  L189       MonitoredProcess]: No working directory specified, using /usr/bin/z3
[2026-06-05 23:42:19,062 INFO  L229       MonitoredProcess]: Starting monitored process 4 with /usr/bin/z3 SMTLIB2_COMPLIANT=true -memory:1024 -smt2 -in -t:12000 (exit command is (exit), workingDir is null)
[2026-06-05 23:42:19,063 INFO  L327       MonitoredProcess]: [MP /usr/bin/z3 SMTLIB2_COMPLIANT=true -memory:1024 -smt2 -in -t:12000 (4)] Waiting until timeout for monitored process
[2026-06-05 23:42:19,071 WARN  L330   ript$VariableManager]: TermVariable |v_ULTIMATE.start___VERIFIER_assert_#in~cond_2| not constructed by VariableManager. Cannot ensure absence of name clashes.
[2026-06-05 23:42:19,073 INFO  L173          SolverBuilder]: Constructing external solver with command: z3 SMTLIB2_COMPLIANT=true -memory:1024 -smt2 -in -t:12000
[2026-06-05 23:42:19,073 INFO  L196   CegarNwaWorkerThread]: WorkerThread: Thread[#92,pool-1-thread-3,5,main] is Waiting for a Task
[2026-06-05 23:42:19,074 INFO  L189       MonitoredProcess]: No working directory specified, using /usr/bin/z3
[2026-06-05 23:42:19,076 INFO  L229       MonitoredProcess]: Starting monitored process 5 with /usr/bin/z3 SMTLIB2_COMPLIANT=true -memory:1024 -smt2 -in -t:12000 (exit command is (exit), workingDir is null)
[2026-06-05 23:42:19,076 INFO  L327       MonitoredProcess]: [MP /usr/bin/z3 SMTLIB2_COMPLIANT=true -memory:1024 -smt2 -in -t:12000 (5)] Waiting until timeout for monitored process
[2026-06-05 23:42:19,084 WARN  L330   ript$VariableManager]: TermVariable |v_ULTIMATE.start___VERIFIER_assert_#in~cond_2| not constructed by VariableManager. Cannot ensure absence of name clashes.
[2026-06-05 23:42:19,086 INFO  L196   CegarNwaWorkerThread]: WorkerThread: Thread[#98,pool-1-thread-4,5,main] is Waiting for a Task
[2026-06-05 23:42:19,086 INFO  L86        PathProgramCache]: Analyzing trace with hash 925701, now seen corresponding path program 1 times
[2026-06-05 23:42:19,086 INFO  L435   ParallelNwaCegarLoop]: Main: Starting Thread
[2026-06-05 23:42:19,086 INFO  L251   ParallelNwaCegarLoop]: === Iteration 1 ===
[2026-06-05 23:42:19,086 INFO  L304   ParallelNwaCegarLoop]: No more worker results to process
[2026-06-05 23:42:19,086 INFO  L290                IsEmpty]: Start isEmpty. Operand  has 6 states, 4 states have (on average 1.5) internal successors, (6), 5 states have internal predecessors, (6), 0 states have call successors, (0), 0 states have call predecessors, (0), 0 states have return successors, (0), 0 states have call predecessors, (0), 0 states have call successors, (0)
[2026-06-05 23:42:19,086 INFO  L300                IsEmpty]: Finished isEmpty. Found accepting run of length 5
[2026-06-05 23:42:19,086 WARN  L753                IsEmpty]: Correctness of emptinessCheck not tested.
[2026-06-05 23:42:19,087 INFO  L209   CegarNwaWorkerThread]: Starting Thread: 80# for Trace Check: 925701
[2026-06-05 23:42:19,088 INFO  L79                 Accepts]: Start accepts. Automaton has  has 6 states, 4 states have (on average 1.5) internal successors, (6), 5 states have internal predecessors, (6), 0 states have call successors, (0), 0 states have call predecessors, (0), 0 states have return successors, (0), 0 states have call predecessors, (0), 0 states have call successors, (0) Word has length 4
[2026-06-05 23:42:19,089 INFO  L85                 Accepts]: Finished accepts. word is accepted.
[2026-06-05 23:42:19,089 INFO  L757                IsEmpty]: Finished testing correctness of emptinessCheck
[2026-06-05 23:42:19,089 INFO  L156       PredicateUnifier]: Initialized classic predicate unifier
[2026-06-05 23:42:19,089 INFO  L675   ParallelNwaCegarLoop]: BFS found an active duplicate counterexample.
[2026-06-05 23:42:19,089 INFO  L86        PathProgramCache]: Analyzing trace with hash 925701, now seen corresponding path program 1 times
[2026-06-05 23:42:19,089 INFO  L290                IsEmpty]: Start isEmptyParallel. Operand  has 6 states, 4 states have (on average 1.5) internal successors, (6), 5 states have internal predecessors, (6), 0 states have call successors, (0), 0 states have call predecessors, (0), 0 states have return successors, (0), 0 states have call predecessors, (0), 0 states have call successors, (0)
[2026-06-05 23:42:19,089 INFO  L300                IsEmpty]: Finished isEmptyParallel. No accepting run.
[2026-06-05 23:42:19,089 INFO  L156        IsEmptyParallel]: Start isEmptyParallel. Operand  has 6 states, 4 states have (on average 1.5) internal successors, (6), 5 states have internal predecessors, (6), 0 states have call successors, (0), 0 states have call predecessors, (0), 0 states have return successors, (0), 0 states have call predecessors, (0), 0 states have call successors, (0)
[2026-06-05 23:42:19,091 INFO  L182       IsEmptyHeuristic]: Start isEmptyHeuristic. Operand  has 6 states, 4 states have (on average 1.5) internal successors, (6), 5 states have internal predecessors, (6), 0 states have call successors, (0), 0 states have call predecessors, (0), 0 states have return successors, (0), 0 states have call predecessors, (0), 0 states have call successors, (0)
[2026-06-05 23:42:19,092 INFO  L118   FreeRefinementEngine]: Executing refinement strategy CAMEL
[2026-06-05 23:42:19,092 INFO  L324   FreeRefinementEngine]: Using trace check IpTcStrategyModuleSmtInterpolCraig [1217189323]
[2026-06-05 23:42:19,092 INFO  L97    rtionOrderModulation]: Keeping assertion order NOT_INCREMENTALLY
[2026-06-05 23:42:19,092 INFO  L127          SolverBuilder]: Constructing new instance of SMTInterpol with explicit timeout -1 ms and remaining time -1 ms
[2026-06-05 23:42:19,093 INFO  L188       IsEmptyHeuristic]: Finished isEmptyHeuristic. Found accepting run of length 7
[2026-06-05 23:42:19,093 INFO  L163        IsEmptyParallel]: Finished isEmptyParallel. Found accepting run of length 7
[2026-06-05 23:42:19,093 WARN  L753                IsEmpty]: Correctness of emptinessCheck not tested.
[2026-06-05 23:42:19,093 INFO  L79                 Accepts]: Start accepts. Automaton has  has 6 states, 4 states have (on average 1.5) internal successors, (6), 5 states have internal predecessors, (6), 0 states have call successors, (0), 0 states have call predecessors, (0), 0 states have return successors, (0), 0 states have call predecessors, (0), 0 states have call successors, (0) Word has length 6
[2026-06-05 23:42:19,093 INFO  L85                 Accepts]: Finished accepts. word is accepted.
[2026-06-05 23:42:19,093 INFO  L757                IsEmpty]: Finished testing correctness of emptinessCheck
[2026-06-05 23:42:19,093 INFO  L671   ParallelNwaCegarLoop]: Found new Counterexample via IsEmptyParallel LCPS_FULL!
[2026-06-05 23:42:19,093 INFO  L86        PathProgramCache]: Analyzing trace with hash 889531649, now seen corresponding path program 1 times
[2026-06-05 23:42:19,093 INFO  L435   ParallelNwaCegarLoop]: Main: Starting Thread
[2026-06-05 23:42:19,093 INFO  L209   CegarNwaWorkerThread]: Starting Thread: 86# for Trace Check: 889531649
[2026-06-05 23:42:19,093 INFO  L290                IsEmpty]: Start isEmptyParallel. Operand  has 6 states, 4 states have (on average 1.5) internal successors, (6), 5 states have internal predecessors, (6), 0 states have call successors, (0), 0 states have call predecessors, (0), 0 states have return successors, (0), 0 states have call predecessors, (0), 0 states have call successors, (0)
[2026-06-05 23:42:19,093 INFO  L300                IsEmpty]: Finished isEmptyParallel. No accepting run.
[2026-06-05 23:42:19,093 INFO  L156        IsEmptyParallel]: Start isEmptyParallel. Operand  has 6 states, 4 states have (on average 1.5) internal successors, (6), 5 states have internal predecessors, (6), 0 states have call successors, (0), 0 states have call predecessors, (0), 0 states have return successors, (0), 0 states have call predecessors, (0), 0 states have call successors, (0)
[2026-06-05 23:42:19,093 INFO  L156       PredicateUnifier]: Initialized classic predicate unifier
[2026-06-05 23:42:19,094 INFO  L182       IsEmptyHeuristic]: Start isEmptyHeuristic. Operand  has 6 states, 4 states have (on average 1.5) internal successors, (6), 5 states have internal predecessors, (6), 0 states have call successors, (0), 0 states have call predecessors, (0), 0 states have return successors, (0), 0 states have call predecessors, (0), 0 states have call successors, (0)
[2026-06-05 23:42:19,094 INFO  L86        PathProgramCache]: Analyzing trace with hash 889531649, now seen corresponding path program 1 times
[2026-06-05 23:42:19,094 INFO  L188       IsEmptyHeuristic]: Finished isEmptyHeuristic. Found accepting run of length 9
[2026-06-05 23:42:19,094 INFO  L118   FreeRefinementEngine]: Executing refinement strategy CAMEL
[2026-06-05 23:42:19,094 INFO  L163        IsEmptyParallel]: Finished isEmptyParallel. Found accepting run of length 9
[2026-06-05 23:42:19,094 INFO  L324   FreeRefinementEngine]: Using trace check IpTcStrategyModuleSmtInterpolCraig [2001449110]
[2026-06-05 23:42:19,094 WARN  L753                IsEmpty]: Correctness of emptinessCheck not tested.
[2026-06-05 23:42:19,094 INFO  L97    rtionOrderModulation]: Keeping assertion order NOT_INCREMENTALLY
[2026-06-05 23:42:19,094 INFO  L79                 Accepts]: Start accepts. Automaton has  has 6 states, 4 states have (on average 1.5) internal successors, (6), 5 states have internal predecessors, (6), 0 states have call successors, (0), 0 states have call predecessors, (0), 0 states have return successors, (0), 0 states have call predecessors, (0), 0 states have call successors, (0) Word has length 8
[2026-06-05 23:42:19,094 INFO  L127          SolverBuilder]: Constructing new instance of SMTInterpol with explicit timeout -1 ms and remaining time -1 ms
[2026-06-05 23:42:19,094 INFO  L85                 Accepts]: Finished accepts. word is accepted.
[2026-06-05 23:42:19,094 INFO  L757                IsEmpty]: Finished testing correctness of emptinessCheck
[2026-06-05 23:42:19,094 INFO  L671   ParallelNwaCegarLoop]: Found new Counterexample via IsEmptyParallel LCPS_FULL!
[2026-06-05 23:42:19,094 INFO  L86        PathProgramCache]: Analyzing trace with hash 141355773, now seen corresponding path program 2 times
[2026-06-05 23:42:19,094 INFO  L435   ParallelNwaCegarLoop]: Main: Starting Thread
[2026-06-05 23:42:19,094 INFO  L209   CegarNwaWorkerThread]: Starting Thread: 92# for Trace Check: 141355773
[2026-06-05 23:42:19,094 INFO  L290                IsEmpty]: Start isEmptyParallel. Operand  has 6 states, 4 states have (on average 1.5) internal successors, (6), 5 states have internal predecessors, (6), 0 states have call successors, (0), 0 states have call predecessors, (0), 0 states have return successors, (0), 0 states have call predecessors, (0), 0 states have call successors, (0)
[2026-06-05 23:42:19,094 INFO  L300                IsEmpty]: Finished isEmptyParallel. No accepting run.
[2026-06-05 23:42:19,094 INFO  L156        IsEmptyParallel]: Start isEmptyParallel. Operand  has 6 states, 4 states have (on average 1.5) internal successors, (6), 5 states have internal predecessors, (6), 0 states have call successors, (0), 0 states have call predecessors, (0), 0 states have return successors, (0), 0 states have call predecessors, (0), 0 states have call successors, (0)
[2026-06-05 23:42:19,094 INFO  L156       PredicateUnifier]: Initialized classic predicate unifier
[2026-06-05 23:42:19,094 INFO  L182       IsEmptyHeuristic]: Start isEmptyHeuristic. Operand  has 6 states, 4 states have (on average 1.5) internal successors, (6), 5 states have internal predecessors, (6), 0 states have call successors, (0), 0 states have call predecessors, (0), 0 states have return successors, (0), 0 states have call predecessors, (0), 0 states have call successors, (0)
[2026-06-05 23:42:19,094 INFO  L86        PathProgramCache]: Analyzing trace with hash 141355773, now seen corresponding path program 2 times
[2026-06-05 23:42:19,094 INFO  L188       IsEmptyHeuristic]: Finished isEmptyHeuristic. No accepting run.
[2026-06-05 23:42:19,095 INFO  L118   FreeRefinementEngine]: Executing refinement strategy CAMEL
[2026-06-05 23:42:19,095 INFO  L324   FreeRefinementEngine]: Using trace check IpTcStrategyModuleSmtInterpolCraig [1850194779]
[2026-06-05 23:42:19,095 INFO  L95    rtionOrderModulation]: Changing assertion order to OUTSIDE_LOOP_FIRST1
[2026-06-05 23:42:19,095 INFO  L182       IsEmptyHeuristic]: Start isEmptyHeuristic. Operand  has 6 states, 4 states have (on average 1.5) internal successors, (6), 5 states have internal predecessors, (6), 0 states have call successors, (0), 0 states have call predecessors, (0), 0 states have return successors, (0), 0 states have call predecessors, (0), 0 states have call successors, (0)
[2026-06-05 23:42:19,095 INFO  L127          SolverBuilder]: Constructing new instance of SMTInterpol with explicit timeout -1 ms and remaining time -1 ms
[2026-06-05 23:42:19,095 INFO  L188       IsEmptyHeuristic]: Finished isEmptyHeuristic. Found accepting run of length 11
[2026-06-05 23:42:19,095 INFO  L163        IsEmptyParallel]: Finished isEmptyParallel. Found accepting run of length 11
[2026-06-05 23:42:19,095 WARN  L753                IsEmpty]: Correctness of emptinessCheck not tested.
[2026-06-05 23:42:19,095 INFO  L79                 Accepts]: Start accepts. Automaton has  has 6 states, 4 states have (on average 1.5) internal successors, (6), 5 states have internal predecessors, (6), 0 states have call successors, (0), 0 states have call predecessors, (0), 0 states have return successors, (0), 0 states have call predecessors, (0), 0 states have call successors, (0) Word has length 10
[2026-06-05 23:42:19,095 INFO  L85                 Accepts]: Finished accepts. word is accepted.
[2026-06-05 23:42:19,095 INFO  L757                IsEmpty]: Finished testing correctness of emptinessCheck
[2026-06-05 23:42:19,095 INFO  L671   ParallelNwaCegarLoop]: Found new Counterexample via IsEmptyParallel LCPS_FULL!
[2026-06-05 23:42:19,095 INFO  L86        PathProgramCache]: Analyzing trace with hash -1596122631, now seen corresponding path program 3 times
[2026-06-05 23:42:19,095 INFO  L435   ParallelNwaCegarLoop]: Main: Starting Thread
[2026-06-05 23:42:19,095 INFO  L209   CegarNwaWorkerThread]: Starting Thread: 98# for Trace Check: -1596122631
[2026-06-05 23:42:19,095 INFO  L251   ParallelNwaCegarLoop]: === Iteration 2 ===
[2026-06-05 23:42:19,095 INFO  L452   ParallelNwaCegarLoop]: All threads busy, going to sleep.
[2026-06-05 23:42:19,095 INFO  L156       PredicateUnifier]: Initialized classic predicate unifier
[2026-06-05 23:42:19,095 INFO  L86        PathProgramCache]: Analyzing trace with hash -1596122631, now seen corresponding path program 3 times
[2026-06-05 23:42:19,095 INFO  L118   FreeRefinementEngine]: Executing refinement strategy CAMEL
[2026-06-05 23:42:19,095 INFO  L324   FreeRefinementEngine]: Using trace check IpTcStrategyModuleSmtInterpolCraig [1925771553]
[2026-06-05 23:42:19,095 INFO  L95    rtionOrderModulation]: Changing assertion order to OUTSIDE_LOOP_FIRST2
[2026-06-05 23:42:19,096 INFO  L127          SolverBuilder]: Constructing new instance of SMTInterpol with explicit timeout -1 ms and remaining time -1 ms
[2026-06-05 23:42:19,126 INFO  L108    AnnotateAndAsserter]: Assert order NOT_INCREMENTALLY partitioned 6 statements into 1 equivalence classes.
[2026-06-05 23:42:19,126 INFO  L108    AnnotateAndAsserter]: Assert order OUTSIDE_LOOP_FIRST1 partitioned 8 statements into 2 equivalence classes.
[2026-06-05 23:42:19,126 INFO  L108    AnnotateAndAsserter]: Assert order OUTSIDE_LOOP_FIRST2 partitioned 10 statements into 4 equivalence classes.
[2026-06-05 23:42:19,126 INFO  L108    AnnotateAndAsserter]: Assert order NOT_INCREMENTALLY partitioned 4 statements into 1 equivalence classes.
[2026-06-05 23:42:19,139 INFO  L111    AnnotateAndAsserter]: Assert order NOT_INCREMENTALLY issued 1 check-sat command(s) and asserted 4 of 4 statements.
[2026-06-05 23:42:19,139 INFO  L114    AnnotateAndAsserter]: Assert order NOT_INCREMENTALLY issued 1 check-sat command(s)
[2026-06-05 23:42:19,140 INFO  L115    AnnotateAndAsserter]: Conjunction of SSA is unsat
[2026-06-05 23:42:19,141 INFO  L111    AnnotateAndAsserter]: Assert order NOT_INCREMENTALLY issued 1 check-sat command(s) and asserted 6 of 6 statements.
[2026-06-05 23:42:19,142 INFO  L114    AnnotateAndAsserter]: Assert order NOT_INCREMENTALLY issued 1 check-sat command(s)
[2026-06-05 23:42:19,142 INFO  L115    AnnotateAndAsserter]: Conjunction of SSA is unsat
[2026-06-05 23:42:19,147 INFO  L111    AnnotateAndAsserter]: Assert order OUTSIDE_LOOP_FIRST1 issued 2 check-sat command(s) and asserted 8 of 8 statements.
[2026-06-05 23:42:19,147 INFO  L114    AnnotateAndAsserter]: Assert order OUTSIDE_LOOP_FIRST1 issued 2 check-sat command(s)
[2026-06-05 23:42:19,147 INFO  L115    AnnotateAndAsserter]: Conjunction of SSA is unsat
[2026-06-05 23:42:19,154 INFO  L111    AnnotateAndAsserter]: Assert order OUTSIDE_LOOP_FIRST2 issued 4 check-sat command(s) and asserted 10 of 10 statements.
[2026-06-05 23:42:19,154 INFO  L114    AnnotateAndAsserter]: Assert order OUTSIDE_LOOP_FIRST2 issued 4 check-sat command(s)
[2026-06-05 23:42:19,154 INFO  L115    AnnotateAndAsserter]: Conjunction of SSA is unsat
[2026-06-05 23:42:19,207 INFO  L134       CoverageAnalysis]: Checked inductivity of 0 backedges. 0 proven. 0 refuted. 0 times theorem prover too weak. 0 trivial. 0 not checked.
[2026-06-05 23:42:19,207 INFO  L136   FreeRefinementEngine]: Strategy CAMEL found an infeasible trace
[2026-06-05 23:42:19,208 INFO  L324   FreeRefinementEngine]: Using interpolant generator IpTcStrategyModuleSmtInterpolCraig [1217189323]
[2026-06-05 23:42:19,208 INFO  L158   FreeRefinementEngine]: IpTcStrategyModuleSmtInterpolCraig [1217189323] provided 1 perfect and 0 imperfect interpolant sequences
[2026-06-05 23:42:19,208 INFO  L185   FreeRefinementEngine]: Found 1 perfect and 0 imperfect interpolant sequences.
[2026-06-05 23:42:19,208 INFO  L198   FreeRefinementEngine]: Number of different interpolants: perfect sequences [3] imperfect sequences [] total 3
[2026-06-05 23:42:19,209 INFO  L122   tionRefinementEngine]: Using interpolant automaton builder IpAbStrategyModuleStraightlineAll [1443624907]
[2026-06-05 23:42:19,209 INFO  L85    oduleStraightlineAll]: Using 1 perfect interpolants to construct interpolant automaton
[2026-06-05 23:42:19,211 INFO  L100   FreeRefinementEngine]: Using predicate unifier PredicateUnifier provided by strategy CAMEL
[2026-06-05 23:42:19,222 INFO  L134       CoverageAnalysis]: Checked inductivity of 2 backedges. 0 proven. 2 refuted. 0 times theorem prover too weak. 0 trivial. 0 not checked.
[2026-06-05 23:42:19,223 INFO  L136   FreeRefinementEngine]: Strategy CAMEL found an infeasible trace
[2026-06-05 23:42:19,223 INFO  L324   FreeRefinementEngine]: Using interpolant generator IpTcStrategyModuleSmtInterpolCraig [2001449110]
[2026-06-05 23:42:19,223 INFO  L158   FreeRefinementEngine]: IpTcStrategyModuleSmtInterpolCraig [2001449110] provided 0 perfect and 1 imperfect interpolant sequences
[2026-06-05 23:42:19,223 INFO  L324   FreeRefinementEngine]: Using interpolant generator IpTcStrategyModuleZ3 [883923922]
[2026-06-05 23:42:19,223 INFO  L97    rtionOrderModulation]: Keeping assertion order NOT_INCREMENTALLY
[2026-06-05 23:42:19,223 INFO  L173          SolverBuilder]: Constructing external solver with command: z3 -smt2 -in SMTLIB2_COMPLIANT=true
[2026-06-05 23:42:19,225 INFO  L189       MonitoredProcess]: No working directory specified, using /usr/bin/z3
[2026-06-05 23:42:19,225 INFO  L144   InterpolantAutomaton]: Constructing interpolant automaton starting with 4 interpolants.
[2026-06-05 23:42:19,225 INFO  L146   InterpolantAutomaton]: CoverageRelationStatistics Valid=5, Invalid=7, Unknown=0, NotChecked=0, Total=12
[2026-06-05 23:42:19,225 INFO  L419   CegarNwaWorkerThread]: Difference in Worker for Generalization
[2026-06-05 23:42:19,226 INFO  L229       MonitoredProcess]: Starting monitored process 6 with /usr/bin/z3 -smt2 -in SMTLIB2_COMPLIANT=true (exit command is (exit), workingDir is null)
[2026-06-05 23:42:19,226 INFO  L87              Difference]: Start difference. First operand  has 6 states, 4 states have (on average 1.5) internal successors, (6), 5 states have internal predecessors, (6), 0 states have call successors, (0), 0 states have call predecessors, (0), 0 states have return successors, (0), 0 states have call predecessors, (0), 0 states have call successors, (0) Second operand  has 4 states, 4 states have (on average 1.0) internal successors, (4), 3 states have internal predecessors, (4), 0 states have call successors, (0), 0 states have call predecessors, (0), 0 states have return successors, (0), 0 states have call predecessors, (0), 0 states have call successors, (0)
[2026-06-05 23:42:19,227 INFO  L327       MonitoredProcess]: [MP /usr/bin/z3 -smt2 -in SMTLIB2_COMPLIANT=true (6)] Waiting until timeout for monitored process
[2026-06-05 23:42:19,232 INFO  L134       CoverageAnalysis]: Checked inductivity of 6 backedges. 0 proven. 4 refuted. 0 times theorem prover too weak. 2 trivial. 0 not checked.
[2026-06-05 23:42:19,232 INFO  L136   FreeRefinementEngine]: Strategy CAMEL found an infeasible trace
[2026-06-05 23:42:19,232 INFO  L324   FreeRefinementEngine]: Using interpolant generator IpTcStrategyModuleSmtInterpolCraig [1850194779]
[2026-06-05 23:42:19,232 INFO  L158   FreeRefinementEngine]: IpTcStrategyModuleSmtInterpolCraig [1850194779] provided 0 perfect and 1 imperfect interpolant sequences
[2026-06-05 23:42:19,232 INFO  L324   FreeRefinementEngine]: Using interpolant generator IpTcStrategyModuleZ3 [606380037]
[2026-06-05 23:42:19,232 INFO  L95    rtionOrderModulation]: Changing assertion order to OUTSIDE_LOOP_FIRST1
[2026-06-05 23:42:19,232 INFO  L173          SolverBuilder]: Constructing external solver with command: z3 -smt2 -in SMTLIB2_COMPLIANT=true
[2026-06-05 23:42:19,234 INFO  L189       MonitoredProcess]: No working directory specified, using /usr/bin/z3
[2026-06-05 23:42:19,236 INFO  L229       MonitoredProcess]: Starting monitored process 7 with /usr/bin/z3 -smt2 -in SMTLIB2_COMPLIANT=true (exit command is (exit), workingDir is null)
[2026-06-05 23:42:19,236 INFO  L327       MonitoredProcess]: [MP /usr/bin/z3 -smt2 -in SMTLIB2_COMPLIANT=true (7)] Waiting until timeout for monitored process
[2026-06-05 23:42:19,238 INFO  L144             Difference]: Subtrahend was deterministic. Have not used determinization.
[2026-06-05 23:42:19,238 INFO  L93              Difference]: Finished difference Result 7 states and 7 transitions.
[2026-06-05 23:42:19,239 INFO  L140   InterpolantAutomaton]: Switched to read-only mode: deterministic interpolant automaton has 4 states. 
[2026-06-05 23:42:19,240 INFO  L108    AnnotateAndAsserter]: Assert order NOT_INCREMENTALLY partitioned 6 statements into 1 equivalence classes.
[2026-06-05 23:42:19,241 INFO  L225             Difference]: With dead ends: 7
[2026-06-05 23:42:19,241 INFO  L226             Difference]: Without dead ends: 7
[2026-06-05 23:42:19,242 INFO  L487   CegarNwaWorkerThread]: 0 DeclaredPredicates, 3 GetRequests, 1 SyntacticMatches, 0 SemanticMatches, 2 ConstructedPredicates, 0 IntricatePredicates, 0 DeprecatedPredicates, 0 ImplicationChecksByTransitivity, 0.0s TimeCoverageRelationStatistics Valid=5, Invalid=7, Unknown=0, NotChecked=0, Total=12
[2026-06-05 23:42:19,243 INFO  L488   CegarNwaWorkerThread]: 3 mSDtfsCounter, 0 mSDsluCounter, 4 mSDsCounter, 0 mSdLazyCounter, 7 mSolverCounterSat, 0 mSolverCounterUnsat, 0 mSolverCounterUnknown, 0 mSolverCounterNotChecked, 0.0s Time, 0 mProtectedPredicate, 0 mProtectedAction, 0 SdHoareTripleChecker+Valid, 7 SdHoareTripleChecker+Invalid, 7 SdHoareTripleChecker+Unknown, 0 SdHoareTripleChecker+Unchecked, 0.0s SdHoareTripleChecker+Time, 0 IncrementalHoareTripleChecker+Valid, 7 IncrementalHoareTripleChecker+Invalid, 0 IncrementalHoareTripleChecker+Unknown, 0 IncrementalHoareTripleChecker+Unchecked, 0.0s IncrementalHoareTripleChecker+Time
[2026-06-05 23:42:19,243 INFO  L489   CegarNwaWorkerThread]: SdHoareTripleChecker [0 Valid, 7 Invalid, 7 Unknown, 0 Unchecked, 0.0s Time], IncrementalHoareTripleChecker [0 Valid, 7 Invalid, 0 Unknown, 0 Unchecked, 0.0s Time]
[2026-06-05 23:42:19,244 INFO  L111    AnnotateAndAsserter]: Assert order NOT_INCREMENTALLY issued 1 check-sat command(s) and asserted 6 of 6 statements.
[2026-06-05 23:42:19,244 INFO  L114    AnnotateAndAsserter]: Assert order NOT_INCREMENTALLY issued 1 check-sat command(s)
[2026-06-05 23:42:19,244 INFO  L115    AnnotateAndAsserter]: Conjunction of SSA is unsat
[2026-06-05 23:42:19,244 INFO  L224   CegarNwaWorkerThread]: Done with Thread: 80#
[2026-06-05 23:42:19,244 INFO  L196   CegarNwaWorkerThread]: WorkerThread: Thread[#80,Worker for 925701,5,main] is Waiting for a Task
[2026-06-05 23:42:19,244 INFO  L455   ParallelNwaCegarLoop]: Waking up, a worker is done.
[2026-06-05 23:42:19,244 INFO  L261   ParallelNwaCegarLoop]: Main: A Thread is Done
[2026-06-05 23:42:19,244 WARN  L254         TraceCheckSpWp]: Trace formula consists of 32 conjuncts, 21 conjuncts are in the unsatisfiable core
[2026-06-05 23:42:19,244 INFO  L279   ParallelNwaCegarLoop]: Worker Automaton Type: FLOYD_HOARE
[2026-06-05 23:42:19,245 INFO  L79                 Accepts]: Start accepts. Automaton has  has 6 states, 4 states have (on average 1.5) internal successors, (6), 5 states have internal predecessors, (6), 0 states have call successors, (0), 0 states have call predecessors, (0), 0 states have return successors, (0), 0 states have call predecessors, (0), 0 states have call successors, (0) Word has length 4
[2026-06-05 23:42:19,245 INFO  L85                 Accepts]: Finished accepts. word is accepted.
[2026-06-05 23:42:19,245 INFO  L281   ParallelNwaCegarLoop]: Refining Abstraction
[2026-06-05 23:42:19,245 INFO  L518   ParallelNwaCegarLoop]: Subtrahend traceHash: 925701
[2026-06-05 23:42:19,245 INFO  L485   ParallelNwaCegarLoop]: Difference in Main
[2026-06-05 23:42:19,245 INFO  L87              Difference]: Start difference. First operand  has 6 states, 4 states have (on average 1.5) internal successors, (6), 5 states have internal predecessors, (6), 0 states have call successors, (0), 0 states have call predecessors, (0), 0 states have return successors, (0), 0 states have call predecessors, (0), 0 states have call successors, (0) Second operand  has 4 states, 3 states have (on average 3.0) internal successors, (9), 4 states have internal predecessors, (9), 0 states have call successors, (0), 0 states have call predecessors, (0), 0 states have return successors, (0), 0 states have call predecessors, (0), 0 states have call successors, (0)
[2026-06-05 23:42:19,245 INFO  L144             Difference]: Subtrahend was deterministic. Have not used determinization.
[2026-06-05 23:42:19,245 INFO  L134       CoverageAnalysis]: Checked inductivity of 12 backedges. 0 proven. 6 refuted. 0 times theorem prover too weak. 6 trivial. 0 not checked.
[2026-06-05 23:42:19,245 INFO  L93              Difference]: Finished difference Result 7 states and 7 transitions.
[2026-06-05 23:42:19,245 INFO  L136   FreeRefinementEngine]: Strategy CAMEL found an infeasible trace
[2026-06-05 23:42:19,245 INFO  L324   FreeRefinementEngine]: Using interpolant generator IpTcStrategyModuleSmtInterpolCraig [1925771553]
[2026-06-05 23:42:19,245 INFO  L158   FreeRefinementEngine]: IpTcStrategyModuleSmtInterpolCraig [1925771553] provided 0 perfect and 1 imperfect interpolant sequences
[2026-06-05 23:42:19,245 INFO  L225             Difference]: With dead ends: 7
[2026-06-05 23:42:19,245 INFO  L226             Difference]: Without dead ends: 7
[2026-06-05 23:42:19,245 INFO  L324   FreeRefinementEngine]: Using interpolant generator IpTcStrategyModuleZ3 [1103105792]
[2026-06-05 23:42:19,245 INFO  L95    rtionOrderModulation]: Changing assertion order to OUTSIDE_LOOP_FIRST2
[2026-06-05 23:42:19,246 INFO  L173          SolverBuilder]: Constructing external solver with command: z3 -smt2 -in SMTLIB2_COMPLIANT=true
[2026-06-05 23:42:19,246 INFO  L279         TraceCheckSpWp]: Computing forward predicates...
[2026-06-05 23:42:19,249 INFO  L189       MonitoredProcess]: No working directory specified, using /usr/bin/z3
[2026-06-05 23:42:19,251 INFO  L229       MonitoredProcess]: Starting monitored process 8 with /usr/bin/z3 -smt2 -in SMTLIB2_COMPLIANT=true (exit command is (exit), workingDir is null)
[2026-06-05 23:42:19,252 INFO  L327       MonitoredProcess]: [MP /usr/bin/z3 -smt2 -in SMTLIB2_COMPLIANT=true (8)] Waiting until timeout for monitored process
[2026-06-05 23:42:19,253 INFO  L108    AnnotateAndAsserter]: Assert order OUTSIDE_LOOP_FIRST1 partitioned 8 statements into 2 equivalence classes.
[2026-06-05 23:42:19,253 INFO  L82        GeneralOperation]: Start minimizeSevpa. Operand 7 states.
[2026-06-05 23:42:19,258 INFO  L88        GeneralOperation]: Finished minimizeSevpa. Reduced states from 7 to 7.
[2026-06-05 23:42:19,259 INFO  L82        GeneralOperation]: Start removeUnreachable. Operand  has 7 states, 6 states have (on average 1.1666666666666667) internal successors, (7), 6 states have internal predecessors, (7), 0 states have call successors, (0), 0 states have call predecessors, (0), 0 states have return successors, (0), 0 states have call predecessors, (0), 0 states have call successors, (0)
[2026-06-05 23:42:19,260 INFO  L88        GeneralOperation]: Finished removeUnreachable. Reduced from 7 states to 7 states and 7 transitions.
[2026-06-05 23:42:19,260 INFO  L496   ParallelNwaCegarLoop]: Main: Refinement done.
[2026-06-05 23:42:19,260 INFO  L415   ParallelNwaCegarLoop]: Checking if program is safe
[2026-06-05 23:42:19,260 INFO  L290                IsEmpty]: Start isEmpty. Operand 7 states and 7 transitions.
[2026-06-05 23:42:19,260 INFO  L300                IsEmpty]: Finished isEmpty. Found accepting run of length 7
[2026-06-05 23:42:19,260 INFO  L199           NwaCegarLoop]: Found error trace
[2026-06-05 23:42:19,261 INFO  L207           NwaCegarLoop]: trace histogram [2, 1, 1, 1, 1]
[2026-06-05 23:42:19,261 INFO  L304   ParallelNwaCegarLoop]: No more worker results to process
[2026-06-05 23:42:19,261 INFO  L290                IsEmpty]: Start isEmpty. Operand 7 states and 7 transitions.
[2026-06-05 23:42:19,261 INFO  L300                IsEmpty]: Finished isEmpty. Found accepting run of length 7
[2026-06-05 23:42:19,261 WARN  L753                IsEmpty]: Correctness of emptinessCheck not tested.
[2026-06-05 23:42:19,261 INFO  L79                 Accepts]: Start accepts. Automaton has 7 states and 7 transitions. Word has length 6
[2026-06-05 23:42:19,261 INFO  L85                 Accepts]: Finished accepts. word is accepted.
[2026-06-05 23:42:19,261 INFO  L757                IsEmpty]: Finished testing correctness of emptinessCheck
[2026-06-05 23:42:19,261 INFO  L675   ParallelNwaCegarLoop]: BFS found an active duplicate counterexample.
[2026-06-05 23:42:19,261 INFO  L290                IsEmpty]: Start isEmptyParallel. Operand 7 states and 7 transitions.
[2026-06-05 23:42:19,261 INFO  L300                IsEmpty]: Finished isEmptyParallel. No accepting run.
[2026-06-05 23:42:19,261 INFO  L156        IsEmptyParallel]: Start isEmptyParallel. Operand 7 states and 7 transitions.
[2026-06-05 23:42:19,261 INFO  L182       IsEmptyHeuristic]: Start isEmptyHeuristic. Operand 7 states and 7 transitions.
[2026-06-05 23:42:19,261 INFO  L188       IsEmptyHeuristic]: Finished isEmptyHeuristic. Found accepting run of length 13
[2026-06-05 23:42:19,261 INFO  L163        IsEmptyParallel]: Finished isEmptyParallel. Found accepting run of length 13
[2026-06-05 23:42:19,261 WARN  L753                IsEmpty]: Correctness of emptinessCheck not tested.
[2026-06-05 23:42:19,261 INFO  L79                 Accepts]: Start accepts. Automaton has 7 states and 7 transitions. Word has length 12
[2026-06-05 23:42:19,261 INFO  L85                 Accepts]: Finished accepts. word is accepted.
[2026-06-05 23:42:19,261 INFO  L757                IsEmpty]: Finished testing correctness of emptinessCheck
[2026-06-05 23:42:19,261 INFO  L671   ParallelNwaCegarLoop]: Found new Counterexample via IsEmptyParallel LCPS_FULL!
[2026-06-05 23:42:19,261 INFO  L86        PathProgramCache]: Analyzing trace with hash -570590731, now seen corresponding path program 4 times
[2026-06-05 23:42:19,261 INFO  L435   ParallelNwaCegarLoop]: Main: Starting Thread
[2026-06-05 23:42:19,261 INFO  L251   ParallelNwaCegarLoop]: === Iteration 3 ===
[2026-06-05 23:42:19,261 INFO  L452   ParallelNwaCegarLoop]: All threads busy, going to sleep.
[2026-06-05 23:42:19,261 INFO  L209   CegarNwaWorkerThread]: Starting Thread: 80# for Trace Check: -570590731
[2026-06-05 23:42:19,262 INFO  L156       PredicateUnifier]: Initialized classic predicate unifier
[2026-06-05 23:42:19,262 INFO  L86        PathProgramCache]: Analyzing trace with hash -570590731, now seen corresponding path program 4 times
[2026-06-05 23:42:19,262 INFO  L118   FreeRefinementEngine]: Executing refinement strategy CAMEL
[2026-06-05 23:42:19,262 INFO  L324   FreeRefinementEngine]: Using trace check IpTcStrategyModuleSmtInterpolCraig [1733859952]
[2026-06-05 23:42:19,262 INFO  L95    rtionOrderModulation]: Changing assertion order to TERMS_WITH_SMALL_CONSTANTS_FIRST
[2026-06-05 23:42:19,262 INFO  L127          SolverBuilder]: Constructing new instance of SMTInterpol with explicit timeout -1 ms and remaining time -1 ms
[2026-06-05 23:42:19,265 INFO  L108    AnnotateAndAsserter]: Assert order TERMS_WITH_SMALL_CONSTANTS_FIRST partitioned 12 statements into 2 equivalence classes.
[2026-06-05 23:42:19,266 INFO  L108    AnnotateAndAsserter]: Assert order OUTSIDE_LOOP_FIRST2 partitioned 10 statements into 4 equivalence classes.
[2026-06-05 23:42:19,273 INFO  L111    AnnotateAndAsserter]: Assert order OUTSIDE_LOOP_FIRST1 issued 2 check-sat command(s) and asserted 8 of 8 statements.
[2026-06-05 23:42:19,273 INFO  L114    AnnotateAndAsserter]: Assert order OUTSIDE_LOOP_FIRST1 issued 2 check-sat command(s)
[2026-06-05 23:42:19,273 INFO  L115    AnnotateAndAsserter]: Conjunction of SSA is unsat
[2026-06-05 23:42:19,274 WARN  L254         TraceCheckSpWp]: Trace formula consists of 43 conjuncts, 27 conjuncts are in the unsatisfiable core
[2026-06-05 23:42:19,275 INFO  L279         TraceCheckSpWp]: Computing forward predicates...
[2026-06-05 23:42:19,276 INFO  L111    AnnotateAndAsserter]: Assert order TERMS_WITH_SMALL_CONSTANTS_FIRST issued 2 check-sat command(s) and asserted 12 of 12 statements.
[2026-06-05 23:42:19,276 INFO  L114    AnnotateAndAsserter]: Assert order TERMS_WITH_SMALL_CONSTANTS_FIRST issued 2 check-sat command(s)
[2026-06-05 23:42:19,276 INFO  L115    AnnotateAndAsserter]: Conjunction of SSA is unsat
[2026-06-05 23:42:19,280 INFO  L111    AnnotateAndAsserter]: Assert order OUTSIDE_LOOP_FIRST2 issued 4 check-sat command(s) and asserted 10 of 10 statements.
[2026-06-05 23:42:19,280 INFO  L114    AnnotateAndAsserter]: Assert order OUTSIDE_LOOP_FIRST2 issued 4 check-sat command(s)
[2026-06-05 23:42:19,280 INFO  L115    AnnotateAndAsserter]: Conjunction of SSA is unsat
[2026-06-05 23:42:19,281 WARN  L254         TraceCheckSpWp]: Trace formula consists of 54 conjuncts, 33 conjuncts are in the unsatisfiable core
[2026-06-05 23:42:19,282 INFO  L279         TraceCheckSpWp]: Computing forward predicates...
[2026-06-05 23:42:19,348 INFO  L134       CoverageAnalysis]: Checked inductivity of 20 backedges. 0 proven. 8 refuted. 0 times theorem prover too weak. 12 trivial. 0 not checked.
[2026-06-05 23:42:19,349 INFO  L136   FreeRefinementEngine]: Strategy CAMEL found an infeasible trace
[2026-06-05 23:42:19,349 INFO  L324   FreeRefinementEngine]: Using interpolant generator IpTcStrategyModuleSmtInterpolCraig [1733859952]
[2026-06-05 23:42:19,349 INFO  L158   FreeRefinementEngine]: IpTcStrategyModuleSmtInterpolCraig [1733859952] provided 0 perfect and 1 imperfect interpolant sequences
[2026-06-05 23:42:19,349 INFO  L324   FreeRefinementEngine]: Using interpolant generator IpTcStrategyModuleZ3 [1428508231]
[2026-06-05 23:42:19,349 INFO  L95    rtionOrderModulation]: Changing assertion order to TERMS_WITH_SMALL_CONSTANTS_FIRST
[2026-06-05 23:42:19,349 INFO  L173          SolverBuilder]: Constructing external solver with command: z3 -smt2 -in SMTLIB2_COMPLIANT=true
[2026-06-05 23:42:19,351 INFO  L189       MonitoredProcess]: No working directory specified, using /usr/bin/z3
[2026-06-05 23:42:19,352 INFO  L229       MonitoredProcess]: Starting monitored process 9 with /usr/bin/z3 -smt2 -in SMTLIB2_COMPLIANT=true (exit command is (exit), workingDir is null)
[2026-06-05 23:42:19,353 INFO  L327       MonitoredProcess]: [MP /usr/bin/z3 -smt2 -in SMTLIB2_COMPLIANT=true (9)] Waiting until timeout for monitored process
[2026-06-05 23:42:19,368 INFO  L108    AnnotateAndAsserter]: Assert order TERMS_WITH_SMALL_CONSTANTS_FIRST partitioned 12 statements into 2 equivalence classes.
[2026-06-05 23:42:19,368 INFO  L134       CoverageAnalysis]: Checked inductivity of 2 backedges. 0 proven. 2 refuted. 0 times theorem prover too weak. 0 trivial. 0 not checked.
[2026-06-05 23:42:19,368 INFO  L312         TraceCheckSpWp]: Computing backward predicates...
[2026-06-05 23:42:19,392 INFO  L134       CoverageAnalysis]: Checked inductivity of 6 backedges. 0 proven. 4 refuted. 0 times theorem prover too weak. 2 trivial. 0 not checked.
[2026-06-05 23:42:19,392 INFO  L312         TraceCheckSpWp]: Computing backward predicates...
[2026-06-05 23:42:19,394 WARN  L330   ript$VariableManager]: TermVariable |ULTIMATE.start_main_#t~nondet0| not constructed by VariableManager. Cannot ensure absence of name clashes.
[2026-06-05 23:42:19,394 WARN  L330   ript$VariableManager]: TermVariable |ULTIMATE.start_main_#t~nondet1| not constructed by VariableManager. Cannot ensure absence of name clashes.
[2026-06-05 23:42:19,394 WARN  L330   ript$VariableManager]: TermVariable |ULTIMATE.start_main_#t~nondet2| not constructed by VariableManager. Cannot ensure absence of name clashes.
[2026-06-05 23:42:19,416 WARN  L330   ript$VariableManager]: TermVariable |ULTIMATE.start_main_#t~nondet0| not constructed by VariableManager. Cannot ensure absence of name clashes.
[2026-06-05 23:42:19,416 WARN  L330   ript$VariableManager]: TermVariable |ULTIMATE.start_main_#t~nondet1| not constructed by VariableManager. Cannot ensure absence of name clashes.
[2026-06-05 23:42:19,416 WARN  L330   ript$VariableManager]: TermVariable |ULTIMATE.start_main_#t~nondet2| not constructed by VariableManager. Cannot ensure absence of name clashes.
[2026-06-05 23:42:19,430 INFO  L134       CoverageAnalysis]: Checked inductivity of 12 backedges. 0 proven. 6 refuted. 0 times theorem prover too weak. 6 trivial. 0 not checked.
[2026-06-05 23:42:19,430 INFO  L312         TraceCheckSpWp]: Computing backward predicates...
[2026-06-05 23:42:19,449 WARN  L330   ript$VariableManager]: TermVariable |ULTIMATE.start_main_#t~nondet0| not constructed by VariableManager. Cannot ensure absence of name clashes.
[2026-06-05 23:42:19,449 WARN  L330   ript$VariableManager]: TermVariable |ULTIMATE.start_main_#t~nondet1| not constructed by VariableManager. Cannot ensure absence of name clashes.
[2026-06-05 23:42:19,449 WARN  L330   ript$VariableManager]: TermVariable |ULTIMATE.start_main_#t~nondet2| not constructed by VariableManager. Cannot ensure absence of name clashes.
[2026-06-05 23:42:19,467 INFO  L111    AnnotateAndAsserter]: Assert order TERMS_WITH_SMALL_CONSTANTS_FIRST issued 2 check-sat command(s) and asserted 12 of 12 statements.
[2026-06-05 23:42:19,467 INFO  L114    AnnotateAndAsserter]: Assert order TERMS_WITH_SMALL_CONSTANTS_FIRST issued 2 check-sat command(s)
[2026-06-05 23:42:19,467 INFO  L115    AnnotateAndAsserter]: Conjunction of SSA is unsat
[2026-06-05 23:42:19,468 WARN  L254         TraceCheckSpWp]: Trace formula consists of 65 conjuncts, 39 conjuncts are in the unsatisfiable core
[2026-06-05 23:42:19,469 INFO  L279         TraceCheckSpWp]: Computing forward predicates...
[2026-06-05 23:42:19,549 INFO  L134       CoverageAnalysis]: Checked inductivity of 20 backedges. 0 proven. 8 refuted. 0 times theorem prover too weak. 12 trivial. 0 not checked.
[2026-06-05 23:42:19,549 INFO  L312         TraceCheckSpWp]: Computing backward predicates...
[2026-06-05 23:42:19,563 WARN  L330   ript$VariableManager]: TermVariable |ULTIMATE.start_main_#t~nondet0| not constructed by VariableManager. Cannot ensure absence of name clashes.
[2026-06-05 23:42:19,563 WARN  L330   ript$VariableManager]: TermVariable |ULTIMATE.start_main_#t~nondet1| not constructed by VariableManager. Cannot ensure absence of name clashes.
[2026-06-05 23:42:19,563 WARN  L330   ript$VariableManager]: TermVariable |ULTIMATE.start_main_#t~nondet2| not constructed by VariableManager. Cannot ensure absence of name clashes.
[2026-06-05 23:42:43,457 WARN  L330   ript$VariableManager]: TermVariable |ULTIMATE.start_main_#t~nondet0| not constructed by VariableManager. Cannot ensure absence of name clashes.
[2026-06-05 23:42:43,458 WARN  L330   ript$VariableManager]: TermVariable |ULTIMATE.start_main_#t~nondet1| not constructed by VariableManager. Cannot ensure absence of name clashes.
[2026-06-05 23:42:43,458 WARN  L330   ript$VariableManager]: TermVariable |ULTIMATE.start_main_#t~nondet2| not constructed by VariableManager. Cannot ensure absence of name clashes.
[2026-06-05 23:42:43,485 WARN  L330   ript$VariableManager]: TermVariable |ULTIMATE.start_main_#t~nondet0| not constructed by VariableManager. Cannot ensure absence of name clashes.
[2026-06-05 23:42:43,485 WARN  L330   ript$VariableManager]: TermVariable |ULTIMATE.start_main_#t~nondet1| not constructed by VariableManager. Cannot ensure absence of name clashes.
[2026-06-05 23:42:43,485 WARN  L330   ript$VariableManager]: TermVariable |ULTIMATE.start_main_#t~nondet2| not constructed by VariableManager. Cannot ensure absence of name clashes.
[2026-06-05 23:42:43,548 INFO  L134       CoverageAnalysis]: Checked inductivity of 2 backedges. 0 proven. 1 refuted. 1 times theorem prover too weak. 0 trivial. 0 not checked.
[2026-06-05 23:42:43,548 INFO  L158   FreeRefinementEngine]: IpTcStrategyModuleZ3 [883923922] provided 0 perfect and 2 imperfect interpolant sequences
[2026-06-05 23:42:43,548 INFO  L185   FreeRefinementEngine]: Found 0 perfect and 3 imperfect interpolant sequences.
[2026-06-05 23:42:43,548 INFO  L198   FreeRefinementEngine]: Number of different interpolants: perfect sequences [] imperfect sequences [4, 4, 4] total 9
[2026-06-05 23:42:43,548 INFO  L122   tionRefinementEngine]: Using interpolant automaton builder IpAbStrategyModuleStraightlineAll [242294990]
[2026-06-05 23:42:43,548 INFO  L85    oduleStraightlineAll]: Using 3 imperfect interpolants to construct interpolant automaton
[2026-06-05 23:42:43,549 INFO  L100   FreeRefinementEngine]: Using predicate unifier PredicateUnifier provided by strategy CAMEL
[2026-06-05 23:42:43,549 INFO  L144   InterpolantAutomaton]: Constructing interpolant automaton starting with 10 interpolants.
[2026-06-05 23:42:43,549 INFO  L146   InterpolantAutomaton]: CoverageRelationStatistics Valid=31, Invalid=57, Unknown=2, NotChecked=0, Total=90
[2026-06-05 23:42:43,549 INFO  L419   CegarNwaWorkerThread]: Difference in Worker for Generalization
[2026-06-05 23:42:43,549 INFO  L87              Difference]: Start difference. First operand  has 6 states, 4 states have (on average 1.5) internal successors, (6), 5 states have internal predecessors, (6), 0 states have call successors, (0), 0 states have call predecessors, (0), 0 states have return successors, (0), 0 states have call predecessors, (0), 0 states have call successors, (0) Second operand  has 10 states, 10 states have (on average 1.5) internal successors, (15), 9 states have internal predecessors, (15), 0 states have call successors, (0), 0 states have call predecessors, (0), 0 states have return successors, (0), 0 states have call predecessors, (0), 0 states have call successors, (0)
[2026-06-05 23:42:43,593 WARN  L330   ript$VariableManager]: TermVariable |ULTIMATE.start_main_#t~nondet0| not constructed by VariableManager. Cannot ensure absence of name clashes.
[2026-06-05 23:42:43,593 WARN  L330   ript$VariableManager]: TermVariable |ULTIMATE.start_main_#t~nondet1| not constructed by VariableManager. Cannot ensure absence of name clashes.
[2026-06-05 23:42:43,593 WARN  L330   ript$VariableManager]: TermVariable |ULTIMATE.start_main_#t~nondet2| not constructed by VariableManager. Cannot ensure absence of name clashes.
[2026-06-05 23:42:43,628 INFO  L144             Difference]: Subtrahend was deterministic. Have not used determinization.
[2026-06-05 23:42:43,629 INFO  L93              Difference]: Finished difference Result 4 states and 4 transitions.
[2026-06-05 23:42:43,630 INFO  L140   InterpolantAutomaton]: Switched to read-only mode: deterministic interpolant automaton has 5 states. 
[2026-06-05 23:42:43,630 INFO  L225             Difference]: With dead ends: 4
[2026-06-05 23:42:43,630 INFO  L226             Difference]: Without dead ends: 0
[2026-06-05 23:42:43,630 INFO  L487   CegarNwaWorkerThread]: 0 DeclaredPredicates, 15 GetRequests, 5 SyntacticMatches, 1 SemanticMatches, 9 ConstructedPredicates, 0 IntricatePredicates, 0 DeprecatedPredicates, 24 ImplicationChecksByTransitivity, 24.2s TimeCoverageRelationStatistics Valid=39, Invalid=69, Unknown=2, NotChecked=0, Total=110
[2026-06-05 23:42:43,630 INFO  L488   CegarNwaWorkerThread]: 1 mSDtfsCounter, 0 mSDsluCounter, 1 mSDsCounter, 0 mSdLazyCounter, 5 mSolverCounterSat, 2 mSolverCounterUnsat, 0 mSolverCounterUnknown, 0 mSolverCounterNotChecked, 0.1s Time, 0 mProtectedPredicate, 0 mProtectedAction, 0 SdHoareTripleChecker+Valid, 2 SdHoareTripleChecker+Invalid, 7 SdHoareTripleChecker+Unknown, 0 SdHoareTripleChecker+Unchecked, 0.0s SdHoareTripleChecker+Time, 2 IncrementalHoareTripleChecker+Valid, 5 IncrementalHoareTripleChecker+Invalid, 0 IncrementalHoareTripleChecker+Unknown, 0 IncrementalHoareTripleChecker+Unchecked, 0.1s IncrementalHoareTripleChecker+Time
[2026-06-05 23:42:43,630 INFO  L489   CegarNwaWorkerThread]: SdHoareTripleChecker [0 Valid, 2 Invalid, 7 Unknown, 0 Unchecked, 0.0s Time], IncrementalHoareTripleChecker [2 Valid, 5 Invalid, 0 Unknown, 0 Unchecked, 0.1s Time]
[2026-06-05 23:42:43,630 INFO  L224   CegarNwaWorkerThread]: Done with Thread: 86#
[2026-06-05 23:42:43,630 INFO  L455   ParallelNwaCegarLoop]: Waking up, a worker is done.
[2026-06-05 23:42:43,630 INFO  L261   ParallelNwaCegarLoop]: Main: A Thread is Done
[2026-06-05 23:42:43,630 INFO  L196   CegarNwaWorkerThread]: WorkerThread: Thread[#86,Worker for 889531649,5,main] is Waiting for a Task
[2026-06-05 23:42:43,630 INFO  L279   ParallelNwaCegarLoop]: Worker Automaton Type: FLOYD_HOARE
[2026-06-05 23:42:43,630 INFO  L79                 Accepts]: Start accepts. Automaton has 7 states and 7 transitions. Word has length 6
[2026-06-05 23:42:43,631 INFO  L85                 Accepts]: Finished accepts. word is accepted.
[2026-06-05 23:42:43,631 INFO  L281   ParallelNwaCegarLoop]: Refining Abstraction
[2026-06-05 23:42:43,631 INFO  L518   ParallelNwaCegarLoop]: Subtrahend traceHash: 889531649
[2026-06-05 23:42:43,631 INFO  L485   ParallelNwaCegarLoop]: Difference in Main
[2026-06-05 23:42:43,631 INFO  L87              Difference]: Start difference. First operand 7 states and 7 transitions. Second operand  has 5 states, 4 states have (on average 1.25) internal successors, (5), 4 states have internal predecessors, (5), 0 states have call successors, (0), 0 states have call predecessors, (0), 0 states have return successors, (0), 0 states have call predecessors, (0), 0 states have call successors, (0)
[2026-06-05 23:42:43,631 INFO  L144             Difference]: Subtrahend was deterministic. Have not used determinization.
[2026-06-05 23:42:43,631 INFO  L93              Difference]: Finished difference Result 5 states and 5 transitions.
[2026-06-05 23:42:43,631 INFO  L225             Difference]: With dead ends: 5
[2026-06-05 23:42:43,631 INFO  L226             Difference]: Without dead ends: 0
[2026-06-05 23:42:43,631 INFO  L82        GeneralOperation]: Start minimizeSevpa. Operand 0 states.
[2026-06-05 23:42:43,631 INFO  L88        GeneralOperation]: Finished minimizeSevpa. Reduced states from 0 to 0.
[2026-06-05 23:42:43,631 INFO  L82        GeneralOperation]: Start removeUnreachable. Operand  has 0 states, 0 states have (on average 0.0) internal successors, (0), 0 states have internal predecessors, (0), 0 states have call successors, (0), 0 states have call predecessors, (0), 0 states have return successors, (0), 0 states have call predecessors, (0), 0 states have call successors, (0)
[2026-06-05 23:42:43,631 INFO  L88        GeneralOperation]: Finished removeUnreachable. Reduced from 0 states to 0 states and 0 transitions.
[2026-06-05 23:42:43,631 INFO  L496   ParallelNwaCegarLoop]: Main: Refinement done.
[2026-06-05 23:42:43,631 INFO  L415   ParallelNwaCegarLoop]: Checking if program is safe
[2026-06-05 23:42:43,631 INFO  L290                IsEmpty]: Start isEmpty. Operand 0 states and 0 transitions.
[2026-06-05 23:42:43,631 INFO  L300                IsEmpty]: Finished isEmpty. No accepting run.
[2026-06-05 23:42:43,632 INFO  L796   garLoopResultBuilder]: Registering result SAFE for location ULTIMATE.startErr0ASSERT_VIOLATIONASSERT (0 of 1 remaining)
[2026-06-05 23:42:43,632 INFO  L418   ParallelNwaCegarLoop]: Result: SAFE
[2026-06-05 23:42:43,635 INFO  L546       MonitoredProcess]: [MP /usr/bin/z3 -smt2 -in SMTLIB2_COMPLIANT=true (8)] Ended with exit code 0
[2026-06-05 23:42:44,033 WARN  L435       MonitoredProcess]: [MP /usr/bin/z3 SMTLIB2_COMPLIANT=true -memory:1024 -smt2 -in -t:12000 (5)] Forcibly destroying the process
[2026-06-05 23:42:44,036 INFO  L534       MonitoredProcess]: [MP /usr/bin/z3 SMTLIB2_COMPLIANT=true -memory:1024 -smt2 -in -t:12000 (5)] Forceful destruction successful, exit code 137
[2026-06-05 23:42:44,036 WARN  L718   oredProcess$PipePump]: [MP /usr/bin/z3 SMTLIB2_COMPLIANT=true -memory:1024 -smt2 -in -t:12000 (3)] The stream was forcibly closed: stdIn
[2026-06-05 23:42:44,040 INFO  L546       MonitoredProcess]: [MP /usr/bin/z3 SMTLIB2_COMPLIANT=true -memory:1024 -smt2 -in -t:12000 (3)] Ended with exit code 0
[2026-06-05 23:42:44,239 INFO  L546       MonitoredProcess]: [MP /usr/bin/z3 -smt2 -in SMTLIB2_COMPLIANT=true (9)] Ended with exit code 0
[2026-06-05 23:42:44,636 WARN  L435       MonitoredProcess]: [MP /usr/bin/z3 SMTLIB2_COMPLIANT=true -memory:1024 -smt2 -in -t:12000 (4)] Forcibly destroying the process
[2026-06-05 23:42:44,641 INFO  L534       MonitoredProcess]: [MP /usr/bin/z3 SMTLIB2_COMPLIANT=true -memory:1024 -smt2 -in -t:12000 (4)] Forceful destruction successful, exit code 137
[2026-06-05 23:42:44,643 INFO  L546       MonitoredProcess]: [MP /usr/bin/z3 -smt2 -in SMTLIB2_COMPLIANT=true (7)] Ended with exit code 0
[2026-06-05 23:42:44,841 WARN  L718   oredProcess$PipePump]: [MP /usr/bin/z3 -smt2 -in SMTLIB2_COMPLIANT=true (6)] The stream was forcibly closed: stdIn
[2026-06-05 23:42:44,843 INFO  L546       MonitoredProcess]: [MP /usr/bin/z3 -smt2 -in SMTLIB2_COMPLIANT=true (6)] Ended with exit code 0
[2026-06-05 23:42:45,241 WARN  L435       MonitoredProcess]: [MP /usr/bin/z3 SMTLIB2_COMPLIANT=true -memory:1024 -smt2 -in -t:12000 (2)] Forcibly destroying the process
[2026-06-05 23:42:45,245 INFO  L534       MonitoredProcess]: [MP /usr/bin/z3 SMTLIB2_COMPLIANT=true -memory:1024 -smt2 -in -t:12000 (2)] Forceful destruction successful, exit code 137
[2026-06-05 23:42:45,246 WARN  L466   ParallelNwaCegarLoop]: Destroyed unattended storables created during the last iteration: 8 /usr/bin/z3 -smt2 -in SMTLIB2_COMPLIANT=true,SelfDestructingSolverStorable3,SelfDestructingSolverStorable2,SelfDestructingSolverStorable1,5 /usr/bin/z3 SMTLIB2_COMPLIANT=true -memory:1024 -smt2 -in -t:12000,3 /usr/bin/z3 SMTLIB2_COMPLIANT=true -memory:1024 -smt2 -in -t:12000,9 /usr/bin/z3 -smt2 -in SMTLIB2_COMPLIANT=true,4 /usr/bin/z3 SMTLIB2_COMPLIANT=true -memory:1024 -smt2 -in -t:12000,7 /usr/bin/z3 -smt2 -in SMTLIB2_COMPLIANT=true,SelfDestructingSolverStorable0,6 /usr/bin/z3 -smt2 -in SMTLIB2_COMPLIANT=true,2 /usr/bin/z3 SMTLIB2_COMPLIANT=true -memory:1024 -smt2 -in -t:12000
[2026-06-05 23:42:45,246 INFO  L363   ParallelNwaCegarLoop]: Iteration 3
[2026-06-05 23:42:45,246 INFO  L364   ParallelNwaCegarLoop]: SearchMode: LCPS_FULL
[2026-06-05 23:42:45,246 INFO  L365   ParallelNwaCegarLoop]: Refinements: 2
[2026-06-05 23:42:45,246 INFO  L366   ParallelNwaCegarLoop]: Counterexamples: 5
[2026-06-05 23:42:45,246 INFO  L367   ParallelNwaCegarLoop]: SearchTimeout: 0
[2026-06-05 23:42:45,246 INFO  L368   ParallelNwaCegarLoop]: RunConstructionFailed: 0
[2026-06-05 23:42:45,246 INFO  L369   ParallelNwaCegarLoop]: SearchFailed: 0
[2026-06-05 23:42:45,246 INFO  L370   ParallelNwaCegarLoop]: Duplicate freshness failures: 2
[2026-06-05 23:42:45,246 INFO  L371   ParallelNwaCegarLoop]: DuplicateFreshnessFailures: 2
[2026-06-05 23:42:45,246 INFO  L372   ParallelNwaCegarLoop]: BFS: 1
[2026-06-05 23:42:45,246 INFO  L373   ParallelNwaCegarLoop]: IsEmptyParallel: 4
[2026-06-05 23:42:45,246 INFO  L374   ParallelNwaCegarLoop]: ActiveThreads: 4
[2026-06-05 23:42:45,246 INFO  L375   ParallelNwaCegarLoop]: ActiveExecutorsForPathPrograms: 0
[2026-06-05 23:42:45,246 INFO  L376   ParallelNwaCegarLoop]: IterationsWithMaxThreads: 2
[2026-06-05 23:42:45,246 INFO  L377   ParallelNwaCegarLoop]: IterationsWithONEThread: 0
[2026-06-05 23:42:45,246 INFO  L378   ParallelNwaCegarLoop]: SearchTime: 0 s
[2026-06-05 23:42:45,246 INFO  L379   ParallelNwaCegarLoop]: WorkerSetUpTime: 0 s
[2026-06-05 23:42:45,246 INFO  L380   ParallelNwaCegarLoop]: ExceptionInWorker: 0
[2026-06-05 23:42:45,246 INFO  L381   ParallelNwaCegarLoop]: mRefinementTime: 0
[2026-06-05 23:42:45,246 INFO  L382   ParallelNwaCegarLoop]: Prefix cache checked paths: 5
[2026-06-05 23:42:45,246 INFO  L383   ParallelNwaCegarLoop]: Prefix cache stale paths: 0
[2026-06-05 23:42:45,246 INFO  L384   ParallelNwaCegarLoop]: Stale paths: 0
[2026-06-05 23:42:45,246 INFO  L385   ParallelNwaCegarLoop]: LcpsCheckedPrefixQueries: 40
[2026-06-05 23:42:45,246 INFO  L386   ParallelNwaCegarLoop]: LcpsStalePrefixQueries: 40
[2026-06-05 23:42:45,246 INFO  L387   ParallelNwaCegarLoop]: LcpsCheckedPrefixHits: 25
[2026-06-05 23:42:45,246 INFO  L388   ParallelNwaCegarLoop]: LcpsStalePrefixHits: 0
[2026-06-05 23:42:45,246 INFO  L389   ParallelNwaCegarLoop]: LcpsSearchInvocations: 4
[2026-06-05 23:42:45,246 INFO  L390   ParallelNwaCegarLoop]: LcpsFullCacheSuffixInvocations: 0
[2026-06-05 23:42:45,246 WARN  L310   FreeRefinementEngine]: Global settings require throwing the following exception
[2026-06-05 23:42:45,246 WARN  L310   FreeRefinementEngine]: Global settings require throwing the following exception
[2026-06-05 23:42:45,246 WARN  L310   FreeRefinementEngine]: Global settings require throwing the following exception
[2026-06-05 23:42:45,246 INFO  L391   ParallelNwaCegarLoop]: LcpsFullCacheSuffixFallbacks: 5
[2026-06-05 23:42:45,246 INFO  L392   ParallelNwaCegarLoop]: LcpsEffectivePriorityDecisions: 0
[2026-06-05 23:42:45,247 INFO  L395   ParallelNwaCegarLoop]: Checked paths: 5
[2026-06-05 23:42:45,247 INFO  L396   ParallelNwaCegarLoop]: Total pairwise prefix-LCA divergence: 6.416666666666667
[2026-06-05 23:42:45,247 INFO  L398   ParallelNwaCegarLoop]: Avg pairwise prefix-LCA divergence: 0.6416666666666667
[2026-06-05 23:42:45,248 INFO  L424         BasicCegarLoop]: Path program histogram: []
[2026-06-05 23:42:45,248 INFO  L429         BasicCegarLoop]: Checked paths: 5
[2026-06-05 23:42:45,248 INFO  L430         BasicCegarLoop]: Total pairwise prefix-LCA divergence: 6.416666666666667
[2026-06-05 23:42:45,248 INFO  L432         BasicCegarLoop]: Avg pairwise prefix-LCA divergence: 0.6416666666666667
[2026-06-05 23:42:45,249 INFO  L171   ceAbstractionStarter]: Computing trace abstraction results
[2026-06-05 23:42:45,250 INFO  L201        PluginConnector]: Adding new model jain_4.i_2.bpl de.uni_freiburg.informatik.ultimate.plugins.generator.traceabstraction CFG 05.06 11:42:45 BoogieIcfgContainer
[2026-06-05 23:42:45,250 INFO  L131        PluginConnector]: ------------------------ END TraceAbstraction----------------------------
[2026-06-05 23:42:45,251 INFO  L158              Benchmark]: Toolchain (without parser) took 26344.97ms. Allocated memory was 50.3MB in the beginning and 96.5MB in the end (delta: 46.1MB). Free memory was 18.1MB in the beginning and 59.6MB in the end (delta: -41.5MB). Peak memory consumption was 8.5MB. Max. memory is 4.3GB.
[2026-06-05 23:42:45,251 INFO  L158              Benchmark]: Boogie PL CUP Parser took 0.07ms. Allocated memory is still 50.3MB. Free memory is still 19.0MB. There was no memory consumed. Max. memory is 4.3GB.
[2026-06-05 23:42:45,251 INFO  L158              Benchmark]: Boogie Preprocessor took 17.03ms. Allocated memory is still 50.3MB. Free memory was 18.0MB in the beginning and 15.5MB in the end (delta: 2.5MB). Peak memory consumption was 4.2MB. Max. memory is 4.3GB.
[2026-06-05 23:42:45,251 INFO  L158              Benchmark]: RCFGBuilder took 70.41ms. Allocated memory is still 50.3MB. Free memory was 15.4MB in the beginning and 20.8MB in the end (delta: -5.3MB). Peak memory consumption was 4.2MB. Max. memory is 4.3GB.
[2026-06-05 23:42:45,251 INFO  L158              Benchmark]: TraceAbstraction took 26255.57ms. Allocated memory was 50.3MB in the beginning and 96.5MB in the end (delta: 46.1MB). Free memory was 19.6MB in the beginning and 59.6MB in the end (delta: -40.1MB). Peak memory consumption was 8.8MB. Max. memory is 4.3GB.
[2026-06-05 23:42:45,251 INFO  L338   ainManager$Toolchain]: #######################  End [Toolchain 1] #######################
 --- Results ---
 * Results from de.uni_freiburg.informatik.ultimate.core:
  - StatisticsResult: Toolchain Benchmarks
    Benchmark results are:
 * Boogie PL CUP Parser took 0.07ms. Allocated memory is still 50.3MB. Free memory is still 19.0MB. There was no memory consumed. Max. memory is 4.3GB.
 * Boogie Preprocessor took 17.03ms. Allocated memory is still 50.3MB. Free memory was 18.0MB in the beginning and 15.5MB in the end (delta: 2.5MB). Peak memory consumption was 4.2MB. Max. memory is 4.3GB.
 * RCFGBuilder took 70.41ms. Allocated memory is still 50.3MB. Free memory was 15.4MB in the beginning and 20.8MB in the end (delta: -5.3MB). Peak memory consumption was 4.2MB. Max. memory is 4.3GB.
 * TraceAbstraction took 26255.57ms. Allocated memory was 50.3MB in the beginning and 96.5MB in the end (delta: 46.1MB). Free memory was 19.6MB in the beginning and 59.6MB in the end (delta: -40.1MB). Peak memory consumption was 8.8MB. Max. memory is 4.3GB.
 * Results from de.uni_freiburg.informatik.ultimate.plugins.generator.traceabstraction:
  - StatisticsResult: ErrorAutomatonStatistics
    NumberErrorTraces: 0, NumberStatementsAllTraces: 0, NumberRelevantStatements: 0, 0.0s ErrorAutomatonConstructionTimeTotal, 0.0s FaulLocalizationTime, NumberStatementsFirstTrace: -1, TraceLengthAvg: 0, 0.0s ErrorAutomatonConstructionTimeAvg, 0.0s ErrorAutomatonDifferenceTimeAvg, 0.0s ErrorAutomatonDifferenceTimeTotal, NumberOfNoEnhancement: 0, NumberOfFiniteEnhancement: 0, NumberOfInfiniteEnhancement: 0
  - PositiveResult [Line: 46]: assertion always holds
    For all program executions holds that assertion always holds at this location
  - StatisticsResult: Ultimate Automizer benchmark data
    CFG has 1 procedures, 6 locations, 6 edges, 1 error locations. Started 1 CEGAR loops. OverallTime: 26.2s, OverallIterations: 2, TraceHistogramMax: 2, PathProgramHistogramMax: 0, CheckedPaths: 5, TotalPairwisePrefixLcaDivergence: 6.416666666666667, AvgPairwisePrefixLcaDivergence: 0.6416666666666667, SearchMode: LCPS_FULL, DuplicateFreshnessFailures: 2, FailedToFindCounterexamples: 0, StalePaths: 0, LcpsCheckedPrefixQueries: 40, LcpsStalePrefixQueries: 40, LcpsCheckedPrefixHits: 25, LcpsStalePrefixHits: 0, LcpsSearchInvocations: 4, LcpsFullCacheSuffixInvocations: 0, LcpsFullCacheSuffixFallbacks: 5, LcpsEffectivePriorityDecisions: 0, EmptinessCheckTime: 0.0s, AutomataDifference: 0.0s, DeadEndRemovalTime: 0.0s, HoareAnnotationTime: 0.0s, InitialAbstractionConstructionTime: 0.0s, HoareTripleCheckerStatistics: , PredicateUnifierStatistics: No data available, 0.0s BasicInterpolantAutomatonTime, BiggestAbstraction: size=6occurred in iteration=0, InterpolantAutomatonStates: 9, traceCheckStatistics: No data available, InterpolantConsolidationStatistics: No data available, PathInvariantsStatistics: No data available, 0/0 InterpolantCoveringCapability, TotalInterpolationStatistics: No data available, 0.0s DumpTime, AutomataMinimizationStatistics: 0.0s AutomataMinimizationTime, 2 MinimizatonAttempts, 0 StatesRemovedByMinimization, 0 NontrivialMinimizations, HoareAnnotationStatistics: No data available, RefinementEngineStatistics: No data available, ReuseStatistics: No data available, ConComCheckerStatistics: No data available
  - AllSpecificationsHoldResult: All specifications hold
    1 specifications checked. All of them hold
RESULT: Ultimate proved your program to be correct!
[2026-06-05 23:42:45,256 INFO  L546       MonitoredProcess]: [MP /usr/bin/z3 SMTLIB2_COMPLIANT=true -memory:1024 -smt2 -in -t:12000 (1)] Ended with exit code 0
Received shutdown request...

