This is Ultimate 0.3.1-cache-f5c6788a5b-m
[2026-06-05 23:24:28,634 INFO  L188        SettingsManager]: Resetting all preferences to default values...
[2026-06-05 23:24:28,662 INFO  L114        SettingsManager]: Loading settings from /home/hschi1106/ultimate/trunk/examples/Interactive/settings/ResetSettingsCamel.epf
[2026-06-05 23:24:28,665 WARN  L101        SettingsManager]: Preference file contains the following unknown settings:
[2026-06-05 23:24:28,665 WARN  L103        SettingsManager]:   * de.uni_freiburg.informatik.ultimate.plugins.blockencoding.Rewrite not-equals during SBE
[2026-06-05 23:24:28,665 WARN  L103        SettingsManager]:   * de.uni_freiburg.informatik.ultimate.plugins.blockencoding.Simplify codeblocks
[2026-06-05 23:24:28,665 WARN  L103        SettingsManager]:   * de.uni_freiburg.informatik.ultimate.plugins.blockencoding.Simplify assume statements
[2026-06-05 23:24:28,665 WARN  L103        SettingsManager]:   * de.uni_freiburg.informatik.ultimate.plugins.blockencoding.Use SBE during assume simplification
[2026-06-05 23:24:28,665 WARN  L103        SettingsManager]:   * de.uni_freiburg.informatik.ultimate.plugins.blockencoding.Use SBE for initial RCFG
[2026-06-05 23:24:28,665 WARN  L103        SettingsManager]:   * de.uni_freiburg.informatik.ultimate.plugins.blockencoding.Rewrite not equals when simplifying assume statements with SBE
[2026-06-05 23:24:28,665 WARN  L103        SettingsManager]:   * de.uni_freiburg.informatik.ultimate.core.Debug log message color
[2026-06-05 23:24:28,665 WARN  L103        SettingsManager]:   * de.uni_freiburg.informatik.ultimate.core.Drop models when Ultimate exits
[2026-06-05 23:24:28,665 WARN  L103        SettingsManager]:   * de.uni_freiburg.informatik.ultimate.core.Generate benchmark results
[2026-06-05 23:24:28,665 WARN  L103        SettingsManager]:   * de.uni_freiburg.informatik.ultimate.core.Log level for controller plugin
[2026-06-05 23:24:28,665 WARN  L103        SettingsManager]:   * de.uni_freiburg.informatik.ultimate.core.Warning log message color
[2026-06-05 23:24:28,665 WARN  L103        SettingsManager]:   * de.uni_freiburg.informatik.ultimate.core.Root log level
[2026-06-05 23:24:28,665 WARN  L103        SettingsManager]:   * de.uni_freiburg.informatik.ultimate.core.UI logger pattern
[2026-06-05 23:24:28,665 WARN  L103        SettingsManager]:   * de.uni_freiburg.informatik.ultimate.core.Log level for external tools
[2026-06-05 23:24:28,665 WARN  L103        SettingsManager]:   * de.uni_freiburg.informatik.ultimate.core.ultimate.logging.details
[2026-06-05 23:24:28,665 WARN  L103        SettingsManager]:   * de.uni_freiburg.informatik.ultimate.core.Toolchain timeout in seconds
[2026-06-05 23:24:28,665 WARN  L103        SettingsManager]:   * de.uni_freiburg.informatik.ultimate.core.Name of the log file
[2026-06-05 23:24:28,665 WARN  L103        SettingsManager]:   * de.uni_freiburg.informatik.ultimate.core.Info log message color
[2026-06-05 23:24:28,665 WARN  L103        SettingsManager]:   * de.uni_freiburg.informatik.ultimate.core.Create a Logfile
[2026-06-05 23:24:28,665 WARN  L103        SettingsManager]:   * de.uni_freiburg.informatik.ultimate.core.Logger pattern
[2026-06-05 23:24:28,665 WARN  L103        SettingsManager]:   * de.uni_freiburg.informatik.ultimate.core.Log level for core plugin
[2026-06-05 23:24:28,665 WARN  L103        SettingsManager]:   * de.uni_freiburg.informatik.ultimate.core.Show usable parsers
[2026-06-05 23:24:28,665 WARN  L103        SettingsManager]:   * de.uni_freiburg.informatik.ultimate.core.Log level for plugins
[2026-06-05 23:24:28,665 WARN  L103        SettingsManager]:   * de.uni_freiburg.informatik.ultimate.core.Fatal log message color
[2026-06-05 23:24:28,665 WARN  L103        SettingsManager]:   * de.uni_freiburg.informatik.ultimate.core.Show long description of results
[2026-06-05 23:24:28,665 WARN  L103        SettingsManager]:   * de.uni_freiburg.informatik.ultimate.core.Error log message color
[2026-06-05 23:24:28,665 WARN  L103        SettingsManager]:   * de.uni_freiburg.informatik.ultimate.core.Show result in pop-up window after toolchain execution
[2026-06-05 23:24:28,665 WARN  L103        SettingsManager]:   * de.uni_freiburg.informatik.ultimate.core.Directory (default: instance location)
[2026-06-05 23:24:28,666 WARN  L103        SettingsManager]:   * de.uni_freiburg.informatik.ultimate.core.Append to exisiting log file
[2026-06-05 23:24:28,666 WARN  L103        SettingsManager]:   * CDTParser.Please specify include paths that will be parsed with the given C-File
[2026-06-05 23:24:28,666 WARN  L103        SettingsManager]:   * de.uni_freiburg.informatik.ultimate.plugins.generator.rcfgbuilder.Translate Boogie integers to SMT bitvectors
[2026-06-05 23:24:28,666 WARN  L103        SettingsManager]:   * de.uni_freiburg.informatik.ultimate.plugins.generator.cacsl2boogietranslator.How to treat unsigned ints differently from normal ones
[2026-06-05 23:24:28,666 WARN  L103        SettingsManager]:   * de.uni_freiburg.informatik.ultimate.witnessprinter.Generate witnesses
[2026-06-05 23:24:28,666 WARN  L103        SettingsManager]:   * de.uni_freiburg.informatik.ultimate.witnessprinter.Write witness to working directory
[2026-06-05 23:24:28,666 WARN  L103        SettingsManager]:   * de.uni_freiburg.informatik.ultimate.plugins.analysis.irsdependencies.Mode
[2026-06-05 23:24:28,666 WARN  L103        SettingsManager]:   * de.uni_freiburg.informatik.ultimate.plugins.analysis.abstractinterpretationv2.Number type
[2026-06-05 23:24:28,666 WARN  L103        SettingsManager]:   * de.uni_freiburg.informatik.ultimate.plugins.analysis.abstractinterpretationv2.Congruence Widening operator
[2026-06-05 23:24:28,666 WARN  L103        SettingsManager]:   * de.uni_freiburg.informatik.ultimate.plugins.output.jungvisualization.Annotate edges
[2026-06-05 23:24:28,666 WARN  L103        SettingsManager]:   * de.uni_freiburg.informatik.ultimate.plugins.output.jungvisualization.Background color:
[2026-06-05 23:24:28,666 WARN  L103        SettingsManager]:   * de.uni_freiburg.informatik.ultimate.plugins.output.jungvisualization.Which models should be visualized?
[2026-06-05 23:24:28,666 WARN  L103        SettingsManager]:   * de.uni_freiburg.informatik.ultimate.plugins.output.jungvisualization.Choose node shape:
[2026-06-05 23:24:28,666 WARN  L103        SettingsManager]:   * de.uni_freiburg.informatik.ultimate.plugins.output.jungvisualization.Node color:
[2026-06-05 23:24:28,666 WARN  L103        SettingsManager]:   * de.uni_freiburg.informatik.ultimate.plugins.output.jungvisualization.Picked node color:
[2026-06-05 23:24:28,666 WARN  L103        SettingsManager]:   * de.uni_freiburg.informatik.ultimate.plugins.output.jungvisualization.Annotate nodes
[2026-06-05 23:24:28,666 WARN  L103        SettingsManager]:   * de.uni_freiburg.informatik.ultimate.plugins.output.jungvisualization.SVG Export directory:
[2026-06-05 23:24:28,666 WARN  L103        SettingsManager]:   * de.uni_freiburg.informatik.ultimate.plugins.output.jungvisualization.Default graph layout:
[2026-06-05 23:24:28,666 WARN  L103        SettingsManager]:   * de.uni_freiburg.informatik.ultimate.boogie.procedureinliner.to and inside polymorphic procedures
[2026-06-05 23:24:28,666 WARN  L103        SettingsManager]:   * de.uni_freiburg.informatik.ultimate.boogie.procedureinliner.to procedures with 'free requires' specifications
[2026-06-05 23:24:28,666 WARN  L103        SettingsManager]:   * de.uni_freiburg.informatik.ultimate.boogie.procedureinliner.calls to unimplemented procedures
[2026-06-05 23:24:28,666 WARN  L103        SettingsManager]:   * de.uni_freiburg.informatik.ultimate.boogie.procedureinliner.to recursive procedures
[2026-06-05 23:24:28,666 WARN  L103        SettingsManager]:   * de.uni_freiburg.informatik.ultimate.boogie.procedureinliner.with 'forall' modifier
[2026-06-05 23:24:28,666 WARN  L103        SettingsManager]:   * de.uni_freiburg.informatik.ultimate.boogie.procedureinliner.calls to implemented procedures
[2026-06-05 23:24:28,666 WARN  L103        SettingsManager]:   * de.uni_freiburg.informatik.ultimate.boogie.procedureinliner.to procedures, called more than once
[2026-06-05 23:24:28,666 WARN  L103        SettingsManager]:   * de.uni_freiburg.informatik.ultimate.plugins.generator.traceabstraction.Non-flow-sensitive error trace relevance analysis
[2026-06-05 23:24:28,666 WARN  L103        SettingsManager]:   * de.uni_freiburg.informatik.ultimate.plugins.generator.traceabstraction.use unfolding as abstraction
[2026-06-05 23:24:28,666 WARN  L103        SettingsManager]:   * de.uni_freiburg.informatik.ultimate.plugins.generator.traceabstraction.Iterations until the model checker surrenders
[2026-06-05 23:24:28,666 WARN  L103        SettingsManager]:   * de.uni_freiburg.informatik.ultimate.plugins.generator.traceabstraction.Enable interactive Verification?
[2026-06-05 23:24:28,666 WARN  L103        SettingsManager]:   * de.uni_freiburg.informatik.ultimate.plugins.generator.traceabstraction.Flow-sensitive error trace relevance analysis
[2026-06-05 23:24:28,666 WARN  L103        SettingsManager]:   * de.uni_freiburg.informatik.ultimate.gui.LASTTOOLCHAINPATH
[2026-06-05 23:24:28,666 WARN  L103        SettingsManager]:   * de.uni_freiburg.informatik.ultimate.gui.LASTPATH
[2026-06-05 23:24:28,682 INFO  L130        SettingsManager]: Preferences different from defaults after loading the file:
[2026-06-05 23:24:28,682 INFO  L151        SettingsManager]: Preferences of UltimateCore differ from their defaults:
[2026-06-05 23:24:28,683 INFO  L153        SettingsManager]:  * Directory (default: instance location)=/home/iari/src/ultimate/trunk/runtime-Debug-E4.product/
[2026-06-05 23:24:28,683 INFO  L151        SettingsManager]: Preferences of Abstract Interpretation differ from their defaults:
[2026-06-05 23:24:28,683 INFO  L153        SettingsManager]:  * Log string format=HALF_MATRIX
[2026-06-05 23:24:28,683 INFO  L151        SettingsManager]: Preferences of BuchiAutomizer differ from their defaults:
[2026-06-05 23:24:28,683 INFO  L153        SettingsManager]:  * Buchi interpolant automaton=Staged
[2026-06-05 23:24:28,683 INFO  L153        SettingsManager]:  * Buchi complementation construction=Ncsb
[2026-06-05 23:24:28,683 INFO  L151        SettingsManager]: Preferences of CACSL2BoogieTranslator differ from their defaults:
[2026-06-05 23:24:28,683 INFO  L153        SettingsManager]:  * Report unsoundness warnings=false
[2026-06-05 23:24:28,683 INFO  L151        SettingsManager]: Preferences of RCFGBuilder differ from their defaults:
[2026-06-05 23:24:28,683 INFO  L153        SettingsManager]:  * Logic for external solver=AUFNIRA
[2026-06-05 23:24:28,683 INFO  L153        SettingsManager]:  * Convert code blocks to CNF=true
[2026-06-05 23:24:28,683 INFO  L151        SettingsManager]: Preferences of TraceAbstraction differ from their defaults:
[2026-06-05 23:24:28,683 INFO  L153        SettingsManager]:  * cut-off requires same transition=true
[2026-06-05 23:24:28,683 INFO  L153        SettingsManager]:  * Trace refinement strategy=CAMEL
Applying setting for plugin de.uni_freiburg.informatik.ultimate.plugins.generator.traceabstraction: Use CEGAR loop for Parallel Trace Abstraction -> true
Applying setting for plugin de.uni_freiburg.informatik.ultimate.plugins.generator.traceabstraction: Threadlimit for Parallel CEGAR -> 4
Applying setting for plugin de.uni_freiburg.informatik.ultimate.plugins.generator.traceabstraction: Parallel trace search selection mode -> PAPER
Applying setting for plugin de.uni_freiburg.informatik.ultimate.plugins.generator.traceabstraction: Track stale prefixes in parallel search -> true
Applying setting for plugin de.uni_freiburg.informatik.ultimate.plugins.generator.traceabstraction: Use initial BFS in PAPER/LCPS parallel search -> true
[2026-06-05 23:24:28,789 INFO  L75    nceAwareModelManager]: Repository-Root is: /tmp
[2026-06-05 23:24:28,794 INFO  L261   ainManager$Toolchain]: [Toolchain 1]: Applicable parser(s) successfully (re)initialized
[2026-06-05 23:24:28,795 INFO  L217   ainManager$Toolchain]: [Toolchain 1]: Toolchain selected.
[2026-06-05 23:24:28,795 INFO  L270        PluginConnector]: Initializing Boogie PL CUP Parser...
[2026-06-05 23:24:28,796 INFO  L274        PluginConnector]: Boogie PL CUP Parser initialized
[2026-06-05 23:24:28,796 INFO  L431   ainManager$Toolchain]: [Toolchain 1]: Parsing single file: /home/hschi1106/ultimate/trunk/examples/programs/20170304-DifficultPathPrograms/resultKnown/jain_1.i_2.bpl
[2026-06-05 23:24:28,796 INFO  L110           BoogieParser]: Parsing: '/home/hschi1106/ultimate/trunk/examples/programs/20170304-DifficultPathPrograms/resultKnown/jain_1.i_2.bpl'
[2026-06-05 23:24:28,803 INFO  L299   ainManager$Toolchain]: ####################### [Toolchain 1] #######################
[2026-06-05 23:24:28,804 INFO  L133        ToolchainWalker]: Walking toolchain with 3 elements.
[2026-06-05 23:24:28,804 INFO  L112        PluginConnector]: ------------------------Boogie Preprocessor----------------------------
[2026-06-05 23:24:28,804 INFO  L270        PluginConnector]: Initializing Boogie Preprocessor...
[2026-06-05 23:24:28,804 INFO  L274        PluginConnector]: Boogie Preprocessor initialized
[2026-06-05 23:24:28,810 INFO  L184        PluginConnector]: Executing the observer EnsureBoogieModelObserver from plugin Boogie Preprocessor for "jain_1.i_2.bpl de.uni_freiburg.informatik.ultimate.boogie.parser AST 05.06 11:24:28" (1/1) ...
[2026-06-05 23:24:28,810 INFO  L184        PluginConnector]: Executing the observer TypeChecker from plugin Boogie Preprocessor for "jain_1.i_2.bpl de.uni_freiburg.informatik.ultimate.boogie.parser AST 05.06 11:24:28" (1/1) ...
[2026-06-05 23:24:28,819 INFO  L184        PluginConnector]: Executing the observer ConstExpander from plugin Boogie Preprocessor for "jain_1.i_2.bpl de.uni_freiburg.informatik.ultimate.boogie.parser AST 05.06 11:24:28" (1/1) ...
[2026-06-05 23:24:28,819 INFO  L184        PluginConnector]: Executing the observer StructExpander from plugin Boogie Preprocessor for "jain_1.i_2.bpl de.uni_freiburg.informatik.ultimate.boogie.parser AST 05.06 11:24:28" (1/1) ...
[2026-06-05 23:24:28,819 INFO  L184        PluginConnector]: Executing the observer ReplaceArrayAssignments from plugin Boogie Preprocessor for "jain_1.i_2.bpl de.uni_freiburg.informatik.ultimate.boogie.parser AST 05.06 11:24:28" (1/1) ...
[2026-06-05 23:24:28,819 INFO  L184        PluginConnector]: Executing the observer UnstructureCode from plugin Boogie Preprocessor for "jain_1.i_2.bpl de.uni_freiburg.informatik.ultimate.boogie.parser AST 05.06 11:24:28" (1/1) ...
[2026-06-05 23:24:28,820 INFO  L184        PluginConnector]: Executing the observer FunctionInliner from plugin Boogie Preprocessor for "jain_1.i_2.bpl de.uni_freiburg.informatik.ultimate.boogie.parser AST 05.06 11:24:28" (1/1) ...
[2026-06-05 23:24:28,820 INFO  L184        PluginConnector]: Executing the observer LTLStepAnnotator from plugin Boogie Preprocessor for "jain_1.i_2.bpl de.uni_freiburg.informatik.ultimate.boogie.parser AST 05.06 11:24:28" (1/1) ...
[2026-06-05 23:24:28,820 INFO  L184        PluginConnector]: Executing the observer BoogieSymbolTableConstructor from plugin Boogie Preprocessor for "jain_1.i_2.bpl de.uni_freiburg.informatik.ultimate.boogie.parser AST 05.06 11:24:28" (1/1) ...
[2026-06-05 23:24:28,822 INFO  L131        PluginConnector]: ------------------------ END Boogie Preprocessor----------------------------
[2026-06-05 23:24:28,822 INFO  L112        PluginConnector]: ------------------------RCFGBuilder----------------------------
[2026-06-05 23:24:28,822 INFO  L270        PluginConnector]: Initializing RCFGBuilder...
[2026-06-05 23:24:28,822 INFO  L274        PluginConnector]: RCFGBuilder initialized
[2026-06-05 23:24:28,823 INFO  L184        PluginConnector]: Executing the observer RCFGBuilderObserver from plugin RCFGBuilder for "jain_1.i_2.bpl de.uni_freiburg.informatik.ultimate.boogie.parser AST 05.06 11:24:28" (1/1) ...
[2026-06-05 23:24:28,825 INFO  L173          SolverBuilder]: Constructing external solver with command: z3 SMTLIB2_COMPLIANT=true -memory:1024 -smt2 -in -t:12000
[2026-06-05 23:24:28,831 INFO  L189       MonitoredProcess]: No working directory specified, using /usr/bin/z3
[2026-06-05 23:24:28,835 INFO  L229       MonitoredProcess]: Starting monitored process 1 with /usr/bin/z3 SMTLIB2_COMPLIANT=true -memory:1024 -smt2 -in -t:12000 (exit command is (exit), workingDir is null)
[2026-06-05 23:24:28,836 INFO  L327       MonitoredProcess]: [MP /usr/bin/z3 SMTLIB2_COMPLIANT=true -memory:1024 -smt2 -in -t:12000 (1)] Waiting until timeout for monitored process
[2026-06-05 23:24:28,844 INFO  L138     BoogieDeclarations]: Found implementation of procedure ULTIMATE.start
[2026-06-05 23:24:28,844 INFO  L130     BoogieDeclarations]: Found specification of procedure ULTIMATE.start
[2026-06-05 23:24:28,861 INFO  L234             CfgBuilder]: Building ICFG
[2026-06-05 23:24:28,862 INFO  L260             CfgBuilder]: Building CFG for each procedure with an implementation
[2026-06-05 23:24:28,883 INFO  L?                        ?]: Removed 3 outVars from TransFormulas that were not future-live.
[2026-06-05 23:24:28,884 INFO  L283             CfgBuilder]: Performing block encoding
[2026-06-05 23:24:28,886 INFO  L89      LargeBlockEncoding]: Applying CFG Large Block Encoding to ICFG that has 1 procedures, 7 locations, 7 edges, 0 initial locations, 0 loop locations, and 1 error locations.
[2026-06-05 23:24:28,889 INFO  L139     LargeBlockEncoding]: LargeBlockEncoding completed in 4 ms, with 1 straightline sequential compositions, 0 parallel compositions, 0 1:n/n:1 sequential compositions and 0 complex sequential compositions.
[2026-06-05 23:24:28,889 INFO  L307             CfgBuilder]: Using the 1 location(s) as analysis (start of procedure ULTIMATE.start)
[2026-06-05 23:24:28,889 INFO  L312             CfgBuilder]: Removed 1 assume(true) statements.
[2026-06-05 23:24:28,889 INFO  L314             CfgBuilder]: Constructed ICFG has 1 procedures, 6 locations, 6 edges, 1 initial locations, 0 loop locations, and 1 error locations.
[2026-06-05 23:24:28,889 INFO  L201        PluginConnector]: Adding new model jain_1.i_2.bpl de.uni_freiburg.informatik.ultimate.plugins.generator.rcfgbuilder CFG 05.06 11:24:28 BoogieIcfgContainer
[2026-06-05 23:24:28,889 INFO  L131        PluginConnector]: ------------------------ END RCFGBuilder----------------------------
[2026-06-05 23:24:28,890 INFO  L112        PluginConnector]: ------------------------TraceAbstraction----------------------------
[2026-06-05 23:24:28,890 INFO  L270        PluginConnector]: Initializing TraceAbstraction...
[2026-06-05 23:24:28,892 INFO  L274        PluginConnector]: TraceAbstraction initialized
[2026-06-05 23:24:28,892 INFO  L184        PluginConnector]: Executing the observer TraceAbstractionObserver from plugin TraceAbstraction for "jain_1.i_2.bpl de.uni_freiburg.informatik.ultimate.boogie.parser AST 05.06 11:24:28" (1/2) ...
[2026-06-05 23:24:28,892 INFO  L204        PluginConnector]: Invalid model from TraceAbstraction for observer de.uni_freiburg.informatik.ultimate.plugins.generator.traceabstraction.TraceAbstractionObserver@2d7dad82 and model type jain_1.i_2.bpl de.uni_freiburg.informatik.ultimate.plugins.generator.traceabstraction AST 05.06 11:24:28, skipping insertion in model container
[2026-06-05 23:24:28,892 INFO  L184        PluginConnector]: Executing the observer TraceAbstractionObserver from plugin TraceAbstraction for "jain_1.i_2.bpl de.uni_freiburg.informatik.ultimate.plugins.generator.rcfgbuilder CFG 05.06 11:24:28" (2/2) ...
[2026-06-05 23:24:28,893 INFO  L128   eAbstractionObserver]: Analyzing ICFG jain_1.i_2.bpl
[2026-06-05 23:24:28,898 INFO  L217   ceAbstractionStarter]: Automizer settings: Hoare:None NWA Interpolation:ForwardPredicates Determinization: PREDICATE_ABSTRACTION
[2026-06-05 23:24:28,898 INFO  L151   ceAbstractionStarter]: Applying trace abstraction to ICFG jain_1.i_2.bpl that has 1 procedures, 6 locations, 6 edges, 1 initial locations, 0 loop locations, and 1 error locations.
[2026-06-05 23:24:28,912 INFO  L344      AbstractCegarLoop]: ======== Iteration 0 == of CEGAR loop == AllErrorsAtOnce ========
[2026-06-05 23:24:28,917 INFO  L345      AbstractCegarLoop]: Settings: SEPARATE_VIOLATION_CHECK=true, mInterprocedural=true, mMaxIterations=1000000, mWatchIteration=1000000, mArtifact=RCFG, mInterpolation=ForwardPredicates, mInterpolantAutomaton=STRAIGHT_LINE, mDumpAutomata=false, mAutomataFormat=ATS_NUMERATE, mDumpPath=., mDeterminiation=PREDICATE_ABSTRACTION, mMinimize=MINIMIZE_SEVPA, mAutomataTypeConcurrency=FINITE_AUTOMATA, mHoareTripleChecks=INCREMENTAL, mHoareAnnotationPositions=None, mDumpOnlyReuseAutomata=false, mLimitTraceHistogram=0, mErrorLocTimeLimit=0, mLimitPathProgramCount=0, mCollectInterpolantStatistics=true, mHeuristicEmptinessCheck=false, mHeuristicEmptinessCheckAStarHeuristic=ZERO, mHeuristicEmptinessCheckAStarHeuristicRandomSeed=1337, mHeuristicEmptinessCheckSmtFeatureScoringMethod=DAGSIZE, mSMTFeatureExtraction=false, mSMTFeatureExtractionDumpPath=., mOverrideInterpolantAutomaton=false, mMcrInterpolantMethod=WP, mPorIndependenceSettings=[Lde.uni_freiburg.informatik.ultimate.lib.tracecheckerutils.partialorder.independence.IndependenceSettings;@88896d5, mLbeIndependenceSettings=[IndependenceType=SEMANTIC, AbstractionType=NONE, UseConditional=false, UseSemiCommutativity=true, Solver=Z3, SolverTimeout=1000ms], mThreadLimit=4, mParallelCegarLoop=true, mConsiderOnlyActiveCounterexamplesInIsEmptyParallel=true, mMinimizeAbstractionPerWorker=true, mSearchLoopBound=-1, mParallelTraceSearchSelectionMode=PAPER, mParallelTraceSearchUseInitialBfs=true, mParallelTraceSearchTrackStalePrefixes=true
[2026-06-05 23:24:28,917 INFO  L346      AbstractCegarLoop]: Starting to check reachability of 1 error locations.
[2026-06-05 23:24:28,918 INFO  L290                IsEmpty]: Start isEmpty. Operand  has 6 states, 4 states have (on average 1.5) internal successors, (6), 5 states have internal predecessors, (6), 0 states have call successors, (0), 0 states have call predecessors, (0), 0 states have return successors, (0), 0 states have call predecessors, (0), 0 states have call successors, (0)
[2026-06-05 23:24:28,919 INFO  L300                IsEmpty]: Finished isEmpty. Found accepting run of length 5
[2026-06-05 23:24:28,919 INFO  L199           NwaCegarLoop]: Found error trace
[2026-06-05 23:24:28,919 INFO  L207           NwaCegarLoop]: trace histogram [1, 1, 1, 1]
[2026-06-05 23:24:28,920 INFO  L173          SolverBuilder]: Constructing external solver with command: z3 SMTLIB2_COMPLIANT=true -memory:1024 -smt2 -in -t:12000
[2026-06-05 23:24:28,922 INFO  L189       MonitoredProcess]: No working directory specified, using /usr/bin/z3
[2026-06-05 23:24:28,924 INFO  L229       MonitoredProcess]: Starting monitored process 2 with /usr/bin/z3 SMTLIB2_COMPLIANT=true -memory:1024 -smt2 -in -t:12000 (exit command is (exit), workingDir is null)
[2026-06-05 23:24:28,925 INFO  L327       MonitoredProcess]: [MP /usr/bin/z3 SMTLIB2_COMPLIANT=true -memory:1024 -smt2 -in -t:12000 (2)] Waiting until timeout for monitored process
[2026-06-05 23:24:28,936 WARN  L330   ript$VariableManager]: TermVariable |v_ULTIMATE.start___VERIFIER_assert_#in~cond_2| not constructed by VariableManager. Cannot ensure absence of name clashes.
[2026-06-05 23:24:28,937 INFO  L173          SolverBuilder]: Constructing external solver with command: z3 SMTLIB2_COMPLIANT=true -memory:1024 -smt2 -in -t:12000
[2026-06-05 23:24:28,937 INFO  L196   CegarNwaWorkerThread]: WorkerThread: Thread[#80,pool-1-thread-1,5,main] is Waiting for a Task
[2026-06-05 23:24:28,939 INFO  L189       MonitoredProcess]: No working directory specified, using /usr/bin/z3
[2026-06-05 23:24:28,941 INFO  L229       MonitoredProcess]: Starting monitored process 3 with /usr/bin/z3 SMTLIB2_COMPLIANT=true -memory:1024 -smt2 -in -t:12000 (exit command is (exit), workingDir is null)
[2026-06-05 23:24:28,941 INFO  L327       MonitoredProcess]: [MP /usr/bin/z3 SMTLIB2_COMPLIANT=true -memory:1024 -smt2 -in -t:12000 (3)] Waiting until timeout for monitored process
[2026-06-05 23:24:28,949 WARN  L330   ript$VariableManager]: TermVariable |v_ULTIMATE.start___VERIFIER_assert_#in~cond_2| not constructed by VariableManager. Cannot ensure absence of name clashes.
[2026-06-05 23:24:28,950 INFO  L173          SolverBuilder]: Constructing external solver with command: z3 SMTLIB2_COMPLIANT=true -memory:1024 -smt2 -in -t:12000
[2026-06-05 23:24:28,950 INFO  L196   CegarNwaWorkerThread]: WorkerThread: Thread[#86,pool-1-thread-2,5,main] is Waiting for a Task
[2026-06-05 23:24:28,952 INFO  L189       MonitoredProcess]: No working directory specified, using /usr/bin/z3
[2026-06-05 23:24:28,953 INFO  L229       MonitoredProcess]: Starting monitored process 4 with /usr/bin/z3 SMTLIB2_COMPLIANT=true -memory:1024 -smt2 -in -t:12000 (exit command is (exit), workingDir is null)
[2026-06-05 23:24:28,954 INFO  L327       MonitoredProcess]: [MP /usr/bin/z3 SMTLIB2_COMPLIANT=true -memory:1024 -smt2 -in -t:12000 (4)] Waiting until timeout for monitored process
[2026-06-05 23:24:28,962 WARN  L330   ript$VariableManager]: TermVariable |v_ULTIMATE.start___VERIFIER_assert_#in~cond_2| not constructed by VariableManager. Cannot ensure absence of name clashes.
[2026-06-05 23:24:28,963 INFO  L173          SolverBuilder]: Constructing external solver with command: z3 SMTLIB2_COMPLIANT=true -memory:1024 -smt2 -in -t:12000
[2026-06-05 23:24:28,963 INFO  L196   CegarNwaWorkerThread]: WorkerThread: Thread[#92,pool-1-thread-3,5,main] is Waiting for a Task
[2026-06-05 23:24:28,964 INFO  L189       MonitoredProcess]: No working directory specified, using /usr/bin/z3
[2026-06-05 23:24:28,965 INFO  L229       MonitoredProcess]: Starting monitored process 5 with /usr/bin/z3 SMTLIB2_COMPLIANT=true -memory:1024 -smt2 -in -t:12000 (exit command is (exit), workingDir is null)
[2026-06-05 23:24:28,966 INFO  L327       MonitoredProcess]: [MP /usr/bin/z3 SMTLIB2_COMPLIANT=true -memory:1024 -smt2 -in -t:12000 (5)] Waiting until timeout for monitored process
[2026-06-05 23:24:28,974 WARN  L330   ript$VariableManager]: TermVariable |v_ULTIMATE.start___VERIFIER_assert_#in~cond_2| not constructed by VariableManager. Cannot ensure absence of name clashes.
[2026-06-05 23:24:28,975 INFO  L196   CegarNwaWorkerThread]: WorkerThread: Thread[#98,pool-1-thread-4,5,main] is Waiting for a Task
[2026-06-05 23:24:28,975 INFO  L86        PathProgramCache]: Analyzing trace with hash 925701, now seen corresponding path program 1 times
[2026-06-05 23:24:28,975 INFO  L435   ParallelNwaCegarLoop]: Main: Starting Thread
[2026-06-05 23:24:28,975 INFO  L251   ParallelNwaCegarLoop]: === Iteration 1 ===
[2026-06-05 23:24:28,975 INFO  L304   ParallelNwaCegarLoop]: No more worker results to process
[2026-06-05 23:24:28,975 INFO  L290                IsEmpty]: Start isEmpty. Operand  has 6 states, 4 states have (on average 1.5) internal successors, (6), 5 states have internal predecessors, (6), 0 states have call successors, (0), 0 states have call predecessors, (0), 0 states have return successors, (0), 0 states have call predecessors, (0), 0 states have call successors, (0)
[2026-06-05 23:24:28,975 INFO  L300                IsEmpty]: Finished isEmpty. Found accepting run of length 5
[2026-06-05 23:24:28,976 WARN  L753                IsEmpty]: Correctness of emptinessCheck not tested.
[2026-06-05 23:24:28,978 INFO  L209   CegarNwaWorkerThread]: Starting Thread: 80# for Trace Check: 925701
[2026-06-05 23:24:28,978 INFO  L79                 Accepts]: Start accepts. Automaton has  has 6 states, 4 states have (on average 1.5) internal successors, (6), 5 states have internal predecessors, (6), 0 states have call successors, (0), 0 states have call predecessors, (0), 0 states have return successors, (0), 0 states have call predecessors, (0), 0 states have call successors, (0) Word has length 4
[2026-06-05 23:24:28,979 INFO  L85                 Accepts]: Finished accepts. word is accepted.
[2026-06-05 23:24:28,979 INFO  L757                IsEmpty]: Finished testing correctness of emptinessCheck
[2026-06-05 23:24:28,979 INFO  L675   ParallelNwaCegarLoop]: BFS found an active duplicate counterexample.
[2026-06-05 23:24:28,979 INFO  L290                IsEmpty]: Start isEmptyParallel. Operand  has 6 states, 4 states have (on average 1.5) internal successors, (6), 5 states have internal predecessors, (6), 0 states have call successors, (0), 0 states have call predecessors, (0), 0 states have return successors, (0), 0 states have call predecessors, (0), 0 states have call successors, (0)
[2026-06-05 23:24:28,979 INFO  L300                IsEmpty]: Finished isEmptyParallel. No accepting run.
[2026-06-05 23:24:28,979 INFO  L156        IsEmptyParallel]: Start isEmptyParallel. Operand  has 6 states, 4 states have (on average 1.5) internal successors, (6), 5 states have internal predecessors, (6), 0 states have call successors, (0), 0 states have call predecessors, (0), 0 states have return successors, (0), 0 states have call predecessors, (0), 0 states have call successors, (0)
[2026-06-05 23:24:28,980 INFO  L156       PredicateUnifier]: Initialized classic predicate unifier
[2026-06-05 23:24:28,980 INFO  L86        PathProgramCache]: Analyzing trace with hash 925701, now seen corresponding path program 1 times
[2026-06-05 23:24:28,981 INFO  L182       IsEmptyHeuristic]: Start isEmptyHeuristic. Operand  has 6 states, 4 states have (on average 1.5) internal successors, (6), 5 states have internal predecessors, (6), 0 states have call successors, (0), 0 states have call predecessors, (0), 0 states have return successors, (0), 0 states have call predecessors, (0), 0 states have call successors, (0)
[2026-06-05 23:24:28,983 INFO  L118   FreeRefinementEngine]: Executing refinement strategy CAMEL
[2026-06-05 23:24:28,983 INFO  L188       IsEmptyHeuristic]: Finished isEmptyHeuristic. Found accepting run of length 7
[2026-06-05 23:24:28,983 INFO  L324   FreeRefinementEngine]: Using trace check IpTcStrategyModuleSmtInterpolCraig [1238972719]
[2026-06-05 23:24:28,983 INFO  L163        IsEmptyParallel]: Finished isEmptyParallel. Found accepting run of length 7
[2026-06-05 23:24:28,983 WARN  L753                IsEmpty]: Correctness of emptinessCheck not tested.
[2026-06-05 23:24:28,983 INFO  L97    rtionOrderModulation]: Keeping assertion order NOT_INCREMENTALLY
[2026-06-05 23:24:28,983 INFO  L79                 Accepts]: Start accepts. Automaton has  has 6 states, 4 states have (on average 1.5) internal successors, (6), 5 states have internal predecessors, (6), 0 states have call successors, (0), 0 states have call predecessors, (0), 0 states have return successors, (0), 0 states have call predecessors, (0), 0 states have call successors, (0) Word has length 6
[2026-06-05 23:24:28,983 INFO  L85                 Accepts]: Finished accepts. word is accepted.
[2026-06-05 23:24:28,983 INFO  L757                IsEmpty]: Finished testing correctness of emptinessCheck
[2026-06-05 23:24:28,983 INFO  L127          SolverBuilder]: Constructing new instance of SMTInterpol with explicit timeout -1 ms and remaining time -1 ms
[2026-06-05 23:24:28,983 INFO  L671   ParallelNwaCegarLoop]: Found new Counterexample via IsEmptyParallel PAPER!
[2026-06-05 23:24:28,983 INFO  L86        PathProgramCache]: Analyzing trace with hash 889531649, now seen corresponding path program 1 times
[2026-06-05 23:24:28,983 INFO  L435   ParallelNwaCegarLoop]: Main: Starting Thread
[2026-06-05 23:24:28,983 INFO  L209   CegarNwaWorkerThread]: Starting Thread: 86# for Trace Check: 889531649
[2026-06-05 23:24:28,983 INFO  L290                IsEmpty]: Start isEmptyParallel. Operand  has 6 states, 4 states have (on average 1.5) internal successors, (6), 5 states have internal predecessors, (6), 0 states have call successors, (0), 0 states have call predecessors, (0), 0 states have return successors, (0), 0 states have call predecessors, (0), 0 states have call successors, (0)
[2026-06-05 23:24:28,983 INFO  L300                IsEmpty]: Finished isEmptyParallel. No accepting run.
[2026-06-05 23:24:28,983 INFO  L156        IsEmptyParallel]: Start isEmptyParallel. Operand  has 6 states, 4 states have (on average 1.5) internal successors, (6), 5 states have internal predecessors, (6), 0 states have call successors, (0), 0 states have call predecessors, (0), 0 states have return successors, (0), 0 states have call predecessors, (0), 0 states have call successors, (0)
[2026-06-05 23:24:28,983 INFO  L156       PredicateUnifier]: Initialized classic predicate unifier
[2026-06-05 23:24:28,983 INFO  L86        PathProgramCache]: Analyzing trace with hash 889531649, now seen corresponding path program 1 times
[2026-06-05 23:24:28,983 INFO  L182       IsEmptyHeuristic]: Start isEmptyHeuristic. Operand  has 6 states, 4 states have (on average 1.5) internal successors, (6), 5 states have internal predecessors, (6), 0 states have call successors, (0), 0 states have call predecessors, (0), 0 states have return successors, (0), 0 states have call predecessors, (0), 0 states have call successors, (0)
[2026-06-05 23:24:28,983 INFO  L118   FreeRefinementEngine]: Executing refinement strategy CAMEL
[2026-06-05 23:24:28,983 INFO  L324   FreeRefinementEngine]: Using trace check IpTcStrategyModuleSmtInterpolCraig [2001449110]
[2026-06-05 23:24:28,984 INFO  L97    rtionOrderModulation]: Keeping assertion order NOT_INCREMENTALLY
[2026-06-05 23:24:28,984 INFO  L188       IsEmptyHeuristic]: Finished isEmptyHeuristic. Found accepting run of length 9
[2026-06-05 23:24:28,984 INFO  L127          SolverBuilder]: Constructing new instance of SMTInterpol with explicit timeout -1 ms and remaining time -1 ms
[2026-06-05 23:24:28,984 INFO  L163        IsEmptyParallel]: Finished isEmptyParallel. Found accepting run of length 9
[2026-06-05 23:24:28,984 WARN  L753                IsEmpty]: Correctness of emptinessCheck not tested.
[2026-06-05 23:24:28,984 INFO  L79                 Accepts]: Start accepts. Automaton has  has 6 states, 4 states have (on average 1.5) internal successors, (6), 5 states have internal predecessors, (6), 0 states have call successors, (0), 0 states have call predecessors, (0), 0 states have return successors, (0), 0 states have call predecessors, (0), 0 states have call successors, (0) Word has length 8
[2026-06-05 23:24:28,984 INFO  L85                 Accepts]: Finished accepts. word is accepted.
[2026-06-05 23:24:28,984 INFO  L757                IsEmpty]: Finished testing correctness of emptinessCheck
[2026-06-05 23:24:28,984 INFO  L671   ParallelNwaCegarLoop]: Found new Counterexample via IsEmptyParallel PAPER!
[2026-06-05 23:24:28,984 INFO  L86        PathProgramCache]: Analyzing trace with hash 141355773, now seen corresponding path program 2 times
[2026-06-05 23:24:28,984 INFO  L435   ParallelNwaCegarLoop]: Main: Starting Thread
[2026-06-05 23:24:28,984 INFO  L209   CegarNwaWorkerThread]: Starting Thread: 92# for Trace Check: 141355773
[2026-06-05 23:24:28,984 INFO  L290                IsEmpty]: Start isEmptyParallel. Operand  has 6 states, 4 states have (on average 1.5) internal successors, (6), 5 states have internal predecessors, (6), 0 states have call successors, (0), 0 states have call predecessors, (0), 0 states have return successors, (0), 0 states have call predecessors, (0), 0 states have call successors, (0)
[2026-06-05 23:24:28,984 INFO  L300                IsEmpty]: Finished isEmptyParallel. No accepting run.
[2026-06-05 23:24:28,984 INFO  L156        IsEmptyParallel]: Start isEmptyParallel. Operand  has 6 states, 4 states have (on average 1.5) internal successors, (6), 5 states have internal predecessors, (6), 0 states have call successors, (0), 0 states have call predecessors, (0), 0 states have return successors, (0), 0 states have call predecessors, (0), 0 states have call successors, (0)
[2026-06-05 23:24:28,984 INFO  L182       IsEmptyHeuristic]: Start isEmptyHeuristic. Operand  has 6 states, 4 states have (on average 1.5) internal successors, (6), 5 states have internal predecessors, (6), 0 states have call successors, (0), 0 states have call predecessors, (0), 0 states have return successors, (0), 0 states have call predecessors, (0), 0 states have call successors, (0)
[2026-06-05 23:24:28,984 INFO  L156       PredicateUnifier]: Initialized classic predicate unifier
[2026-06-05 23:24:28,984 INFO  L86        PathProgramCache]: Analyzing trace with hash 141355773, now seen corresponding path program 2 times
[2026-06-05 23:24:28,984 INFO  L188       IsEmptyHeuristic]: Finished isEmptyHeuristic. No accepting run.
[2026-06-05 23:24:28,984 INFO  L118   FreeRefinementEngine]: Executing refinement strategy CAMEL
[2026-06-05 23:24:28,984 INFO  L324   FreeRefinementEngine]: Using trace check IpTcStrategyModuleSmtInterpolCraig [1850194779]
[2026-06-05 23:24:28,984 INFO  L95    rtionOrderModulation]: Changing assertion order to OUTSIDE_LOOP_FIRST1
[2026-06-05 23:24:28,984 INFO  L182       IsEmptyHeuristic]: Start isEmptyHeuristic. Operand  has 6 states, 4 states have (on average 1.5) internal successors, (6), 5 states have internal predecessors, (6), 0 states have call successors, (0), 0 states have call predecessors, (0), 0 states have return successors, (0), 0 states have call predecessors, (0), 0 states have call successors, (0)
[2026-06-05 23:24:28,984 INFO  L127          SolverBuilder]: Constructing new instance of SMTInterpol with explicit timeout -1 ms and remaining time -1 ms
[2026-06-05 23:24:28,984 INFO  L188       IsEmptyHeuristic]: Finished isEmptyHeuristic. Found accepting run of length 11
[2026-06-05 23:24:28,984 INFO  L163        IsEmptyParallel]: Finished isEmptyParallel. Found accepting run of length 11
[2026-06-05 23:24:28,985 WARN  L753                IsEmpty]: Correctness of emptinessCheck not tested.
[2026-06-05 23:24:28,985 INFO  L79                 Accepts]: Start accepts. Automaton has  has 6 states, 4 states have (on average 1.5) internal successors, (6), 5 states have internal predecessors, (6), 0 states have call successors, (0), 0 states have call predecessors, (0), 0 states have return successors, (0), 0 states have call predecessors, (0), 0 states have call successors, (0) Word has length 10
[2026-06-05 23:24:28,985 INFO  L85                 Accepts]: Finished accepts. word is accepted.
[2026-06-05 23:24:28,985 INFO  L757                IsEmpty]: Finished testing correctness of emptinessCheck
[2026-06-05 23:24:28,985 INFO  L671   ParallelNwaCegarLoop]: Found new Counterexample via IsEmptyParallel PAPER!
[2026-06-05 23:24:28,985 INFO  L86        PathProgramCache]: Analyzing trace with hash -1596122631, now seen corresponding path program 3 times
[2026-06-05 23:24:28,985 INFO  L435   ParallelNwaCegarLoop]: Main: Starting Thread
[2026-06-05 23:24:28,985 INFO  L251   ParallelNwaCegarLoop]: === Iteration 2 ===
[2026-06-05 23:24:28,985 INFO  L452   ParallelNwaCegarLoop]: All threads busy, going to sleep.
[2026-06-05 23:24:28,985 INFO  L209   CegarNwaWorkerThread]: Starting Thread: 98# for Trace Check: -1596122631
[2026-06-05 23:24:28,985 INFO  L156       PredicateUnifier]: Initialized classic predicate unifier
[2026-06-05 23:24:28,985 INFO  L86        PathProgramCache]: Analyzing trace with hash -1596122631, now seen corresponding path program 3 times
[2026-06-05 23:24:28,985 INFO  L118   FreeRefinementEngine]: Executing refinement strategy CAMEL
[2026-06-05 23:24:28,985 INFO  L324   FreeRefinementEngine]: Using trace check IpTcStrategyModuleSmtInterpolCraig [1925771553]
[2026-06-05 23:24:28,985 INFO  L95    rtionOrderModulation]: Changing assertion order to OUTSIDE_LOOP_FIRST2
[2026-06-05 23:24:28,985 INFO  L127          SolverBuilder]: Constructing new instance of SMTInterpol with explicit timeout -1 ms and remaining time -1 ms
[2026-06-05 23:24:29,010 INFO  L108    AnnotateAndAsserter]: Assert order NOT_INCREMENTALLY partitioned 4 statements into 1 equivalence classes.
[2026-06-05 23:24:29,010 INFO  L108    AnnotateAndAsserter]: Assert order OUTSIDE_LOOP_FIRST2 partitioned 10 statements into 4 equivalence classes.
[2026-06-05 23:24:29,010 INFO  L108    AnnotateAndAsserter]: Assert order OUTSIDE_LOOP_FIRST1 partitioned 8 statements into 2 equivalence classes.
[2026-06-05 23:24:29,010 INFO  L108    AnnotateAndAsserter]: Assert order NOT_INCREMENTALLY partitioned 6 statements into 1 equivalence classes.
[2026-06-05 23:24:29,019 INFO  L111    AnnotateAndAsserter]: Assert order NOT_INCREMENTALLY issued 1 check-sat command(s) and asserted 4 of 4 statements.
[2026-06-05 23:24:29,019 INFO  L114    AnnotateAndAsserter]: Assert order NOT_INCREMENTALLY issued 1 check-sat command(s)
[2026-06-05 23:24:29,020 INFO  L115    AnnotateAndAsserter]: Conjunction of SSA is unsat
[2026-06-05 23:24:29,022 INFO  L111    AnnotateAndAsserter]: Assert order NOT_INCREMENTALLY issued 1 check-sat command(s) and asserted 6 of 6 statements.
[2026-06-05 23:24:29,022 INFO  L114    AnnotateAndAsserter]: Assert order NOT_INCREMENTALLY issued 1 check-sat command(s)
[2026-06-05 23:24:29,022 INFO  L115    AnnotateAndAsserter]: Conjunction of SSA is unsat
[2026-06-05 23:24:29,026 INFO  L111    AnnotateAndAsserter]: Assert order OUTSIDE_LOOP_FIRST1 issued 2 check-sat command(s) and asserted 8 of 8 statements.
[2026-06-05 23:24:29,026 INFO  L114    AnnotateAndAsserter]: Assert order OUTSIDE_LOOP_FIRST1 issued 2 check-sat command(s)
[2026-06-05 23:24:29,026 INFO  L115    AnnotateAndAsserter]: Conjunction of SSA is unsat
[2026-06-05 23:24:29,034 INFO  L111    AnnotateAndAsserter]: Assert order OUTSIDE_LOOP_FIRST2 issued 4 check-sat command(s) and asserted 10 of 10 statements.
[2026-06-05 23:24:29,034 INFO  L114    AnnotateAndAsserter]: Assert order OUTSIDE_LOOP_FIRST2 issued 4 check-sat command(s)
[2026-06-05 23:24:29,035 INFO  L115    AnnotateAndAsserter]: Conjunction of SSA is unsat
[2026-06-05 23:24:29,089 INFO  L134       CoverageAnalysis]: Checked inductivity of 0 backedges. 0 proven. 0 refuted. 0 times theorem prover too weak. 0 trivial. 0 not checked.
[2026-06-05 23:24:29,089 INFO  L136   FreeRefinementEngine]: Strategy CAMEL found an infeasible trace
[2026-06-05 23:24:29,089 INFO  L324   FreeRefinementEngine]: Using interpolant generator IpTcStrategyModuleSmtInterpolCraig [1238972719]
[2026-06-05 23:24:29,090 INFO  L158   FreeRefinementEngine]: IpTcStrategyModuleSmtInterpolCraig [1238972719] provided 1 perfect and 0 imperfect interpolant sequences
[2026-06-05 23:24:29,090 INFO  L185   FreeRefinementEngine]: Found 1 perfect and 0 imperfect interpolant sequences.
[2026-06-05 23:24:29,090 INFO  L198   FreeRefinementEngine]: Number of different interpolants: perfect sequences [3] imperfect sequences [] total 3
[2026-06-05 23:24:29,091 INFO  L122   tionRefinementEngine]: Using interpolant automaton builder IpAbStrategyModuleStraightlineAll [1116162645]
[2026-06-05 23:24:29,092 INFO  L85    oduleStraightlineAll]: Using 1 perfect interpolants to construct interpolant automaton
[2026-06-05 23:24:29,093 INFO  L100   FreeRefinementEngine]: Using predicate unifier PredicateUnifier provided by strategy CAMEL
[2026-06-05 23:24:29,098 INFO  L134       CoverageAnalysis]: Checked inductivity of 2 backedges. 0 proven. 2 refuted. 0 times theorem prover too weak. 0 trivial. 0 not checked.
[2026-06-05 23:24:29,098 INFO  L136   FreeRefinementEngine]: Strategy CAMEL found an infeasible trace
[2026-06-05 23:24:29,098 INFO  L324   FreeRefinementEngine]: Using interpolant generator IpTcStrategyModuleSmtInterpolCraig [2001449110]
[2026-06-05 23:24:29,098 INFO  L158   FreeRefinementEngine]: IpTcStrategyModuleSmtInterpolCraig [2001449110] provided 0 perfect and 1 imperfect interpolant sequences
[2026-06-05 23:24:29,098 INFO  L324   FreeRefinementEngine]: Using interpolant generator IpTcStrategyModuleZ3 [1798970208]
[2026-06-05 23:24:29,098 INFO  L97    rtionOrderModulation]: Keeping assertion order NOT_INCREMENTALLY
[2026-06-05 23:24:29,098 INFO  L173          SolverBuilder]: Constructing external solver with command: z3 -smt2 -in SMTLIB2_COMPLIANT=true
[2026-06-05 23:24:29,100 INFO  L189       MonitoredProcess]: No working directory specified, using /usr/bin/z3
[2026-06-05 23:24:29,101 INFO  L134       CoverageAnalysis]: Checked inductivity of 6 backedges. 0 proven. 4 refuted. 0 times theorem prover too weak. 2 trivial. 0 not checked.
[2026-06-05 23:24:29,101 INFO  L136   FreeRefinementEngine]: Strategy CAMEL found an infeasible trace
[2026-06-05 23:24:29,101 INFO  L324   FreeRefinementEngine]: Using interpolant generator IpTcStrategyModuleSmtInterpolCraig [1850194779]
[2026-06-05 23:24:29,101 INFO  L158   FreeRefinementEngine]: IpTcStrategyModuleSmtInterpolCraig [1850194779] provided 0 perfect and 1 imperfect interpolant sequences
[2026-06-05 23:24:29,101 INFO  L324   FreeRefinementEngine]: Using interpolant generator IpTcStrategyModuleZ3 [485078586]
[2026-06-05 23:24:29,101 INFO  L95    rtionOrderModulation]: Changing assertion order to OUTSIDE_LOOP_FIRST1
[2026-06-05 23:24:29,101 INFO  L173          SolverBuilder]: Constructing external solver with command: z3 -smt2 -in SMTLIB2_COMPLIANT=true
[2026-06-05 23:24:29,102 INFO  L229       MonitoredProcess]: Starting monitored process 6 with /usr/bin/z3 -smt2 -in SMTLIB2_COMPLIANT=true (exit command is (exit), workingDir is null)
[2026-06-05 23:24:29,102 INFO  L327       MonitoredProcess]: [MP /usr/bin/z3 -smt2 -in SMTLIB2_COMPLIANT=true (6)] Waiting until timeout for monitored process
[2026-06-05 23:24:29,104 INFO  L189       MonitoredProcess]: No working directory specified, using /usr/bin/z3
[2026-06-05 23:24:29,106 INFO  L229       MonitoredProcess]: Starting monitored process 7 with /usr/bin/z3 -smt2 -in SMTLIB2_COMPLIANT=true (exit command is (exit), workingDir is null)
[2026-06-05 23:24:29,106 INFO  L327       MonitoredProcess]: [MP /usr/bin/z3 -smt2 -in SMTLIB2_COMPLIANT=true (7)] Waiting until timeout for monitored process
[2026-06-05 23:24:29,107 INFO  L144   InterpolantAutomaton]: Constructing interpolant automaton starting with 4 interpolants.
[2026-06-05 23:24:29,107 INFO  L146   InterpolantAutomaton]: CoverageRelationStatistics Valid=5, Invalid=7, Unknown=0, NotChecked=0, Total=12
[2026-06-05 23:24:29,107 INFO  L419   CegarNwaWorkerThread]: Difference in Worker for Generalization
[2026-06-05 23:24:29,110 INFO  L87              Difference]: Start difference. First operand  has 6 states, 4 states have (on average 1.5) internal successors, (6), 5 states have internal predecessors, (6), 0 states have call successors, (0), 0 states have call predecessors, (0), 0 states have return successors, (0), 0 states have call predecessors, (0), 0 states have call successors, (0) Second operand  has 4 states, 4 states have (on average 1.0) internal successors, (4), 3 states have internal predecessors, (4), 0 states have call successors, (0), 0 states have call predecessors, (0), 0 states have return successors, (0), 0 states have call predecessors, (0), 0 states have call successors, (0)
[2026-06-05 23:24:29,112 INFO  L134       CoverageAnalysis]: Checked inductivity of 12 backedges. 0 proven. 6 refuted. 0 times theorem prover too weak. 6 trivial. 0 not checked.
[2026-06-05 23:24:29,112 INFO  L136   FreeRefinementEngine]: Strategy CAMEL found an infeasible trace
[2026-06-05 23:24:29,112 INFO  L324   FreeRefinementEngine]: Using interpolant generator IpTcStrategyModuleSmtInterpolCraig [1925771553]
[2026-06-05 23:24:29,112 INFO  L158   FreeRefinementEngine]: IpTcStrategyModuleSmtInterpolCraig [1925771553] provided 0 perfect and 1 imperfect interpolant sequences
[2026-06-05 23:24:29,112 INFO  L324   FreeRefinementEngine]: Using interpolant generator IpTcStrategyModuleZ3 [1340209857]
[2026-06-05 23:24:29,112 INFO  L95    rtionOrderModulation]: Changing assertion order to OUTSIDE_LOOP_FIRST2
[2026-06-05 23:24:29,113 INFO  L173          SolverBuilder]: Constructing external solver with command: z3 -smt2 -in SMTLIB2_COMPLIANT=true
[2026-06-05 23:24:29,115 INFO  L189       MonitoredProcess]: No working directory specified, using /usr/bin/z3
[2026-06-05 23:24:29,116 INFO  L229       MonitoredProcess]: Starting monitored process 8 with /usr/bin/z3 -smt2 -in SMTLIB2_COMPLIANT=true (exit command is (exit), workingDir is null)
[2026-06-05 23:24:29,117 INFO  L327       MonitoredProcess]: [MP /usr/bin/z3 -smt2 -in SMTLIB2_COMPLIANT=true (8)] Waiting until timeout for monitored process
[2026-06-05 23:24:29,120 INFO  L108    AnnotateAndAsserter]: Assert order NOT_INCREMENTALLY partitioned 6 statements into 1 equivalence classes.
[2026-06-05 23:24:29,120 INFO  L108    AnnotateAndAsserter]: Assert order OUTSIDE_LOOP_FIRST1 partitioned 8 statements into 2 equivalence classes.
[2026-06-05 23:24:29,122 INFO  L111    AnnotateAndAsserter]: Assert order NOT_INCREMENTALLY issued 1 check-sat command(s) and asserted 6 of 6 statements.
[2026-06-05 23:24:29,122 INFO  L114    AnnotateAndAsserter]: Assert order NOT_INCREMENTALLY issued 1 check-sat command(s)
[2026-06-05 23:24:29,122 INFO  L115    AnnotateAndAsserter]: Conjunction of SSA is unsat
[2026-06-05 23:24:29,123 INFO  L144             Difference]: Subtrahend was deterministic. Have not used determinization.
[2026-06-05 23:24:29,123 INFO  L93              Difference]: Finished difference Result 7 states and 7 transitions.
[2026-06-05 23:24:29,123 INFO  L256         TraceCheckSpWp]: Trace formula consists of 20 conjuncts, 9 conjuncts are in the unsatisfiable core
[2026-06-05 23:24:29,123 INFO  L140   InterpolantAutomaton]: Switched to read-only mode: deterministic interpolant automaton has 4 states. 
[2026-06-05 23:24:29,124 INFO  L111    AnnotateAndAsserter]: Assert order OUTSIDE_LOOP_FIRST1 issued 2 check-sat command(s) and asserted 8 of 8 statements.
[2026-06-05 23:24:29,124 INFO  L114    AnnotateAndAsserter]: Assert order OUTSIDE_LOOP_FIRST1 issued 2 check-sat command(s)
[2026-06-05 23:24:29,124 INFO  L115    AnnotateAndAsserter]: Conjunction of SSA is unsat
[2026-06-05 23:24:29,124 INFO  L256         TraceCheckSpWp]: Trace formula consists of 27 conjuncts, 11 conjuncts are in the unsatisfiable core
[2026-06-05 23:24:29,125 INFO  L279         TraceCheckSpWp]: Computing forward predicates...
[2026-06-05 23:24:29,125 INFO  L279         TraceCheckSpWp]: Computing forward predicates...
[2026-06-05 23:24:29,126 INFO  L225             Difference]: With dead ends: 7
[2026-06-05 23:24:29,126 INFO  L226             Difference]: Without dead ends: 7
[2026-06-05 23:24:29,127 INFO  L487   CegarNwaWorkerThread]: 0 DeclaredPredicates, 3 GetRequests, 1 SyntacticMatches, 0 SemanticMatches, 2 ConstructedPredicates, 0 IntricatePredicates, 0 DeprecatedPredicates, 0 ImplicationChecksByTransitivity, 0.0s TimeCoverageRelationStatistics Valid=5, Invalid=7, Unknown=0, NotChecked=0, Total=12
[2026-06-05 23:24:29,128 INFO  L488   CegarNwaWorkerThread]: 3 mSDtfsCounter, 0 mSDsluCounter, 4 mSDsCounter, 0 mSdLazyCounter, 7 mSolverCounterSat, 0 mSolverCounterUnsat, 0 mSolverCounterUnknown, 0 mSolverCounterNotChecked, 0.0s Time, 0 mProtectedPredicate, 0 mProtectedAction, 0 SdHoareTripleChecker+Valid, 7 SdHoareTripleChecker+Invalid, 7 SdHoareTripleChecker+Unknown, 0 SdHoareTripleChecker+Unchecked, 0.0s SdHoareTripleChecker+Time, 0 IncrementalHoareTripleChecker+Valid, 7 IncrementalHoareTripleChecker+Invalid, 0 IncrementalHoareTripleChecker+Unknown, 0 IncrementalHoareTripleChecker+Unchecked, 0.0s IncrementalHoareTripleChecker+Time
[2026-06-05 23:24:29,128 INFO  L489   CegarNwaWorkerThread]: SdHoareTripleChecker [0 Valid, 7 Invalid, 7 Unknown, 0 Unchecked, 0.0s Time], IncrementalHoareTripleChecker [0 Valid, 7 Invalid, 0 Unknown, 0 Unchecked, 0.0s Time]
[2026-06-05 23:24:29,129 INFO  L224   CegarNwaWorkerThread]: Done with Thread: 80#
[2026-06-05 23:24:29,129 INFO  L196   CegarNwaWorkerThread]: WorkerThread: Thread[#80,Worker for 925701,5,main] is Waiting for a Task
[2026-06-05 23:24:29,129 INFO  L455   ParallelNwaCegarLoop]: Waking up, a worker is done.
[2026-06-05 23:24:29,129 INFO  L108    AnnotateAndAsserter]: Assert order OUTSIDE_LOOP_FIRST2 partitioned 10 statements into 4 equivalence classes.
[2026-06-05 23:24:29,129 INFO  L261   ParallelNwaCegarLoop]: Main: A Thread is Done
[2026-06-05 23:24:29,129 INFO  L279   ParallelNwaCegarLoop]: Worker Automaton Type: FLOYD_HOARE
[2026-06-05 23:24:29,130 INFO  L79                 Accepts]: Start accepts. Automaton has  has 6 states, 4 states have (on average 1.5) internal successors, (6), 5 states have internal predecessors, (6), 0 states have call successors, (0), 0 states have call predecessors, (0), 0 states have return successors, (0), 0 states have call predecessors, (0), 0 states have call successors, (0) Word has length 4
[2026-06-05 23:24:29,130 INFO  L85                 Accepts]: Finished accepts. word is accepted.
[2026-06-05 23:24:29,130 INFO  L281   ParallelNwaCegarLoop]: Refining Abstraction
[2026-06-05 23:24:29,130 INFO  L518   ParallelNwaCegarLoop]: Subtrahend traceHash: 925701
[2026-06-05 23:24:29,130 INFO  L485   ParallelNwaCegarLoop]: Difference in Main
[2026-06-05 23:24:29,130 INFO  L87              Difference]: Start difference. First operand  has 6 states, 4 states have (on average 1.5) internal successors, (6), 5 states have internal predecessors, (6), 0 states have call successors, (0), 0 states have call predecessors, (0), 0 states have return successors, (0), 0 states have call predecessors, (0), 0 states have call successors, (0) Second operand  has 4 states, 3 states have (on average 3.0) internal successors, (9), 4 states have internal predecessors, (9), 0 states have call successors, (0), 0 states have call predecessors, (0), 0 states have return successors, (0), 0 states have call predecessors, (0), 0 states have call successors, (0)
[2026-06-05 23:24:29,130 INFO  L144             Difference]: Subtrahend was deterministic. Have not used determinization.
[2026-06-05 23:24:29,130 INFO  L93              Difference]: Finished difference Result 7 states and 7 transitions.
[2026-06-05 23:24:29,130 INFO  L225             Difference]: With dead ends: 7
[2026-06-05 23:24:29,131 INFO  L226             Difference]: Without dead ends: 7
[2026-06-05 23:24:29,134 INFO  L111    AnnotateAndAsserter]: Assert order OUTSIDE_LOOP_FIRST2 issued 4 check-sat command(s) and asserted 10 of 10 statements.
[2026-06-05 23:24:29,134 INFO  L114    AnnotateAndAsserter]: Assert order OUTSIDE_LOOP_FIRST2 issued 4 check-sat command(s)
[2026-06-05 23:24:29,134 INFO  L115    AnnotateAndAsserter]: Conjunction of SSA is unsat
[2026-06-05 23:24:29,135 INFO  L256         TraceCheckSpWp]: Trace formula consists of 34 conjuncts, 13 conjuncts are in the unsatisfiable core
[2026-06-05 23:24:29,135 INFO  L279         TraceCheckSpWp]: Computing forward predicates...
[2026-06-05 23:24:29,137 INFO  L82        GeneralOperation]: Start minimizeSevpa. Operand 7 states.
[2026-06-05 23:24:29,142 INFO  L88        GeneralOperation]: Finished minimizeSevpa. Reduced states from 7 to 7.
[2026-06-05 23:24:29,142 INFO  L82        GeneralOperation]: Start removeUnreachable. Operand  has 7 states, 6 states have (on average 1.1666666666666667) internal successors, (7), 6 states have internal predecessors, (7), 0 states have call successors, (0), 0 states have call predecessors, (0), 0 states have return successors, (0), 0 states have call predecessors, (0), 0 states have call successors, (0)
[2026-06-05 23:24:29,144 INFO  L88        GeneralOperation]: Finished removeUnreachable. Reduced from 7 states to 7 states and 7 transitions.
[2026-06-05 23:24:29,145 INFO  L496   ParallelNwaCegarLoop]: Main: Refinement done.
[2026-06-05 23:24:29,145 INFO  L415   ParallelNwaCegarLoop]: Checking if program is safe
[2026-06-05 23:24:29,145 INFO  L290                IsEmpty]: Start isEmpty. Operand 7 states and 7 transitions.
[2026-06-05 23:24:29,145 INFO  L300                IsEmpty]: Finished isEmpty. Found accepting run of length 7
[2026-06-05 23:24:29,145 INFO  L199           NwaCegarLoop]: Found error trace
[2026-06-05 23:24:29,145 INFO  L207           NwaCegarLoop]: trace histogram [2, 1, 1, 1, 1]
[2026-06-05 23:24:29,145 INFO  L304   ParallelNwaCegarLoop]: No more worker results to process
[2026-06-05 23:24:29,145 INFO  L290                IsEmpty]: Start isEmpty. Operand 7 states and 7 transitions.
[2026-06-05 23:24:29,145 INFO  L300                IsEmpty]: Finished isEmpty. Found accepting run of length 7
[2026-06-05 23:24:29,145 WARN  L753                IsEmpty]: Correctness of emptinessCheck not tested.
[2026-06-05 23:24:29,145 INFO  L79                 Accepts]: Start accepts. Automaton has 7 states and 7 transitions. Word has length 6
[2026-06-05 23:24:29,145 INFO  L85                 Accepts]: Finished accepts. word is accepted.
[2026-06-05 23:24:29,145 INFO  L757                IsEmpty]: Finished testing correctness of emptinessCheck
[2026-06-05 23:24:29,145 INFO  L675   ParallelNwaCegarLoop]: BFS found an active duplicate counterexample.
[2026-06-05 23:24:29,145 INFO  L290                IsEmpty]: Start isEmptyParallel. Operand 7 states and 7 transitions.
[2026-06-05 23:24:29,145 INFO  L300                IsEmpty]: Finished isEmptyParallel. No accepting run.
[2026-06-05 23:24:29,145 INFO  L156        IsEmptyParallel]: Start isEmptyParallel. Operand 7 states and 7 transitions.
[2026-06-05 23:24:29,146 INFO  L182       IsEmptyHeuristic]: Start isEmptyHeuristic. Operand 7 states and 7 transitions.
[2026-06-05 23:24:29,146 INFO  L188       IsEmptyHeuristic]: Finished isEmptyHeuristic. Found accepting run of length 13
[2026-06-05 23:24:29,146 INFO  L163        IsEmptyParallel]: Finished isEmptyParallel. Found accepting run of length 13
[2026-06-05 23:24:29,146 WARN  L753                IsEmpty]: Correctness of emptinessCheck not tested.
[2026-06-05 23:24:29,146 INFO  L79                 Accepts]: Start accepts. Automaton has 7 states and 7 transitions. Word has length 12
[2026-06-05 23:24:29,146 INFO  L85                 Accepts]: Finished accepts. word is accepted.
[2026-06-05 23:24:29,146 INFO  L757                IsEmpty]: Finished testing correctness of emptinessCheck
[2026-06-05 23:24:29,146 INFO  L671   ParallelNwaCegarLoop]: Found new Counterexample via IsEmptyParallel PAPER!
[2026-06-05 23:24:29,146 INFO  L86        PathProgramCache]: Analyzing trace with hash -570590731, now seen corresponding path program 4 times
[2026-06-05 23:24:29,146 INFO  L435   ParallelNwaCegarLoop]: Main: Starting Thread
[2026-06-05 23:24:29,146 INFO  L251   ParallelNwaCegarLoop]: === Iteration 3 ===
[2026-06-05 23:24:29,146 INFO  L452   ParallelNwaCegarLoop]: All threads busy, going to sleep.
[2026-06-05 23:24:29,146 INFO  L209   CegarNwaWorkerThread]: Starting Thread: 80# for Trace Check: -570590731
[2026-06-05 23:24:29,147 INFO  L156       PredicateUnifier]: Initialized classic predicate unifier
[2026-06-05 23:24:29,147 INFO  L86        PathProgramCache]: Analyzing trace with hash -570590731, now seen corresponding path program 4 times
[2026-06-05 23:24:29,147 INFO  L118   FreeRefinementEngine]: Executing refinement strategy CAMEL
[2026-06-05 23:24:29,147 INFO  L324   FreeRefinementEngine]: Using trace check IpTcStrategyModuleSmtInterpolCraig [1012069028]
[2026-06-05 23:24:29,147 INFO  L95    rtionOrderModulation]: Changing assertion order to TERMS_WITH_SMALL_CONSTANTS_FIRST
[2026-06-05 23:24:29,147 INFO  L127          SolverBuilder]: Constructing new instance of SMTInterpol with explicit timeout -1 ms and remaining time -1 ms
[2026-06-05 23:24:29,152 INFO  L108    AnnotateAndAsserter]: Assert order TERMS_WITH_SMALL_CONSTANTS_FIRST partitioned 12 statements into 2 equivalence classes.
[2026-06-05 23:24:29,161 INFO  L111    AnnotateAndAsserter]: Assert order TERMS_WITH_SMALL_CONSTANTS_FIRST issued 2 check-sat command(s) and asserted 12 of 12 statements.
[2026-06-05 23:24:29,161 INFO  L114    AnnotateAndAsserter]: Assert order TERMS_WITH_SMALL_CONSTANTS_FIRST issued 2 check-sat command(s)
[2026-06-05 23:24:29,161 INFO  L115    AnnotateAndAsserter]: Conjunction of SSA is unsat
[2026-06-05 23:24:29,198 INFO  L134       CoverageAnalysis]: Checked inductivity of 2 backedges. 0 proven. 2 refuted. 0 times theorem prover too weak. 0 trivial. 0 not checked.
[2026-06-05 23:24:29,198 INFO  L312         TraceCheckSpWp]: Computing backward predicates...
[2026-06-05 23:24:29,199 INFO  L134       CoverageAnalysis]: Checked inductivity of 6 backedges. 0 proven. 4 refuted. 0 times theorem prover too weak. 2 trivial. 0 not checked.
[2026-06-05 23:24:29,199 INFO  L312         TraceCheckSpWp]: Computing backward predicates...
[2026-06-05 23:24:29,205 INFO  L134       CoverageAnalysis]: Checked inductivity of 12 backedges. 0 proven. 6 refuted. 0 times theorem prover too weak. 6 trivial. 0 not checked.
[2026-06-05 23:24:29,205 INFO  L312         TraceCheckSpWp]: Computing backward predicates...
[2026-06-05 23:24:29,209 INFO  L134       CoverageAnalysis]: Checked inductivity of 20 backedges. 0 proven. 8 refuted. 0 times theorem prover too weak. 12 trivial. 0 not checked.
[2026-06-05 23:24:29,209 INFO  L136   FreeRefinementEngine]: Strategy CAMEL found an infeasible trace
[2026-06-05 23:24:29,209 INFO  L324   FreeRefinementEngine]: Using interpolant generator IpTcStrategyModuleSmtInterpolCraig [1012069028]
[2026-06-05 23:24:29,209 INFO  L158   FreeRefinementEngine]: IpTcStrategyModuleSmtInterpolCraig [1012069028] provided 0 perfect and 1 imperfect interpolant sequences
[2026-06-05 23:24:29,209 INFO  L324   FreeRefinementEngine]: Using interpolant generator IpTcStrategyModuleZ3 [1425777766]
[2026-06-05 23:24:29,209 INFO  L95    rtionOrderModulation]: Changing assertion order to TERMS_WITH_SMALL_CONSTANTS_FIRST
[2026-06-05 23:24:29,210 INFO  L173          SolverBuilder]: Constructing external solver with command: z3 -smt2 -in SMTLIB2_COMPLIANT=true
[2026-06-05 23:24:29,211 INFO  L189       MonitoredProcess]: No working directory specified, using /usr/bin/z3
[2026-06-05 23:24:29,214 INFO  L229       MonitoredProcess]: Starting monitored process 9 with /usr/bin/z3 -smt2 -in SMTLIB2_COMPLIANT=true (exit command is (exit), workingDir is null)
[2026-06-05 23:24:29,215 INFO  L327       MonitoredProcess]: [MP /usr/bin/z3 -smt2 -in SMTLIB2_COMPLIANT=true (9)] Waiting until timeout for monitored process
[2026-06-05 23:24:29,227 INFO  L108    AnnotateAndAsserter]: Assert order TERMS_WITH_SMALL_CONSTANTS_FIRST partitioned 12 statements into 2 equivalence classes.
[2026-06-05 23:24:29,241 INFO  L111    AnnotateAndAsserter]: Assert order TERMS_WITH_SMALL_CONSTANTS_FIRST issued 2 check-sat command(s) and asserted 12 of 12 statements.
[2026-06-05 23:24:29,241 INFO  L114    AnnotateAndAsserter]: Assert order TERMS_WITH_SMALL_CONSTANTS_FIRST issued 2 check-sat command(s)
[2026-06-05 23:24:29,241 INFO  L115    AnnotateAndAsserter]: Conjunction of SSA is unsat
[2026-06-05 23:24:29,241 INFO  L256         TraceCheckSpWp]: Trace formula consists of 41 conjuncts, 15 conjuncts are in the unsatisfiable core
[2026-06-05 23:24:29,242 INFO  L279         TraceCheckSpWp]: Computing forward predicates...
[2026-06-05 23:24:29,267 INFO  L134       CoverageAnalysis]: Checked inductivity of 20 backedges. 0 proven. 8 refuted. 0 times theorem prover too weak. 12 trivial. 0 not checked.
[2026-06-05 23:24:29,267 INFO  L312         TraceCheckSpWp]: Computing backward predicates...
[2026-06-05 23:24:41,226 WARN  L330   ript$VariableManager]: TermVariable |ULTIMATE.start_main_#t~nondet0| not constructed by VariableManager. Cannot ensure absence of name clashes.
[2026-06-05 23:24:41,233 WARN  L330   ript$VariableManager]: TermVariable |ULTIMATE.start_main_#t~nondet0| not constructed by VariableManager. Cannot ensure absence of name clashes.
[2026-06-05 23:24:41,233 WARN  L330   ript$VariableManager]: TermVariable |ULTIMATE.start_main_#t~nondet0| not constructed by VariableManager. Cannot ensure absence of name clashes.
[2026-06-05 23:24:41,285 WARN  L330   ript$VariableManager]: TermVariable |ULTIMATE.start_main_#t~nondet0| not constructed by VariableManager. Cannot ensure absence of name clashes.
[2026-06-05 23:25:05,293 INFO  L134       CoverageAnalysis]: Checked inductivity of 2 backedges. 0 proven. 1 refuted. 1 times theorem prover too weak. 0 trivial. 0 not checked.
[2026-06-05 23:25:05,293 INFO  L158   FreeRefinementEngine]: IpTcStrategyModuleZ3 [1798970208] provided 0 perfect and 2 imperfect interpolant sequences
[2026-06-05 23:25:05,293 INFO  L185   FreeRefinementEngine]: Found 0 perfect and 3 imperfect interpolant sequences.
[2026-06-05 23:25:05,293 INFO  L198   FreeRefinementEngine]: Number of different interpolants: perfect sequences [] imperfect sequences [4, 4, 4] total 7
[2026-06-05 23:25:05,294 INFO  L122   tionRefinementEngine]: Using interpolant automaton builder IpAbStrategyModuleStraightlineAll [1232063799]
[2026-06-05 23:25:05,294 INFO  L85    oduleStraightlineAll]: Using 3 imperfect interpolants to construct interpolant automaton
[2026-06-05 23:25:05,294 INFO  L100   FreeRefinementEngine]: Using predicate unifier PredicateUnifier provided by strategy CAMEL
[2026-06-05 23:25:05,294 INFO  L144   InterpolantAutomaton]: Constructing interpolant automaton starting with 8 interpolants.
[2026-06-05 23:25:05,294 INFO  L146   InterpolantAutomaton]: CoverageRelationStatistics Valid=20, Invalid=33, Unknown=3, NotChecked=0, Total=56
[2026-06-05 23:25:05,294 INFO  L419   CegarNwaWorkerThread]: Difference in Worker for Generalization
[2026-06-05 23:25:05,294 INFO  L87              Difference]: Start difference. First operand  has 6 states, 4 states have (on average 1.5) internal successors, (6), 5 states have internal predecessors, (6), 0 states have call successors, (0), 0 states have call predecessors, (0), 0 states have return successors, (0), 0 states have call predecessors, (0), 0 states have call successors, (0) Second operand  has 8 states, 8 states have (on average 1.5) internal successors, (12), 7 states have internal predecessors, (12), 0 states have call successors, (0), 0 states have call predecessors, (0), 0 states have return successors, (0), 0 states have call predecessors, (0), 0 states have call successors, (0)
[2026-06-05 23:25:05,301 INFO  L144             Difference]: Subtrahend was deterministic. Have not used determinization.
[2026-06-05 23:25:05,301 INFO  L93              Difference]: Finished difference Result 4 states and 4 transitions.
[2026-06-05 23:25:05,301 INFO  L140   InterpolantAutomaton]: Switched to read-only mode: deterministic interpolant automaton has 5 states. 
[2026-06-05 23:25:05,301 INFO  L225             Difference]: With dead ends: 4
[2026-06-05 23:25:05,301 INFO  L226             Difference]: Without dead ends: 0
[2026-06-05 23:25:05,302 INFO  L487   CegarNwaWorkerThread]: 0 DeclaredPredicates, 15 GetRequests, 6 SyntacticMatches, 2 SemanticMatches, 7 ConstructedPredicates, 0 IntricatePredicates, 0 DeprecatedPredicates, 5 ImplicationChecksByTransitivity, 36.1s TimeCoverageRelationStatistics Valid=27, Invalid=42, Unknown=3, NotChecked=0, Total=72
[2026-06-05 23:25:05,302 INFO  L488   CegarNwaWorkerThread]: 1 mSDtfsCounter, 0 mSDsluCounter, 2 mSDsCounter, 0 mSdLazyCounter, 6 mSolverCounterSat, 2 mSolverCounterUnsat, 0 mSolverCounterUnknown, 0 mSolverCounterNotChecked, 0.0s Time, 0 mProtectedPredicate, 0 mProtectedAction, 0 SdHoareTripleChecker+Valid, 3 SdHoareTripleChecker+Invalid, 8 SdHoareTripleChecker+Unknown, 0 SdHoareTripleChecker+Unchecked, 0.0s SdHoareTripleChecker+Time, 2 IncrementalHoareTripleChecker+Valid, 6 IncrementalHoareTripleChecker+Invalid, 0 IncrementalHoareTripleChecker+Unknown, 0 IncrementalHoareTripleChecker+Unchecked, 0.0s IncrementalHoareTripleChecker+Time
[2026-06-05 23:25:05,302 INFO  L489   CegarNwaWorkerThread]: SdHoareTripleChecker [0 Valid, 3 Invalid, 8 Unknown, 0 Unchecked, 0.0s Time], IncrementalHoareTripleChecker [2 Valid, 6 Invalid, 0 Unknown, 0 Unchecked, 0.0s Time]
[2026-06-05 23:25:05,302 INFO  L224   CegarNwaWorkerThread]: Done with Thread: 86#
[2026-06-05 23:25:05,302 INFO  L196   CegarNwaWorkerThread]: WorkerThread: Thread[#86,Worker for 889531649,5,main] is Waiting for a Task
[2026-06-05 23:25:05,302 INFO  L455   ParallelNwaCegarLoop]: Waking up, a worker is done.
[2026-06-05 23:25:05,302 INFO  L261   ParallelNwaCegarLoop]: Main: A Thread is Done
[2026-06-05 23:25:05,302 INFO  L279   ParallelNwaCegarLoop]: Worker Automaton Type: FLOYD_HOARE
[2026-06-05 23:25:05,303 INFO  L79                 Accepts]: Start accepts. Automaton has 7 states and 7 transitions. Word has length 6
[2026-06-05 23:25:05,303 INFO  L85                 Accepts]: Finished accepts. word is accepted.
[2026-06-05 23:25:05,303 INFO  L281   ParallelNwaCegarLoop]: Refining Abstraction
[2026-06-05 23:25:05,303 INFO  L518   ParallelNwaCegarLoop]: Subtrahend traceHash: 889531649
[2026-06-05 23:25:05,303 INFO  L485   ParallelNwaCegarLoop]: Difference in Main
[2026-06-05 23:25:05,303 INFO  L87              Difference]: Start difference. First operand 7 states and 7 transitions. Second operand  has 5 states, 4 states have (on average 1.25) internal successors, (5), 4 states have internal predecessors, (5), 0 states have call successors, (0), 0 states have call predecessors, (0), 0 states have return successors, (0), 0 states have call predecessors, (0), 0 states have call successors, (0)
[2026-06-05 23:25:05,303 INFO  L144             Difference]: Subtrahend was deterministic. Have not used determinization.
[2026-06-05 23:25:05,303 INFO  L93              Difference]: Finished difference Result 5 states and 5 transitions.
[2026-06-05 23:25:05,303 INFO  L225             Difference]: With dead ends: 5
[2026-06-05 23:25:05,303 INFO  L226             Difference]: Without dead ends: 0
[2026-06-05 23:25:05,303 INFO  L82        GeneralOperation]: Start minimizeSevpa. Operand 0 states.
[2026-06-05 23:25:05,303 INFO  L88        GeneralOperation]: Finished minimizeSevpa. Reduced states from 0 to 0.
[2026-06-05 23:25:05,303 INFO  L82        GeneralOperation]: Start removeUnreachable. Operand  has 0 states, 0 states have (on average 0.0) internal successors, (0), 0 states have internal predecessors, (0), 0 states have call successors, (0), 0 states have call predecessors, (0), 0 states have return successors, (0), 0 states have call predecessors, (0), 0 states have call successors, (0)
[2026-06-05 23:25:05,303 INFO  L88        GeneralOperation]: Finished removeUnreachable. Reduced from 0 states to 0 states and 0 transitions.
[2026-06-05 23:25:05,303 INFO  L496   ParallelNwaCegarLoop]: Main: Refinement done.
[2026-06-05 23:25:05,303 INFO  L415   ParallelNwaCegarLoop]: Checking if program is safe
[2026-06-05 23:25:05,303 INFO  L290                IsEmpty]: Start isEmpty. Operand 0 states and 0 transitions.
[2026-06-05 23:25:05,303 INFO  L300                IsEmpty]: Finished isEmpty. No accepting run.
[2026-06-05 23:25:05,304 INFO  L796   garLoopResultBuilder]: Registering result SAFE for location ULTIMATE.startErr0ASSERT_VIOLATIONASSERT (0 of 1 remaining)
[2026-06-05 23:25:05,304 INFO  L418   ParallelNwaCegarLoop]: Result: SAFE
[2026-06-05 23:25:05,308 INFO  L534       MonitoredProcess]: [MP /usr/bin/z3 -smt2 -in SMTLIB2_COMPLIANT=true (8)] Forceful destruction successful, exit code 0
[2026-06-05 23:25:05,705 WARN  L435       MonitoredProcess]: [MP /usr/bin/z3 SMTLIB2_COMPLIANT=true -memory:1024 -smt2 -in -t:12000 (5)] Forcibly destroying the process
[2026-06-05 23:25:05,708 INFO  L534       MonitoredProcess]: [MP /usr/bin/z3 SMTLIB2_COMPLIANT=true -memory:1024 -smt2 -in -t:12000 (5)] Forceful destruction successful, exit code 137
[2026-06-05 23:25:05,709 WARN  L718   oredProcess$PipePump]: [MP /usr/bin/z3 SMTLIB2_COMPLIANT=true -memory:1024 -smt2 -in -t:12000 (3)] The stream was forcibly closed: stdIn
[2026-06-05 23:25:05,714 INFO  L546       MonitoredProcess]: [MP /usr/bin/z3 SMTLIB2_COMPLIANT=true -memory:1024 -smt2 -in -t:12000 (3)] Ended with exit code 0
[2026-06-05 23:25:05,912 INFO  L546       MonitoredProcess]: [MP /usr/bin/z3 -smt2 -in SMTLIB2_COMPLIANT=true (9)] Ended with exit code 0
[2026-06-05 23:25:06,109 WARN  L718   oredProcess$PipePump]: [MP /usr/bin/z3 -smt2 -in SMTLIB2_COMPLIANT=true (6)] The stream was forcibly closed: stdIn
[2026-06-05 23:25:06,111 INFO  L546       MonitoredProcess]: [MP /usr/bin/z3 -smt2 -in SMTLIB2_COMPLIANT=true (6)] Ended with exit code 0
[2026-06-05 23:25:06,509 WARN  L435       MonitoredProcess]: [MP /usr/bin/z3 SMTLIB2_COMPLIANT=true -memory:1024 -smt2 -in -t:12000 (4)] Forcibly destroying the process
[2026-06-05 23:25:06,512 INFO  L534       MonitoredProcess]: [MP /usr/bin/z3 SMTLIB2_COMPLIANT=true -memory:1024 -smt2 -in -t:12000 (4)] Forceful destruction successful, exit code 137
[2026-06-05 23:25:06,514 INFO  L534       MonitoredProcess]: [MP /usr/bin/z3 -smt2 -in SMTLIB2_COMPLIANT=true (7)] Forceful destruction successful, exit code 0
[2026-06-05 23:25:06,718 INFO  L546       MonitoredProcess]: [MP /usr/bin/z3 SMTLIB2_COMPLIANT=true -memory:1024 -smt2 -in -t:12000 (2)] Ended with exit code 0
[2026-06-05 23:25:06,913 WARN  L466   ParallelNwaCegarLoop]: Destroyed unattended storables created during the last iteration: 8 /usr/bin/z3 -smt2 -in SMTLIB2_COMPLIANT=true,5 /usr/bin/z3 SMTLIB2_COMPLIANT=true -memory:1024 -smt2 -in -t:12000,3 /usr/bin/z3 SMTLIB2_COMPLIANT=true -memory:1024 -smt2 -in -t:12000,9 /usr/bin/z3 -smt2 -in SMTLIB2_COMPLIANT=true,SelfDestructingSolverStorable0,6 /usr/bin/z3 -smt2 -in SMTLIB2_COMPLIANT=true,SelfDestructingSolverStorable4,SelfDestructingSolverStorable3,SelfDestructingSolverStorable2,SelfDestructingSolverStorable1,4 /usr/bin/z3 SMTLIB2_COMPLIANT=true -memory:1024 -smt2 -in -t:12000,7 /usr/bin/z3 -smt2 -in SMTLIB2_COMPLIANT=true,2 /usr/bin/z3 SMTLIB2_COMPLIANT=true -memory:1024 -smt2 -in -t:12000
[2026-06-05 23:25:06,913 INFO  L363   ParallelNwaCegarLoop]: Iteration 3
[2026-06-05 23:25:06,913 INFO  L364   ParallelNwaCegarLoop]: SearchMode: PAPER
[2026-06-05 23:25:06,913 INFO  L365   ParallelNwaCegarLoop]: Refinements: 2
[2026-06-05 23:25:06,913 INFO  L366   ParallelNwaCegarLoop]: Counterexamples: 5
[2026-06-05 23:25:06,913 INFO  L367   ParallelNwaCegarLoop]: SearchTimeout: 0
[2026-06-05 23:25:06,913 INFO  L368   ParallelNwaCegarLoop]: RunConstructionFailed: 0
[2026-06-05 23:25:06,913 INFO  L369   ParallelNwaCegarLoop]: SearchFailed: 0
[2026-06-05 23:25:06,913 INFO  L370   ParallelNwaCegarLoop]: Duplicate freshness failures: 2
[2026-06-05 23:25:06,913 INFO  L371   ParallelNwaCegarLoop]: DuplicateFreshnessFailures: 2
[2026-06-05 23:25:06,913 INFO  L372   ParallelNwaCegarLoop]: BFS: 1
[2026-06-05 23:25:06,913 INFO  L373   ParallelNwaCegarLoop]: IsEmptyParallel: 4
[2026-06-05 23:25:06,913 INFO  L374   ParallelNwaCegarLoop]: ActiveThreads: 4
[2026-06-05 23:25:06,913 INFO  L375   ParallelNwaCegarLoop]: ActiveExecutorsForPathPrograms: 0
[2026-06-05 23:25:06,913 INFO  L376   ParallelNwaCegarLoop]: IterationsWithMaxThreads: 2
[2026-06-05 23:25:06,913 INFO  L377   ParallelNwaCegarLoop]: IterationsWithONEThread: 0
[2026-06-05 23:25:06,913 INFO  L378   ParallelNwaCegarLoop]: SearchTime: 0 s
[2026-06-05 23:25:06,913 INFO  L379   ParallelNwaCegarLoop]: WorkerSetUpTime: 0 s
[2026-06-05 23:25:06,913 INFO  L380   ParallelNwaCegarLoop]: ExceptionInWorker: 0
[2026-06-05 23:25:06,913 INFO  L381   ParallelNwaCegarLoop]: mRefinementTime: 0
[2026-06-05 23:25:06,913 INFO  L382   ParallelNwaCegarLoop]: Prefix cache checked paths: 5
[2026-06-05 23:25:06,913 INFO  L383   ParallelNwaCegarLoop]: Prefix cache stale paths: 0
[2026-06-05 23:25:06,913 INFO  L384   ParallelNwaCegarLoop]: Stale paths: 0
[2026-06-05 23:25:06,913 INFO  L385   ParallelNwaCegarLoop]: LcpsCheckedPrefixQueries: 0
[2026-06-05 23:25:06,913 INFO  L386   ParallelNwaCegarLoop]: LcpsStalePrefixQueries: 0
[2026-06-05 23:25:06,913 INFO  L387   ParallelNwaCegarLoop]: LcpsCheckedPrefixHits: 0
[2026-06-05 23:25:06,913 INFO  L388   ParallelNwaCegarLoop]: LcpsStalePrefixHits: 0
[2026-06-05 23:25:06,913 INFO  L389   ParallelNwaCegarLoop]: LcpsSearchInvocations: 0
[2026-06-05 23:25:06,913 INFO  L390   ParallelNwaCegarLoop]: LcpsFullCacheSuffixInvocations: 0
[2026-06-05 23:25:06,914 INFO  L391   ParallelNwaCegarLoop]: LcpsFullCacheSuffixFallbacks: 0
[2026-06-05 23:25:06,914 INFO  L392   ParallelNwaCegarLoop]: LcpsEffectivePriorityDecisions: 0
[2026-06-05 23:25:06,914 WARN  L310   FreeRefinementEngine]: Global settings require throwing the following exception
[2026-06-05 23:25:06,914 WARN  L310   FreeRefinementEngine]: Global settings require throwing the following exception
[2026-06-05 23:25:06,914 WARN  L310   FreeRefinementEngine]: Global settings require throwing the following exception
[2026-06-05 23:25:06,914 INFO  L395   ParallelNwaCegarLoop]: Checked paths: 5
[2026-06-05 23:25:06,914 INFO  L396   ParallelNwaCegarLoop]: Total pairwise prefix-LCA divergence: 6.416666666666667
[2026-06-05 23:25:06,914 INFO  L398   ParallelNwaCegarLoop]: Avg pairwise prefix-LCA divergence: 0.6416666666666667
[2026-06-05 23:25:06,915 INFO  L424         BasicCegarLoop]: Path program histogram: []
[2026-06-05 23:25:06,915 INFO  L429         BasicCegarLoop]: Checked paths: 5
[2026-06-05 23:25:06,915 INFO  L430         BasicCegarLoop]: Total pairwise prefix-LCA divergence: 6.416666666666667
[2026-06-05 23:25:06,915 INFO  L432         BasicCegarLoop]: Avg pairwise prefix-LCA divergence: 0.6416666666666667
[2026-06-05 23:25:06,916 INFO  L171   ceAbstractionStarter]: Computing trace abstraction results
[2026-06-05 23:25:06,918 INFO  L201        PluginConnector]: Adding new model jain_1.i_2.bpl de.uni_freiburg.informatik.ultimate.plugins.generator.traceabstraction CFG 05.06 11:25:06 BoogieIcfgContainer
[2026-06-05 23:25:06,918 INFO  L131        PluginConnector]: ------------------------ END TraceAbstraction----------------------------
[2026-06-05 23:25:06,918 INFO  L158              Benchmark]: Toolchain (without parser) took 38114.15ms. Allocated memory was 48.2MB in the beginning and 75.5MB in the end (delta: 27.3MB). Free memory was 23.3MB in the beginning and 41.9MB in the end (delta: -18.6MB). Peak memory consumption was 8.6MB. Max. memory is 4.3GB.
[2026-06-05 23:25:06,918 INFO  L158              Benchmark]: Boogie PL CUP Parser took 0.11ms. Allocated memory is still 48.2MB. Free memory was 24.2MB in the beginning and 24.2MB in the end (delta: 12.7kB). There was no memory consumed. Max. memory is 4.3GB.
[2026-06-05 23:25:06,918 INFO  L158              Benchmark]: Boogie Preprocessor took 17.75ms. Allocated memory is still 48.2MB. Free memory was 23.2MB in the beginning and 20.7MB in the end (delta: 2.5MB). Peak memory consumption was 2.1MB. Max. memory is 4.3GB.
[2026-06-05 23:25:06,918 INFO  L158              Benchmark]: RCFGBuilder took 67.07ms. Allocated memory is still 48.2MB. Free memory was 20.7MB in the beginning and 23.7MB in the end (delta: -3.1MB). Peak memory consumption was 8.2MB. Max. memory is 4.3GB.
[2026-06-05 23:25:06,918 INFO  L158              Benchmark]: TraceAbstraction took 38027.36ms. Allocated memory was 48.2MB in the beginning and 75.5MB in the end (delta: 27.3MB). Free memory was 22.6MB in the beginning and 41.9MB in the end (delta: -19.2MB). Peak memory consumption was 8.8MB. Max. memory is 4.3GB.
[2026-06-05 23:25:06,918 INFO  L338   ainManager$Toolchain]: #######################  End [Toolchain 1] #######################
 --- Results ---
 * Results from de.uni_freiburg.informatik.ultimate.core:
  - StatisticsResult: Toolchain Benchmarks
    Benchmark results are:
 * Boogie PL CUP Parser took 0.11ms. Allocated memory is still 48.2MB. Free memory was 24.2MB in the beginning and 24.2MB in the end (delta: 12.7kB). There was no memory consumed. Max. memory is 4.3GB.
 * Boogie Preprocessor took 17.75ms. Allocated memory is still 48.2MB. Free memory was 23.2MB in the beginning and 20.7MB in the end (delta: 2.5MB). Peak memory consumption was 2.1MB. Max. memory is 4.3GB.
 * RCFGBuilder took 67.07ms. Allocated memory is still 48.2MB. Free memory was 20.7MB in the beginning and 23.7MB in the end (delta: -3.1MB). Peak memory consumption was 8.2MB. Max. memory is 4.3GB.
 * TraceAbstraction took 38027.36ms. Allocated memory was 48.2MB in the beginning and 75.5MB in the end (delta: 27.3MB). Free memory was 22.6MB in the beginning and 41.9MB in the end (delta: -19.2MB). Peak memory consumption was 8.8MB. Max. memory is 4.3GB.
 * Results from de.uni_freiburg.informatik.ultimate.plugins.generator.traceabstraction:
  - StatisticsResult: ErrorAutomatonStatistics
    NumberErrorTraces: 0, NumberStatementsAllTraces: 0, NumberRelevantStatements: 0, 0.0s ErrorAutomatonConstructionTimeTotal, 0.0s FaulLocalizationTime, NumberStatementsFirstTrace: -1, TraceLengthAvg: 0, 0.0s ErrorAutomatonConstructionTimeAvg, 0.0s ErrorAutomatonDifferenceTimeAvg, 0.0s ErrorAutomatonDifferenceTimeTotal, NumberOfNoEnhancement: 0, NumberOfFiniteEnhancement: 0, NumberOfInfiniteEnhancement: 0
  - PositiveResult [Line: 34]: assertion always holds
    For all program executions holds that assertion always holds at this location
  - StatisticsResult: Ultimate Automizer benchmark data
    CFG has 1 procedures, 6 locations, 6 edges, 1 error locations. Started 1 CEGAR loops. OverallTime: 38.0s, OverallIterations: 2, TraceHistogramMax: 2, PathProgramHistogramMax: 0, CheckedPaths: 5, TotalPairwisePrefixLcaDivergence: 6.416666666666667, AvgPairwisePrefixLcaDivergence: 0.6416666666666667, SearchMode: PAPER, DuplicateFreshnessFailures: 2, FailedToFindCounterexamples: 0, StalePaths: 0, LcpsCheckedPrefixQueries: 0, LcpsStalePrefixQueries: 0, LcpsCheckedPrefixHits: 0, LcpsStalePrefixHits: 0, LcpsSearchInvocations: 0, LcpsFullCacheSuffixInvocations: 0, LcpsFullCacheSuffixFallbacks: 0, LcpsEffectivePriorityDecisions: 0, EmptinessCheckTime: 0.0s, AutomataDifference: 0.0s, DeadEndRemovalTime: 0.0s, HoareAnnotationTime: 0.0s, InitialAbstractionConstructionTime: 0.0s, HoareTripleCheckerStatistics: , PredicateUnifierStatistics: No data available, 0.0s BasicInterpolantAutomatonTime, BiggestAbstraction: size=6occurred in iteration=0, InterpolantAutomatonStates: 9, traceCheckStatistics: No data available, InterpolantConsolidationStatistics: No data available, PathInvariantsStatistics: No data available, 0/0 InterpolantCoveringCapability, TotalInterpolationStatistics: No data available, 0.0s DumpTime, AutomataMinimizationStatistics: 0.0s AutomataMinimizationTime, 2 MinimizatonAttempts, 0 StatesRemovedByMinimization, 0 NontrivialMinimizations, HoareAnnotationStatistics: No data available, RefinementEngineStatistics: No data available, ReuseStatistics: No data available, ConComCheckerStatistics: No data available
  - AllSpecificationsHoldResult: All specifications hold
    1 specifications checked. All of them hold
RESULT: Ultimate proved your program to be correct!
[2026-06-05 23:25:06,923 INFO  L546       MonitoredProcess]: [MP /usr/bin/z3 SMTLIB2_COMPLIANT=true -memory:1024 -smt2 -in -t:12000 (1)] Ended with exit code 0
Received shutdown request...

