This is Ultimate 0.3.1-cache-f5c6788a5b-m
[2026-06-06 10:04:56,801 INFO  L188        SettingsManager]: Resetting all preferences to default values...
[2026-06-06 10:04:56,830 INFO  L114        SettingsManager]: Loading settings from /home/hschi1106/ultimate/trunk/examples/Interactive/settings/ResetSettingsCamel.epf
[2026-06-06 10:04:56,832 WARN  L101        SettingsManager]: Preference file contains the following unknown settings:
[2026-06-06 10:04:56,832 WARN  L103        SettingsManager]:   * de.uni_freiburg.informatik.ultimate.plugins.blockencoding.Rewrite not-equals during SBE
[2026-06-06 10:04:56,832 WARN  L103        SettingsManager]:   * de.uni_freiburg.informatik.ultimate.plugins.blockencoding.Simplify codeblocks
[2026-06-06 10:04:56,832 WARN  L103        SettingsManager]:   * de.uni_freiburg.informatik.ultimate.plugins.blockencoding.Simplify assume statements
[2026-06-06 10:04:56,832 WARN  L103        SettingsManager]:   * de.uni_freiburg.informatik.ultimate.plugins.blockencoding.Use SBE during assume simplification
[2026-06-06 10:04:56,832 WARN  L103        SettingsManager]:   * de.uni_freiburg.informatik.ultimate.plugins.blockencoding.Use SBE for initial RCFG
[2026-06-06 10:04:56,832 WARN  L103        SettingsManager]:   * de.uni_freiburg.informatik.ultimate.plugins.blockencoding.Rewrite not equals when simplifying assume statements with SBE
[2026-06-06 10:04:56,832 WARN  L103        SettingsManager]:   * de.uni_freiburg.informatik.ultimate.core.Debug log message color
[2026-06-06 10:04:56,832 WARN  L103        SettingsManager]:   * de.uni_freiburg.informatik.ultimate.core.Drop models when Ultimate exits
[2026-06-06 10:04:56,832 WARN  L103        SettingsManager]:   * de.uni_freiburg.informatik.ultimate.core.Generate benchmark results
[2026-06-06 10:04:56,832 WARN  L103        SettingsManager]:   * de.uni_freiburg.informatik.ultimate.core.Log level for controller plugin
[2026-06-06 10:04:56,832 WARN  L103        SettingsManager]:   * de.uni_freiburg.informatik.ultimate.core.Warning log message color
[2026-06-06 10:04:56,832 WARN  L103        SettingsManager]:   * de.uni_freiburg.informatik.ultimate.core.Root log level
[2026-06-06 10:04:56,832 WARN  L103        SettingsManager]:   * de.uni_freiburg.informatik.ultimate.core.UI logger pattern
[2026-06-06 10:04:56,832 WARN  L103        SettingsManager]:   * de.uni_freiburg.informatik.ultimate.core.Log level for external tools
[2026-06-06 10:04:56,832 WARN  L103        SettingsManager]:   * de.uni_freiburg.informatik.ultimate.core.ultimate.logging.details
[2026-06-06 10:04:56,832 WARN  L103        SettingsManager]:   * de.uni_freiburg.informatik.ultimate.core.Toolchain timeout in seconds
[2026-06-06 10:04:56,832 WARN  L103        SettingsManager]:   * de.uni_freiburg.informatik.ultimate.core.Name of the log file
[2026-06-06 10:04:56,832 WARN  L103        SettingsManager]:   * de.uni_freiburg.informatik.ultimate.core.Info log message color
[2026-06-06 10:04:56,832 WARN  L103        SettingsManager]:   * de.uni_freiburg.informatik.ultimate.core.Create a Logfile
[2026-06-06 10:04:56,832 WARN  L103        SettingsManager]:   * de.uni_freiburg.informatik.ultimate.core.Logger pattern
[2026-06-06 10:04:56,832 WARN  L103        SettingsManager]:   * de.uni_freiburg.informatik.ultimate.core.Log level for core plugin
[2026-06-06 10:04:56,832 WARN  L103        SettingsManager]:   * de.uni_freiburg.informatik.ultimate.core.Show usable parsers
[2026-06-06 10:04:56,832 WARN  L103        SettingsManager]:   * de.uni_freiburg.informatik.ultimate.core.Log level for plugins
[2026-06-06 10:04:56,832 WARN  L103        SettingsManager]:   * de.uni_freiburg.informatik.ultimate.core.Fatal log message color
[2026-06-06 10:04:56,832 WARN  L103        SettingsManager]:   * de.uni_freiburg.informatik.ultimate.core.Show long description of results
[2026-06-06 10:04:56,832 WARN  L103        SettingsManager]:   * de.uni_freiburg.informatik.ultimate.core.Error log message color
[2026-06-06 10:04:56,833 WARN  L103        SettingsManager]:   * de.uni_freiburg.informatik.ultimate.core.Show result in pop-up window after toolchain execution
[2026-06-06 10:04:56,833 WARN  L103        SettingsManager]:   * de.uni_freiburg.informatik.ultimate.core.Directory (default: instance location)
[2026-06-06 10:04:56,833 WARN  L103        SettingsManager]:   * de.uni_freiburg.informatik.ultimate.core.Append to exisiting log file
[2026-06-06 10:04:56,833 WARN  L103        SettingsManager]:   * CDTParser.Please specify include paths that will be parsed with the given C-File
[2026-06-06 10:04:56,833 WARN  L103        SettingsManager]:   * de.uni_freiburg.informatik.ultimate.plugins.generator.rcfgbuilder.Translate Boogie integers to SMT bitvectors
[2026-06-06 10:04:56,833 WARN  L103        SettingsManager]:   * de.uni_freiburg.informatik.ultimate.plugins.generator.cacsl2boogietranslator.How to treat unsigned ints differently from normal ones
[2026-06-06 10:04:56,833 WARN  L103        SettingsManager]:   * de.uni_freiburg.informatik.ultimate.witnessprinter.Generate witnesses
[2026-06-06 10:04:56,833 WARN  L103        SettingsManager]:   * de.uni_freiburg.informatik.ultimate.witnessprinter.Write witness to working directory
[2026-06-06 10:04:56,833 WARN  L103        SettingsManager]:   * de.uni_freiburg.informatik.ultimate.plugins.analysis.irsdependencies.Mode
[2026-06-06 10:04:56,833 WARN  L103        SettingsManager]:   * de.uni_freiburg.informatik.ultimate.plugins.analysis.abstractinterpretationv2.Number type
[2026-06-06 10:04:56,833 WARN  L103        SettingsManager]:   * de.uni_freiburg.informatik.ultimate.plugins.analysis.abstractinterpretationv2.Congruence Widening operator
[2026-06-06 10:04:56,833 WARN  L103        SettingsManager]:   * de.uni_freiburg.informatik.ultimate.plugins.output.jungvisualization.Annotate edges
[2026-06-06 10:04:56,833 WARN  L103        SettingsManager]:   * de.uni_freiburg.informatik.ultimate.plugins.output.jungvisualization.Background color:
[2026-06-06 10:04:56,833 WARN  L103        SettingsManager]:   * de.uni_freiburg.informatik.ultimate.plugins.output.jungvisualization.Which models should be visualized?
[2026-06-06 10:04:56,833 WARN  L103        SettingsManager]:   * de.uni_freiburg.informatik.ultimate.plugins.output.jungvisualization.Choose node shape:
[2026-06-06 10:04:56,833 WARN  L103        SettingsManager]:   * de.uni_freiburg.informatik.ultimate.plugins.output.jungvisualization.Node color:
[2026-06-06 10:04:56,833 WARN  L103        SettingsManager]:   * de.uni_freiburg.informatik.ultimate.plugins.output.jungvisualization.Picked node color:
[2026-06-06 10:04:56,833 WARN  L103        SettingsManager]:   * de.uni_freiburg.informatik.ultimate.plugins.output.jungvisualization.Annotate nodes
[2026-06-06 10:04:56,833 WARN  L103        SettingsManager]:   * de.uni_freiburg.informatik.ultimate.plugins.output.jungvisualization.SVG Export directory:
[2026-06-06 10:04:56,833 WARN  L103        SettingsManager]:   * de.uni_freiburg.informatik.ultimate.plugins.output.jungvisualization.Default graph layout:
[2026-06-06 10:04:56,833 WARN  L103        SettingsManager]:   * de.uni_freiburg.informatik.ultimate.boogie.procedureinliner.to and inside polymorphic procedures
[2026-06-06 10:04:56,833 WARN  L103        SettingsManager]:   * de.uni_freiburg.informatik.ultimate.boogie.procedureinliner.to procedures with 'free requires' specifications
[2026-06-06 10:04:56,833 WARN  L103        SettingsManager]:   * de.uni_freiburg.informatik.ultimate.boogie.procedureinliner.calls to unimplemented procedures
[2026-06-06 10:04:56,833 WARN  L103        SettingsManager]:   * de.uni_freiburg.informatik.ultimate.boogie.procedureinliner.to recursive procedures
[2026-06-06 10:04:56,833 WARN  L103        SettingsManager]:   * de.uni_freiburg.informatik.ultimate.boogie.procedureinliner.with 'forall' modifier
[2026-06-06 10:04:56,833 WARN  L103        SettingsManager]:   * de.uni_freiburg.informatik.ultimate.boogie.procedureinliner.calls to implemented procedures
[2026-06-06 10:04:56,833 WARN  L103        SettingsManager]:   * de.uni_freiburg.informatik.ultimate.boogie.procedureinliner.to procedures, called more than once
[2026-06-06 10:04:56,833 WARN  L103        SettingsManager]:   * de.uni_freiburg.informatik.ultimate.plugins.generator.traceabstraction.Non-flow-sensitive error trace relevance analysis
[2026-06-06 10:04:56,833 WARN  L103        SettingsManager]:   * de.uni_freiburg.informatik.ultimate.plugins.generator.traceabstraction.use unfolding as abstraction
[2026-06-06 10:04:56,833 WARN  L103        SettingsManager]:   * de.uni_freiburg.informatik.ultimate.plugins.generator.traceabstraction.Iterations until the model checker surrenders
[2026-06-06 10:04:56,833 WARN  L103        SettingsManager]:   * de.uni_freiburg.informatik.ultimate.plugins.generator.traceabstraction.Enable interactive Verification?
[2026-06-06 10:04:56,833 WARN  L103        SettingsManager]:   * de.uni_freiburg.informatik.ultimate.plugins.generator.traceabstraction.Flow-sensitive error trace relevance analysis
[2026-06-06 10:04:56,833 WARN  L103        SettingsManager]:   * de.uni_freiburg.informatik.ultimate.gui.LASTTOOLCHAINPATH
[2026-06-06 10:04:56,833 WARN  L103        SettingsManager]:   * de.uni_freiburg.informatik.ultimate.gui.LASTPATH
[2026-06-06 10:04:56,849 INFO  L130        SettingsManager]: Preferences different from defaults after loading the file:
[2026-06-06 10:04:56,849 INFO  L151        SettingsManager]: Preferences of UltimateCore differ from their defaults:
[2026-06-06 10:04:56,849 INFO  L153        SettingsManager]:  * Directory (default: instance location)=/home/iari/src/ultimate/trunk/runtime-Debug-E4.product/
[2026-06-06 10:04:56,849 INFO  L151        SettingsManager]: Preferences of Abstract Interpretation differ from their defaults:
[2026-06-06 10:04:56,849 INFO  L153        SettingsManager]:  * Log string format=HALF_MATRIX
[2026-06-06 10:04:56,850 INFO  L151        SettingsManager]: Preferences of BuchiAutomizer differ from their defaults:
[2026-06-06 10:04:56,850 INFO  L153        SettingsManager]:  * Buchi interpolant automaton=Staged
[2026-06-06 10:04:56,850 INFO  L153        SettingsManager]:  * Buchi complementation construction=Ncsb
[2026-06-06 10:04:56,850 INFO  L151        SettingsManager]: Preferences of CACSL2BoogieTranslator differ from their defaults:
[2026-06-06 10:04:56,850 INFO  L153        SettingsManager]:  * Report unsoundness warnings=false
[2026-06-06 10:04:56,850 INFO  L151        SettingsManager]: Preferences of RCFGBuilder differ from their defaults:
[2026-06-06 10:04:56,850 INFO  L153        SettingsManager]:  * Logic for external solver=AUFNIRA
[2026-06-06 10:04:56,850 INFO  L153        SettingsManager]:  * Convert code blocks to CNF=true
[2026-06-06 10:04:56,850 INFO  L151        SettingsManager]: Preferences of TraceAbstraction differ from their defaults:
[2026-06-06 10:04:56,850 INFO  L153        SettingsManager]:  * cut-off requires same transition=true
[2026-06-06 10:04:56,850 INFO  L153        SettingsManager]:  * Trace refinement strategy=CAMEL
Applying setting for plugin de.uni_freiburg.informatik.ultimate.plugins.generator.traceabstraction: Use CEGAR loop for Parallel Trace Abstraction -> true
Applying setting for plugin de.uni_freiburg.informatik.ultimate.plugins.generator.traceabstraction: Threadlimit for Parallel CEGAR -> 4
Applying setting for plugin de.uni_freiburg.informatik.ultimate.plugins.generator.traceabstraction: Parallel trace search selection mode -> ADAPTIVE_BATCH_LCPS
Applying setting for plugin de.uni_freiburg.informatik.ultimate.plugins.generator.traceabstraction: Track stale prefixes in parallel search -> true
Applying setting for plugin de.uni_freiburg.informatik.ultimate.plugins.generator.traceabstraction: Use initial BFS in PAPER/LCPS parallel search -> true
Applying setting for plugin de.uni_freiburg.informatik.ultimate.plugins.generator.traceabstraction: Batch LCPS candidate multiplier -> 4
Applying setting for plugin de.uni_freiburg.informatik.ultimate.plugins.generator.traceabstraction: Batch LCPS candidate cap -> 32
Applying setting for plugin de.uni_freiburg.informatik.ultimate.plugins.generator.traceabstraction: Adaptive batch trigger mode -> SEARCH_FAILED_ONLY
Applying setting for plugin de.uni_freiburg.informatik.ultimate.plugins.generator.traceabstraction: Adaptive batch min available slots -> 2
[2026-06-06 10:04:56,957 INFO  L75    nceAwareModelManager]: Repository-Root is: /tmp
[2026-06-06 10:04:56,961 INFO  L261   ainManager$Toolchain]: [Toolchain 1]: Applicable parser(s) successfully (re)initialized
[2026-06-06 10:04:56,962 INFO  L217   ainManager$Toolchain]: [Toolchain 1]: Toolchain selected.
[2026-06-06 10:04:56,963 INFO  L270        PluginConnector]: Initializing Boogie PL CUP Parser...
[2026-06-06 10:04:56,963 INFO  L274        PluginConnector]: Boogie PL CUP Parser initialized
[2026-06-06 10:04:56,963 INFO  L431   ainManager$Toolchain]: [Toolchain 1]: Parsing single file: /home/hschi1106/ultimate/trunk/examples/programs/20170304-DifficultPathPrograms/resultKnown/jain_1.i_2.bpl
[2026-06-06 10:04:56,964 INFO  L110           BoogieParser]: Parsing: '/home/hschi1106/ultimate/trunk/examples/programs/20170304-DifficultPathPrograms/resultKnown/jain_1.i_2.bpl'
[2026-06-06 10:04:56,972 INFO  L299   ainManager$Toolchain]: ####################### [Toolchain 1] #######################
[2026-06-06 10:04:56,973 INFO  L133        ToolchainWalker]: Walking toolchain with 3 elements.
[2026-06-06 10:04:56,973 INFO  L112        PluginConnector]: ------------------------Boogie Preprocessor----------------------------
[2026-06-06 10:04:56,973 INFO  L270        PluginConnector]: Initializing Boogie Preprocessor...
[2026-06-06 10:04:56,973 INFO  L274        PluginConnector]: Boogie Preprocessor initialized
[2026-06-06 10:04:56,978 INFO  L184        PluginConnector]: Executing the observer EnsureBoogieModelObserver from plugin Boogie Preprocessor for "jain_1.i_2.bpl de.uni_freiburg.informatik.ultimate.boogie.parser AST 06.06 10:04:56" (1/1) ...
[2026-06-06 10:04:56,979 INFO  L184        PluginConnector]: Executing the observer TypeChecker from plugin Boogie Preprocessor for "jain_1.i_2.bpl de.uni_freiburg.informatik.ultimate.boogie.parser AST 06.06 10:04:56" (1/1) ...
[2026-06-06 10:04:56,987 INFO  L184        PluginConnector]: Executing the observer ConstExpander from plugin Boogie Preprocessor for "jain_1.i_2.bpl de.uni_freiburg.informatik.ultimate.boogie.parser AST 06.06 10:04:56" (1/1) ...
[2026-06-06 10:04:56,987 INFO  L184        PluginConnector]: Executing the observer StructExpander from plugin Boogie Preprocessor for "jain_1.i_2.bpl de.uni_freiburg.informatik.ultimate.boogie.parser AST 06.06 10:04:56" (1/1) ...
[2026-06-06 10:04:56,988 INFO  L184        PluginConnector]: Executing the observer ReplaceArrayAssignments from plugin Boogie Preprocessor for "jain_1.i_2.bpl de.uni_freiburg.informatik.ultimate.boogie.parser AST 06.06 10:04:56" (1/1) ...
[2026-06-06 10:04:56,988 INFO  L184        PluginConnector]: Executing the observer UnstructureCode from plugin Boogie Preprocessor for "jain_1.i_2.bpl de.uni_freiburg.informatik.ultimate.boogie.parser AST 06.06 10:04:56" (1/1) ...
[2026-06-06 10:04:56,988 INFO  L184        PluginConnector]: Executing the observer FunctionInliner from plugin Boogie Preprocessor for "jain_1.i_2.bpl de.uni_freiburg.informatik.ultimate.boogie.parser AST 06.06 10:04:56" (1/1) ...
[2026-06-06 10:04:56,989 INFO  L184        PluginConnector]: Executing the observer LTLStepAnnotator from plugin Boogie Preprocessor for "jain_1.i_2.bpl de.uni_freiburg.informatik.ultimate.boogie.parser AST 06.06 10:04:56" (1/1) ...
[2026-06-06 10:04:56,989 INFO  L184        PluginConnector]: Executing the observer BoogieSymbolTableConstructor from plugin Boogie Preprocessor for "jain_1.i_2.bpl de.uni_freiburg.informatik.ultimate.boogie.parser AST 06.06 10:04:56" (1/1) ...
[2026-06-06 10:04:56,990 INFO  L131        PluginConnector]: ------------------------ END Boogie Preprocessor----------------------------
[2026-06-06 10:04:56,990 INFO  L112        PluginConnector]: ------------------------RCFGBuilder----------------------------
[2026-06-06 10:04:56,990 INFO  L270        PluginConnector]: Initializing RCFGBuilder...
[2026-06-06 10:04:56,990 INFO  L274        PluginConnector]: RCFGBuilder initialized
[2026-06-06 10:04:56,991 INFO  L184        PluginConnector]: Executing the observer RCFGBuilderObserver from plugin RCFGBuilder for "jain_1.i_2.bpl de.uni_freiburg.informatik.ultimate.boogie.parser AST 06.06 10:04:56" (1/1) ...
[2026-06-06 10:04:56,993 INFO  L173          SolverBuilder]: Constructing external solver with command: z3 SMTLIB2_COMPLIANT=true -memory:1024 -smt2 -in -t:12000
[2026-06-06 10:04:56,998 INFO  L189       MonitoredProcess]: No working directory specified, using /usr/bin/z3
[2026-06-06 10:04:57,002 INFO  L229       MonitoredProcess]: Starting monitored process 1 with /usr/bin/z3 SMTLIB2_COMPLIANT=true -memory:1024 -smt2 -in -t:12000 (exit command is (exit), workingDir is null)
[2026-06-06 10:04:57,004 INFO  L327       MonitoredProcess]: [MP /usr/bin/z3 SMTLIB2_COMPLIANT=true -memory:1024 -smt2 -in -t:12000 (1)] Waiting until timeout for monitored process
[2026-06-06 10:04:57,011 INFO  L138     BoogieDeclarations]: Found implementation of procedure ULTIMATE.start
[2026-06-06 10:04:57,011 INFO  L130     BoogieDeclarations]: Found specification of procedure ULTIMATE.start
[2026-06-06 10:04:57,029 INFO  L234             CfgBuilder]: Building ICFG
[2026-06-06 10:04:57,029 INFO  L260             CfgBuilder]: Building CFG for each procedure with an implementation
[2026-06-06 10:04:57,049 INFO  L?                        ?]: Removed 3 outVars from TransFormulas that were not future-live.
[2026-06-06 10:04:57,049 INFO  L283             CfgBuilder]: Performing block encoding
[2026-06-06 10:04:57,051 INFO  L89      LargeBlockEncoding]: Applying CFG Large Block Encoding to ICFG that has 1 procedures, 7 locations, 7 edges, 0 initial locations, 0 loop locations, and 1 error locations.
[2026-06-06 10:04:57,054 INFO  L139     LargeBlockEncoding]: LargeBlockEncoding completed in 4 ms, with 1 straightline sequential compositions, 0 parallel compositions, 0 1:n/n:1 sequential compositions and 0 complex sequential compositions.
[2026-06-06 10:04:57,054 INFO  L307             CfgBuilder]: Using the 1 location(s) as analysis (start of procedure ULTIMATE.start)
[2026-06-06 10:04:57,054 INFO  L312             CfgBuilder]: Removed 1 assume(true) statements.
[2026-06-06 10:04:57,054 INFO  L314             CfgBuilder]: Constructed ICFG has 1 procedures, 6 locations, 6 edges, 1 initial locations, 0 loop locations, and 1 error locations.
[2026-06-06 10:04:57,055 INFO  L201        PluginConnector]: Adding new model jain_1.i_2.bpl de.uni_freiburg.informatik.ultimate.plugins.generator.rcfgbuilder CFG 06.06 10:04:57 BoogieIcfgContainer
[2026-06-06 10:04:57,055 INFO  L131        PluginConnector]: ------------------------ END RCFGBuilder----------------------------
[2026-06-06 10:04:57,057 INFO  L112        PluginConnector]: ------------------------TraceAbstraction----------------------------
[2026-06-06 10:04:57,057 INFO  L270        PluginConnector]: Initializing TraceAbstraction...
[2026-06-06 10:04:57,059 INFO  L274        PluginConnector]: TraceAbstraction initialized
[2026-06-06 10:04:57,059 INFO  L184        PluginConnector]: Executing the observer TraceAbstractionObserver from plugin TraceAbstraction for "jain_1.i_2.bpl de.uni_freiburg.informatik.ultimate.boogie.parser AST 06.06 10:04:56" (1/2) ...
[2026-06-06 10:04:57,059 INFO  L204        PluginConnector]: Invalid model from TraceAbstraction for observer de.uni_freiburg.informatik.ultimate.plugins.generator.traceabstraction.TraceAbstractionObserver@5b0e4526 and model type jain_1.i_2.bpl de.uni_freiburg.informatik.ultimate.plugins.generator.traceabstraction AST 06.06 10:04:57, skipping insertion in model container
[2026-06-06 10:04:57,060 INFO  L184        PluginConnector]: Executing the observer TraceAbstractionObserver from plugin TraceAbstraction for "jain_1.i_2.bpl de.uni_freiburg.informatik.ultimate.plugins.generator.rcfgbuilder CFG 06.06 10:04:57" (2/2) ...
[2026-06-06 10:04:57,062 INFO  L128   eAbstractionObserver]: Analyzing ICFG jain_1.i_2.bpl
[2026-06-06 10:04:57,068 INFO  L217   ceAbstractionStarter]: Automizer settings: Hoare:None NWA Interpolation:ForwardPredicates Determinization: PREDICATE_ABSTRACTION
[2026-06-06 10:04:57,069 INFO  L151   ceAbstractionStarter]: Applying trace abstraction to ICFG jain_1.i_2.bpl that has 1 procedures, 6 locations, 6 edges, 1 initial locations, 0 loop locations, and 1 error locations.
[2026-06-06 10:04:57,083 INFO  L344      AbstractCegarLoop]: ======== Iteration 0 == of CEGAR loop == AllErrorsAtOnce ========
[2026-06-06 10:04:57,087 INFO  L345      AbstractCegarLoop]: Settings: SEPARATE_VIOLATION_CHECK=true, mInterprocedural=true, mMaxIterations=1000000, mWatchIteration=1000000, mArtifact=RCFG, mInterpolation=ForwardPredicates, mInterpolantAutomaton=STRAIGHT_LINE, mDumpAutomata=false, mAutomataFormat=ATS_NUMERATE, mDumpPath=., mDeterminiation=PREDICATE_ABSTRACTION, mMinimize=MINIMIZE_SEVPA, mAutomataTypeConcurrency=FINITE_AUTOMATA, mHoareTripleChecks=INCREMENTAL, mHoareAnnotationPositions=None, mDumpOnlyReuseAutomata=false, mLimitTraceHistogram=0, mErrorLocTimeLimit=0, mLimitPathProgramCount=0, mCollectInterpolantStatistics=true, mHeuristicEmptinessCheck=false, mHeuristicEmptinessCheckAStarHeuristic=ZERO, mHeuristicEmptinessCheckAStarHeuristicRandomSeed=1337, mHeuristicEmptinessCheckSmtFeatureScoringMethod=DAGSIZE, mSMTFeatureExtraction=false, mSMTFeatureExtractionDumpPath=., mOverrideInterpolantAutomaton=false, mMcrInterpolantMethod=WP, mPorIndependenceSettings=[Lde.uni_freiburg.informatik.ultimate.lib.tracecheckerutils.partialorder.independence.IndependenceSettings;@44d0a797, mLbeIndependenceSettings=[IndependenceType=SEMANTIC, AbstractionType=NONE, UseConditional=false, UseSemiCommutativity=true, Solver=Z3, SolverTimeout=1000ms], mThreadLimit=4, mParallelCegarLoop=true, mConsiderOnlyActiveCounterexamplesInIsEmptyParallel=true, mMinimizeAbstractionPerWorker=true, mSearchLoopBound=-1, mParallelTraceSearchSelectionMode=ADAPTIVE_BATCH_LCPS, mParallelTraceSearchUseInitialBfs=true, mParallelTraceSearchTrackStalePrefixes=true, mBatchLcpsCandidateMultiplier=4, mBatchLcpsCandidateCap=32, mAdaptiveBatchTriggerMode=SEARCH_FAILED_ONLY, mAdaptiveBatchMinAvailableSlots=2
[2026-06-06 10:04:57,088 INFO  L346      AbstractCegarLoop]: Starting to check reachability of 1 error locations.
[2026-06-06 10:04:57,089 INFO  L290                IsEmpty]: Start isEmpty. Operand  has 6 states, 4 states have (on average 1.5) internal successors, (6), 5 states have internal predecessors, (6), 0 states have call successors, (0), 0 states have call predecessors, (0), 0 states have return successors, (0), 0 states have call predecessors, (0), 0 states have call successors, (0)
[2026-06-06 10:04:57,090 INFO  L300                IsEmpty]: Finished isEmpty. Found accepting run of length 5
[2026-06-06 10:04:57,090 INFO  L199           NwaCegarLoop]: Found error trace
[2026-06-06 10:04:57,090 INFO  L207           NwaCegarLoop]: trace histogram [1, 1, 1, 1]
[2026-06-06 10:04:57,091 INFO  L173          SolverBuilder]: Constructing external solver with command: z3 SMTLIB2_COMPLIANT=true -memory:1024 -smt2 -in -t:12000
[2026-06-06 10:04:57,093 INFO  L189       MonitoredProcess]: No working directory specified, using /usr/bin/z3
[2026-06-06 10:04:57,095 INFO  L229       MonitoredProcess]: Starting monitored process 2 with /usr/bin/z3 SMTLIB2_COMPLIANT=true -memory:1024 -smt2 -in -t:12000 (exit command is (exit), workingDir is null)
[2026-06-06 10:04:57,095 INFO  L327       MonitoredProcess]: [MP /usr/bin/z3 SMTLIB2_COMPLIANT=true -memory:1024 -smt2 -in -t:12000 (2)] Waiting until timeout for monitored process
[2026-06-06 10:04:57,107 WARN  L330   ript$VariableManager]: TermVariable |v_ULTIMATE.start___VERIFIER_assert_#in~cond_2| not constructed by VariableManager. Cannot ensure absence of name clashes.
[2026-06-06 10:04:57,109 INFO  L173          SolverBuilder]: Constructing external solver with command: z3 SMTLIB2_COMPLIANT=true -memory:1024 -smt2 -in -t:12000
[2026-06-06 10:04:57,109 INFO  L196   CegarNwaWorkerThread]: WorkerThread: Thread[#80,pool-1-thread-1,5,main] is Waiting for a Task
[2026-06-06 10:04:57,111 INFO  L189       MonitoredProcess]: No working directory specified, using /usr/bin/z3
[2026-06-06 10:04:57,112 INFO  L229       MonitoredProcess]: Starting monitored process 3 with /usr/bin/z3 SMTLIB2_COMPLIANT=true -memory:1024 -smt2 -in -t:12000 (exit command is (exit), workingDir is null)
[2026-06-06 10:04:57,113 INFO  L327       MonitoredProcess]: [MP /usr/bin/z3 SMTLIB2_COMPLIANT=true -memory:1024 -smt2 -in -t:12000 (3)] Waiting until timeout for monitored process
[2026-06-06 10:04:57,121 WARN  L330   ript$VariableManager]: TermVariable |v_ULTIMATE.start___VERIFIER_assert_#in~cond_2| not constructed by VariableManager. Cannot ensure absence of name clashes.
[2026-06-06 10:04:57,122 INFO  L173          SolverBuilder]: Constructing external solver with command: z3 SMTLIB2_COMPLIANT=true -memory:1024 -smt2 -in -t:12000
[2026-06-06 10:04:57,122 INFO  L196   CegarNwaWorkerThread]: WorkerThread: Thread[#86,pool-1-thread-2,5,main] is Waiting for a Task
[2026-06-06 10:04:57,124 INFO  L189       MonitoredProcess]: No working directory specified, using /usr/bin/z3
[2026-06-06 10:04:57,125 INFO  L229       MonitoredProcess]: Starting monitored process 4 with /usr/bin/z3 SMTLIB2_COMPLIANT=true -memory:1024 -smt2 -in -t:12000 (exit command is (exit), workingDir is null)
[2026-06-06 10:04:57,126 INFO  L327       MonitoredProcess]: [MP /usr/bin/z3 SMTLIB2_COMPLIANT=true -memory:1024 -smt2 -in -t:12000 (4)] Waiting until timeout for monitored process
[2026-06-06 10:04:57,134 WARN  L330   ript$VariableManager]: TermVariable |v_ULTIMATE.start___VERIFIER_assert_#in~cond_2| not constructed by VariableManager. Cannot ensure absence of name clashes.
[2026-06-06 10:04:57,135 INFO  L173          SolverBuilder]: Constructing external solver with command: z3 SMTLIB2_COMPLIANT=true -memory:1024 -smt2 -in -t:12000
[2026-06-06 10:04:57,135 INFO  L196   CegarNwaWorkerThread]: WorkerThread: Thread[#92,pool-1-thread-3,5,main] is Waiting for a Task
[2026-06-06 10:04:57,137 INFO  L189       MonitoredProcess]: No working directory specified, using /usr/bin/z3
[2026-06-06 10:04:57,138 INFO  L229       MonitoredProcess]: Starting monitored process 5 with /usr/bin/z3 SMTLIB2_COMPLIANT=true -memory:1024 -smt2 -in -t:12000 (exit command is (exit), workingDir is null)
[2026-06-06 10:04:57,139 INFO  L327       MonitoredProcess]: [MP /usr/bin/z3 SMTLIB2_COMPLIANT=true -memory:1024 -smt2 -in -t:12000 (5)] Waiting until timeout for monitored process
[2026-06-06 10:04:57,147 WARN  L330   ript$VariableManager]: TermVariable |v_ULTIMATE.start___VERIFIER_assert_#in~cond_2| not constructed by VariableManager. Cannot ensure absence of name clashes.
[2026-06-06 10:04:57,148 INFO  L196   CegarNwaWorkerThread]: WorkerThread: Thread[#98,pool-1-thread-4,5,main] is Waiting for a Task
[2026-06-06 10:04:57,148 INFO  L86        PathProgramCache]: Analyzing trace with hash 925701, now seen corresponding path program 1 times
[2026-06-06 10:04:57,148 INFO  L614   ParallelNwaCegarLoop]: Main: Starting Thread
[2026-06-06 10:04:57,148 INFO  L283   ParallelNwaCegarLoop]: === Iteration 1 ===
[2026-06-06 10:04:57,148 INFO  L336   ParallelNwaCegarLoop]: No more worker results to process
[2026-06-06 10:04:57,148 INFO  L290                IsEmpty]: Start isEmpty. Operand  has 6 states, 4 states have (on average 1.5) internal successors, (6), 5 states have internal predecessors, (6), 0 states have call successors, (0), 0 states have call predecessors, (0), 0 states have return successors, (0), 0 states have call predecessors, (0), 0 states have call successors, (0)
[2026-06-06 10:04:57,148 INFO  L300                IsEmpty]: Finished isEmpty. Found accepting run of length 5
[2026-06-06 10:04:57,148 WARN  L753                IsEmpty]: Correctness of emptinessCheck not tested.
[2026-06-06 10:04:57,149 INFO  L209   CegarNwaWorkerThread]: Starting Thread: 80# for Trace Check: 925701
[2026-06-06 10:04:57,151 INFO  L79                 Accepts]: Start accepts. Automaton has  has 6 states, 4 states have (on average 1.5) internal successors, (6), 5 states have internal predecessors, (6), 0 states have call successors, (0), 0 states have call predecessors, (0), 0 states have return successors, (0), 0 states have call predecessors, (0), 0 states have call successors, (0) Word has length 4
[2026-06-06 10:04:57,152 INFO  L85                 Accepts]: Finished accepts. word is accepted.
[2026-06-06 10:04:57,152 INFO  L757                IsEmpty]: Finished testing correctness of emptinessCheck
[2026-06-06 10:04:57,152 INFO  L1033  ParallelNwaCegarLoop]: BFS found an active duplicate counterexample.
[2026-06-06 10:04:57,152 INFO  L290                IsEmpty]: Start isEmptyParallel. Operand  has 6 states, 4 states have (on average 1.5) internal successors, (6), 5 states have internal predecessors, (6), 0 states have call successors, (0), 0 states have call predecessors, (0), 0 states have return successors, (0), 0 states have call predecessors, (0), 0 states have call successors, (0)
[2026-06-06 10:04:57,152 INFO  L300                IsEmpty]: Finished isEmptyParallel. No accepting run.
[2026-06-06 10:04:57,152 INFO  L156        IsEmptyParallel]: Start isEmptyParallel. Operand  has 6 states, 4 states have (on average 1.5) internal successors, (6), 5 states have internal predecessors, (6), 0 states have call successors, (0), 0 states have call predecessors, (0), 0 states have return successors, (0), 0 states have call predecessors, (0), 0 states have call successors, (0)
[2026-06-06 10:04:57,153 INFO  L156       PredicateUnifier]: Initialized classic predicate unifier
[2026-06-06 10:04:57,153 INFO  L86        PathProgramCache]: Analyzing trace with hash 925701, now seen corresponding path program 1 times
[2026-06-06 10:04:57,154 INFO  L182       IsEmptyHeuristic]: Start isEmptyHeuristic. Operand  has 6 states, 4 states have (on average 1.5) internal successors, (6), 5 states have internal predecessors, (6), 0 states have call successors, (0), 0 states have call predecessors, (0), 0 states have return successors, (0), 0 states have call predecessors, (0), 0 states have call successors, (0)
[2026-06-06 10:04:57,156 INFO  L188       IsEmptyHeuristic]: Finished isEmptyHeuristic. Found accepting run of length 7
[2026-06-06 10:04:57,156 INFO  L163        IsEmptyParallel]: Finished isEmptyParallel. Found accepting run of length 7
[2026-06-06 10:04:57,156 WARN  L753                IsEmpty]: Correctness of emptinessCheck not tested.
[2026-06-06 10:04:57,156 INFO  L79                 Accepts]: Start accepts. Automaton has  has 6 states, 4 states have (on average 1.5) internal successors, (6), 5 states have internal predecessors, (6), 0 states have call successors, (0), 0 states have call predecessors, (0), 0 states have return successors, (0), 0 states have call predecessors, (0), 0 states have call successors, (0) Word has length 6
[2026-06-06 10:04:57,156 INFO  L85                 Accepts]: Finished accepts. word is accepted.
[2026-06-06 10:04:57,156 INFO  L757                IsEmpty]: Finished testing correctness of emptinessCheck
[2026-06-06 10:04:57,156 INFO  L1028  ParallelNwaCegarLoop]: Found new Counterexample via IsEmptyParallel PAPER!
[2026-06-06 10:04:57,156 INFO  L86        PathProgramCache]: Analyzing trace with hash 889531649, now seen corresponding path program 1 times
[2026-06-06 10:04:57,156 INFO  L614   ParallelNwaCegarLoop]: Main: Starting Thread
[2026-06-06 10:04:57,156 INFO  L209   CegarNwaWorkerThread]: Starting Thread: 86# for Trace Check: 889531649
[2026-06-06 10:04:57,156 INFO  L290                IsEmpty]: Start isEmptyParallel. Operand  has 6 states, 4 states have (on average 1.5) internal successors, (6), 5 states have internal predecessors, (6), 0 states have call successors, (0), 0 states have call predecessors, (0), 0 states have return successors, (0), 0 states have call predecessors, (0), 0 states have call successors, (0)
[2026-06-06 10:04:57,156 INFO  L300                IsEmpty]: Finished isEmptyParallel. No accepting run.
[2026-06-06 10:04:57,156 INFO  L156        IsEmptyParallel]: Start isEmptyParallel. Operand  has 6 states, 4 states have (on average 1.5) internal successors, (6), 5 states have internal predecessors, (6), 0 states have call successors, (0), 0 states have call predecessors, (0), 0 states have return successors, (0), 0 states have call predecessors, (0), 0 states have call successors, (0)
[2026-06-06 10:04:57,156 INFO  L182       IsEmptyHeuristic]: Start isEmptyHeuristic. Operand  has 6 states, 4 states have (on average 1.5) internal successors, (6), 5 states have internal predecessors, (6), 0 states have call successors, (0), 0 states have call predecessors, (0), 0 states have return successors, (0), 0 states have call predecessors, (0), 0 states have call successors, (0)
[2026-06-06 10:04:57,156 INFO  L156       PredicateUnifier]: Initialized classic predicate unifier
[2026-06-06 10:04:57,156 INFO  L118   FreeRefinementEngine]: Executing refinement strategy CAMEL
[2026-06-06 10:04:57,156 INFO  L86        PathProgramCache]: Analyzing trace with hash 889531649, now seen corresponding path program 1 times
[2026-06-06 10:04:57,156 INFO  L188       IsEmptyHeuristic]: Finished isEmptyHeuristic. Found accepting run of length 9
[2026-06-06 10:04:57,157 INFO  L163        IsEmptyParallel]: Finished isEmptyParallel. Found accepting run of length 9
[2026-06-06 10:04:57,157 WARN  L753                IsEmpty]: Correctness of emptinessCheck not tested.
[2026-06-06 10:04:57,157 INFO  L324   FreeRefinementEngine]: Using trace check IpTcStrategyModuleSmtInterpolCraig [324559761]
[2026-06-06 10:04:57,157 INFO  L79                 Accepts]: Start accepts. Automaton has  has 6 states, 4 states have (on average 1.5) internal successors, (6), 5 states have internal predecessors, (6), 0 states have call successors, (0), 0 states have call predecessors, (0), 0 states have return successors, (0), 0 states have call predecessors, (0), 0 states have call successors, (0) Word has length 8
[2026-06-06 10:04:57,157 INFO  L118   FreeRefinementEngine]: Executing refinement strategy CAMEL
[2026-06-06 10:04:57,157 INFO  L85                 Accepts]: Finished accepts. word is accepted.
[2026-06-06 10:04:57,157 INFO  L757                IsEmpty]: Finished testing correctness of emptinessCheck
[2026-06-06 10:04:57,157 INFO  L97    rtionOrderModulation]: Keeping assertion order NOT_INCREMENTALLY
[2026-06-06 10:04:57,157 INFO  L1028  ParallelNwaCegarLoop]: Found new Counterexample via IsEmptyParallel PAPER!
[2026-06-06 10:04:57,157 INFO  L324   FreeRefinementEngine]: Using trace check IpTcStrategyModuleSmtInterpolCraig [1939433668]
[2026-06-06 10:04:57,157 INFO  L86        PathProgramCache]: Analyzing trace with hash 141355773, now seen corresponding path program 2 times
[2026-06-06 10:04:57,157 INFO  L614   ParallelNwaCegarLoop]: Main: Starting Thread
[2026-06-06 10:04:57,157 INFO  L97    rtionOrderModulation]: Keeping assertion order NOT_INCREMENTALLY
[2026-06-06 10:04:57,157 INFO  L127          SolverBuilder]: Constructing new instance of SMTInterpol with explicit timeout -1 ms and remaining time -1 ms
[2026-06-06 10:04:57,157 INFO  L209   CegarNwaWorkerThread]: Starting Thread: 92# for Trace Check: 141355773
[2026-06-06 10:04:57,157 INFO  L127          SolverBuilder]: Constructing new instance of SMTInterpol with explicit timeout -1 ms and remaining time -1 ms
[2026-06-06 10:04:57,157 INFO  L290                IsEmpty]: Start isEmptyParallel. Operand  has 6 states, 4 states have (on average 1.5) internal successors, (6), 5 states have internal predecessors, (6), 0 states have call successors, (0), 0 states have call predecessors, (0), 0 states have return successors, (0), 0 states have call predecessors, (0), 0 states have call successors, (0)
[2026-06-06 10:04:57,157 INFO  L300                IsEmpty]: Finished isEmptyParallel. No accepting run.
[2026-06-06 10:04:57,157 INFO  L156        IsEmptyParallel]: Start isEmptyParallel. Operand  has 6 states, 4 states have (on average 1.5) internal successors, (6), 5 states have internal predecessors, (6), 0 states have call successors, (0), 0 states have call predecessors, (0), 0 states have return successors, (0), 0 states have call predecessors, (0), 0 states have call successors, (0)
[2026-06-06 10:04:57,157 INFO  L156       PredicateUnifier]: Initialized classic predicate unifier
[2026-06-06 10:04:57,157 INFO  L86        PathProgramCache]: Analyzing trace with hash 141355773, now seen corresponding path program 2 times
[2026-06-06 10:04:57,157 INFO  L182       IsEmptyHeuristic]: Start isEmptyHeuristic. Operand  has 6 states, 4 states have (on average 1.5) internal successors, (6), 5 states have internal predecessors, (6), 0 states have call successors, (0), 0 states have call predecessors, (0), 0 states have return successors, (0), 0 states have call predecessors, (0), 0 states have call successors, (0)
[2026-06-06 10:04:57,157 INFO  L118   FreeRefinementEngine]: Executing refinement strategy CAMEL
[2026-06-06 10:04:57,157 INFO  L324   FreeRefinementEngine]: Using trace check IpTcStrategyModuleSmtInterpolCraig [1711763469]
[2026-06-06 10:04:57,157 INFO  L188       IsEmptyHeuristic]: Finished isEmptyHeuristic. No accepting run.
[2026-06-06 10:04:57,157 INFO  L95    rtionOrderModulation]: Changing assertion order to OUTSIDE_LOOP_FIRST1
[2026-06-06 10:04:57,157 INFO  L127          SolverBuilder]: Constructing new instance of SMTInterpol with explicit timeout -1 ms and remaining time -1 ms
[2026-06-06 10:04:57,157 INFO  L182       IsEmptyHeuristic]: Start isEmptyHeuristic. Operand  has 6 states, 4 states have (on average 1.5) internal successors, (6), 5 states have internal predecessors, (6), 0 states have call successors, (0), 0 states have call predecessors, (0), 0 states have return successors, (0), 0 states have call predecessors, (0), 0 states have call successors, (0)
[2026-06-06 10:04:57,158 INFO  L188       IsEmptyHeuristic]: Finished isEmptyHeuristic. Found accepting run of length 11
[2026-06-06 10:04:57,158 INFO  L163        IsEmptyParallel]: Finished isEmptyParallel. Found accepting run of length 11
[2026-06-06 10:04:57,158 WARN  L753                IsEmpty]: Correctness of emptinessCheck not tested.
[2026-06-06 10:04:57,158 INFO  L79                 Accepts]: Start accepts. Automaton has  has 6 states, 4 states have (on average 1.5) internal successors, (6), 5 states have internal predecessors, (6), 0 states have call successors, (0), 0 states have call predecessors, (0), 0 states have return successors, (0), 0 states have call predecessors, (0), 0 states have call successors, (0) Word has length 10
[2026-06-06 10:04:57,158 INFO  L85                 Accepts]: Finished accepts. word is accepted.
[2026-06-06 10:04:57,158 INFO  L757                IsEmpty]: Finished testing correctness of emptinessCheck
[2026-06-06 10:04:57,158 INFO  L1028  ParallelNwaCegarLoop]: Found new Counterexample via IsEmptyParallel PAPER!
[2026-06-06 10:04:57,158 INFO  L86        PathProgramCache]: Analyzing trace with hash -1596122631, now seen corresponding path program 3 times
[2026-06-06 10:04:57,158 INFO  L614   ParallelNwaCegarLoop]: Main: Starting Thread
[2026-06-06 10:04:57,158 INFO  L209   CegarNwaWorkerThread]: Starting Thread: 98# for Trace Check: -1596122631
[2026-06-06 10:04:57,158 INFO  L283   ParallelNwaCegarLoop]: === Iteration 2 ===
[2026-06-06 10:04:57,158 INFO  L631   ParallelNwaCegarLoop]: All threads busy, going to sleep.
[2026-06-06 10:04:57,158 INFO  L156       PredicateUnifier]: Initialized classic predicate unifier
[2026-06-06 10:04:57,158 INFO  L86        PathProgramCache]: Analyzing trace with hash -1596122631, now seen corresponding path program 3 times
[2026-06-06 10:04:57,158 INFO  L118   FreeRefinementEngine]: Executing refinement strategy CAMEL
[2026-06-06 10:04:57,158 INFO  L324   FreeRefinementEngine]: Using trace check IpTcStrategyModuleSmtInterpolCraig [1894228942]
[2026-06-06 10:04:57,158 INFO  L95    rtionOrderModulation]: Changing assertion order to OUTSIDE_LOOP_FIRST2
[2026-06-06 10:04:57,158 INFO  L127          SolverBuilder]: Constructing new instance of SMTInterpol with explicit timeout -1 ms and remaining time -1 ms
[2026-06-06 10:04:57,187 INFO  L108    AnnotateAndAsserter]: Assert order OUTSIDE_LOOP_FIRST1 partitioned 8 statements into 2 equivalence classes.
[2026-06-06 10:04:57,187 INFO  L108    AnnotateAndAsserter]: Assert order OUTSIDE_LOOP_FIRST2 partitioned 10 statements into 4 equivalence classes.
[2026-06-06 10:04:57,187 INFO  L108    AnnotateAndAsserter]: Assert order NOT_INCREMENTALLY partitioned 6 statements into 1 equivalence classes.
[2026-06-06 10:04:57,187 INFO  L108    AnnotateAndAsserter]: Assert order NOT_INCREMENTALLY partitioned 4 statements into 1 equivalence classes.
[2026-06-06 10:04:57,197 INFO  L111    AnnotateAndAsserter]: Assert order NOT_INCREMENTALLY issued 1 check-sat command(s) and asserted 4 of 4 statements.
[2026-06-06 10:04:57,197 INFO  L114    AnnotateAndAsserter]: Assert order NOT_INCREMENTALLY issued 1 check-sat command(s)
[2026-06-06 10:04:57,197 INFO  L115    AnnotateAndAsserter]: Conjunction of SSA is unsat
[2026-06-06 10:04:57,198 INFO  L111    AnnotateAndAsserter]: Assert order NOT_INCREMENTALLY issued 1 check-sat command(s) and asserted 6 of 6 statements.
[2026-06-06 10:04:57,198 INFO  L114    AnnotateAndAsserter]: Assert order NOT_INCREMENTALLY issued 1 check-sat command(s)
[2026-06-06 10:04:57,198 INFO  L115    AnnotateAndAsserter]: Conjunction of SSA is unsat
[2026-06-06 10:04:57,202 INFO  L111    AnnotateAndAsserter]: Assert order OUTSIDE_LOOP_FIRST1 issued 2 check-sat command(s) and asserted 8 of 8 statements.
[2026-06-06 10:04:57,202 INFO  L114    AnnotateAndAsserter]: Assert order OUTSIDE_LOOP_FIRST1 issued 2 check-sat command(s)
[2026-06-06 10:04:57,202 INFO  L115    AnnotateAndAsserter]: Conjunction of SSA is unsat
[2026-06-06 10:04:57,206 INFO  L111    AnnotateAndAsserter]: Assert order OUTSIDE_LOOP_FIRST2 issued 4 check-sat command(s) and asserted 10 of 10 statements.
[2026-06-06 10:04:57,206 INFO  L114    AnnotateAndAsserter]: Assert order OUTSIDE_LOOP_FIRST2 issued 4 check-sat command(s)
[2026-06-06 10:04:57,207 INFO  L115    AnnotateAndAsserter]: Conjunction of SSA is unsat
[2026-06-06 10:04:57,253 INFO  L134       CoverageAnalysis]: Checked inductivity of 0 backedges. 0 proven. 0 refuted. 0 times theorem prover too weak. 0 trivial. 0 not checked.
[2026-06-06 10:04:57,253 INFO  L136   FreeRefinementEngine]: Strategy CAMEL found an infeasible trace
[2026-06-06 10:04:57,253 INFO  L324   FreeRefinementEngine]: Using interpolant generator IpTcStrategyModuleSmtInterpolCraig [324559761]
[2026-06-06 10:04:57,254 INFO  L158   FreeRefinementEngine]: IpTcStrategyModuleSmtInterpolCraig [324559761] provided 1 perfect and 0 imperfect interpolant sequences
[2026-06-06 10:04:57,254 INFO  L185   FreeRefinementEngine]: Found 1 perfect and 0 imperfect interpolant sequences.
[2026-06-06 10:04:57,254 INFO  L198   FreeRefinementEngine]: Number of different interpolants: perfect sequences [3] imperfect sequences [] total 3
[2026-06-06 10:04:57,255 INFO  L122   tionRefinementEngine]: Using interpolant automaton builder IpAbStrategyModuleStraightlineAll [1441679690]
[2026-06-06 10:04:57,255 INFO  L85    oduleStraightlineAll]: Using 1 perfect interpolants to construct interpolant automaton
[2026-06-06 10:04:57,255 INFO  L134       CoverageAnalysis]: Checked inductivity of 2 backedges. 0 proven. 2 refuted. 0 times theorem prover too weak. 0 trivial. 0 not checked.
[2026-06-06 10:04:57,255 INFO  L136   FreeRefinementEngine]: Strategy CAMEL found an infeasible trace
[2026-06-06 10:04:57,255 INFO  L324   FreeRefinementEngine]: Using interpolant generator IpTcStrategyModuleSmtInterpolCraig [1939433668]
[2026-06-06 10:04:57,255 INFO  L158   FreeRefinementEngine]: IpTcStrategyModuleSmtInterpolCraig [1939433668] provided 0 perfect and 1 imperfect interpolant sequences
[2026-06-06 10:04:57,255 INFO  L324   FreeRefinementEngine]: Using interpolant generator IpTcStrategyModuleZ3 [1510639055]
[2026-06-06 10:04:57,255 INFO  L97    rtionOrderModulation]: Keeping assertion order NOT_INCREMENTALLY
[2026-06-06 10:04:57,255 INFO  L173          SolverBuilder]: Constructing external solver with command: z3 -smt2 -in SMTLIB2_COMPLIANT=true
[2026-06-06 10:04:57,256 INFO  L100   FreeRefinementEngine]: Using predicate unifier PredicateUnifier provided by strategy CAMEL
[2026-06-06 10:04:57,257 INFO  L189       MonitoredProcess]: No working directory specified, using /usr/bin/z3
[2026-06-06 10:04:57,258 INFO  L229       MonitoredProcess]: Starting monitored process 6 with /usr/bin/z3 -smt2 -in SMTLIB2_COMPLIANT=true (exit command is (exit), workingDir is null)
[2026-06-06 10:04:57,260 INFO  L327       MonitoredProcess]: [MP /usr/bin/z3 -smt2 -in SMTLIB2_COMPLIANT=true (6)] Waiting until timeout for monitored process
[2026-06-06 10:04:57,265 INFO  L134       CoverageAnalysis]: Checked inductivity of 6 backedges. 0 proven. 4 refuted. 0 times theorem prover too weak. 2 trivial. 0 not checked.
[2026-06-06 10:04:57,265 INFO  L136   FreeRefinementEngine]: Strategy CAMEL found an infeasible trace
[2026-06-06 10:04:57,265 INFO  L324   FreeRefinementEngine]: Using interpolant generator IpTcStrategyModuleSmtInterpolCraig [1711763469]
[2026-06-06 10:04:57,265 INFO  L158   FreeRefinementEngine]: IpTcStrategyModuleSmtInterpolCraig [1711763469] provided 0 perfect and 1 imperfect interpolant sequences
[2026-06-06 10:04:57,265 INFO  L324   FreeRefinementEngine]: Using interpolant generator IpTcStrategyModuleZ3 [822485793]
[2026-06-06 10:04:57,265 INFO  L95    rtionOrderModulation]: Changing assertion order to OUTSIDE_LOOP_FIRST1
[2026-06-06 10:04:57,265 INFO  L173          SolverBuilder]: Constructing external solver with command: z3 -smt2 -in SMTLIB2_COMPLIANT=true
[2026-06-06 10:04:57,268 INFO  L189       MonitoredProcess]: No working directory specified, using /usr/bin/z3
[2026-06-06 10:04:57,269 INFO  L229       MonitoredProcess]: Starting monitored process 7 with /usr/bin/z3 -smt2 -in SMTLIB2_COMPLIANT=true (exit command is (exit), workingDir is null)
[2026-06-06 10:04:57,269 INFO  L327       MonitoredProcess]: [MP /usr/bin/z3 -smt2 -in SMTLIB2_COMPLIANT=true (7)] Waiting until timeout for monitored process
[2026-06-06 10:04:57,269 INFO  L144   InterpolantAutomaton]: Constructing interpolant automaton starting with 4 interpolants.
[2026-06-06 10:04:57,270 INFO  L146   InterpolantAutomaton]: CoverageRelationStatistics Valid=5, Invalid=7, Unknown=0, NotChecked=0, Total=12
[2026-06-06 10:04:57,270 INFO  L419   CegarNwaWorkerThread]: Difference in Worker for Generalization
[2026-06-06 10:04:57,271 INFO  L87              Difference]: Start difference. First operand  has 6 states, 4 states have (on average 1.5) internal successors, (6), 5 states have internal predecessors, (6), 0 states have call successors, (0), 0 states have call predecessors, (0), 0 states have return successors, (0), 0 states have call predecessors, (0), 0 states have call successors, (0) Second operand  has 4 states, 4 states have (on average 1.0) internal successors, (4), 3 states have internal predecessors, (4), 0 states have call successors, (0), 0 states have call predecessors, (0), 0 states have return successors, (0), 0 states have call predecessors, (0), 0 states have call successors, (0)
[2026-06-06 10:04:57,275 INFO  L108    AnnotateAndAsserter]: Assert order NOT_INCREMENTALLY partitioned 6 statements into 1 equivalence classes.
[2026-06-06 10:04:57,278 INFO  L111    AnnotateAndAsserter]: Assert order NOT_INCREMENTALLY issued 1 check-sat command(s) and asserted 6 of 6 statements.
[2026-06-06 10:04:57,278 INFO  L114    AnnotateAndAsserter]: Assert order NOT_INCREMENTALLY issued 1 check-sat command(s)
[2026-06-06 10:04:57,278 INFO  L115    AnnotateAndAsserter]: Conjunction of SSA is unsat
[2026-06-06 10:04:57,279 INFO  L256         TraceCheckSpWp]: Trace formula consists of 20 conjuncts, 9 conjuncts are in the unsatisfiable core
[2026-06-06 10:04:57,282 INFO  L279         TraceCheckSpWp]: Computing forward predicates...
[2026-06-06 10:04:57,284 INFO  L144             Difference]: Subtrahend was deterministic. Have not used determinization.
[2026-06-06 10:04:57,284 INFO  L93              Difference]: Finished difference Result 7 states and 7 transitions.
[2026-06-06 10:04:57,285 INFO  L140   InterpolantAutomaton]: Switched to read-only mode: deterministic interpolant automaton has 4 states. 
[2026-06-06 10:04:57,285 INFO  L108    AnnotateAndAsserter]: Assert order OUTSIDE_LOOP_FIRST1 partitioned 8 statements into 2 equivalence classes.
[2026-06-06 10:04:57,287 INFO  L134       CoverageAnalysis]: Checked inductivity of 12 backedges. 0 proven. 6 refuted. 0 times theorem prover too weak. 6 trivial. 0 not checked.
[2026-06-06 10:04:57,287 INFO  L136   FreeRefinementEngine]: Strategy CAMEL found an infeasible trace
[2026-06-06 10:04:57,287 INFO  L324   FreeRefinementEngine]: Using interpolant generator IpTcStrategyModuleSmtInterpolCraig [1894228942]
[2026-06-06 10:04:57,287 INFO  L225             Difference]: With dead ends: 7
[2026-06-06 10:04:57,288 INFO  L226             Difference]: Without dead ends: 7
[2026-06-06 10:04:57,288 INFO  L158   FreeRefinementEngine]: IpTcStrategyModuleSmtInterpolCraig [1894228942] provided 0 perfect and 1 imperfect interpolant sequences
[2026-06-06 10:04:57,288 INFO  L324   FreeRefinementEngine]: Using interpolant generator IpTcStrategyModuleZ3 [1131474209]
[2026-06-06 10:04:57,288 INFO  L95    rtionOrderModulation]: Changing assertion order to OUTSIDE_LOOP_FIRST2
[2026-06-06 10:04:57,288 INFO  L173          SolverBuilder]: Constructing external solver with command: z3 -smt2 -in SMTLIB2_COMPLIANT=true
[2026-06-06 10:04:57,288 INFO  L487   CegarNwaWorkerThread]: 0 DeclaredPredicates, 3 GetRequests, 1 SyntacticMatches, 0 SemanticMatches, 2 ConstructedPredicates, 0 IntricatePredicates, 0 DeprecatedPredicates, 0 ImplicationChecksByTransitivity, 0.0s TimeCoverageRelationStatistics Valid=5, Invalid=7, Unknown=0, NotChecked=0, Total=12
[2026-06-06 10:04:57,290 INFO  L488   CegarNwaWorkerThread]: 3 mSDtfsCounter, 0 mSDsluCounter, 4 mSDsCounter, 0 mSdLazyCounter, 7 mSolverCounterSat, 0 mSolverCounterUnsat, 0 mSolverCounterUnknown, 0 mSolverCounterNotChecked, 0.0s Time, 0 mProtectedPredicate, 0 mProtectedAction, 0 SdHoareTripleChecker+Valid, 7 SdHoareTripleChecker+Invalid, 7 SdHoareTripleChecker+Unknown, 0 SdHoareTripleChecker+Unchecked, 0.0s SdHoareTripleChecker+Time, 0 IncrementalHoareTripleChecker+Valid, 7 IncrementalHoareTripleChecker+Invalid, 0 IncrementalHoareTripleChecker+Unknown, 0 IncrementalHoareTripleChecker+Unchecked, 0.0s IncrementalHoareTripleChecker+Time
[2026-06-06 10:04:57,290 INFO  L189       MonitoredProcess]: No working directory specified, using /usr/bin/z3
[2026-06-06 10:04:57,290 INFO  L489   CegarNwaWorkerThread]: SdHoareTripleChecker [0 Valid, 7 Invalid, 7 Unknown, 0 Unchecked, 0.0s Time], IncrementalHoareTripleChecker [0 Valid, 7 Invalid, 0 Unknown, 0 Unchecked, 0.0s Time]
[2026-06-06 10:04:57,290 INFO  L111    AnnotateAndAsserter]: Assert order OUTSIDE_LOOP_FIRST1 issued 2 check-sat command(s) and asserted 8 of 8 statements.
[2026-06-06 10:04:57,290 INFO  L114    AnnotateAndAsserter]: Assert order OUTSIDE_LOOP_FIRST1 issued 2 check-sat command(s)
[2026-06-06 10:04:57,290 INFO  L115    AnnotateAndAsserter]: Conjunction of SSA is unsat
[2026-06-06 10:04:57,290 INFO  L256         TraceCheckSpWp]: Trace formula consists of 27 conjuncts, 11 conjuncts are in the unsatisfiable core
[2026-06-06 10:04:57,291 INFO  L224   CegarNwaWorkerThread]: Done with Thread: 80#
[2026-06-06 10:04:57,291 INFO  L196   CegarNwaWorkerThread]: WorkerThread: Thread[#80,Worker for 925701,5,main] is Waiting for a Task
[2026-06-06 10:04:57,291 INFO  L634   ParallelNwaCegarLoop]: Waking up, a worker is done.
[2026-06-06 10:04:57,291 INFO  L293   ParallelNwaCegarLoop]: Main: A Thread is Done
[2026-06-06 10:04:57,291 INFO  L311   ParallelNwaCegarLoop]: Worker Automaton Type: FLOYD_HOARE
[2026-06-06 10:04:57,291 INFO  L229       MonitoredProcess]: Starting monitored process 8 with /usr/bin/z3 -smt2 -in SMTLIB2_COMPLIANT=true (exit command is (exit), workingDir is null)
[2026-06-06 10:04:57,291 INFO  L79                 Accepts]: Start accepts. Automaton has  has 6 states, 4 states have (on average 1.5) internal successors, (6), 5 states have internal predecessors, (6), 0 states have call successors, (0), 0 states have call predecessors, (0), 0 states have return successors, (0), 0 states have call predecessors, (0), 0 states have call successors, (0) Word has length 4
[2026-06-06 10:04:57,291 INFO  L85                 Accepts]: Finished accepts. word is accepted.
[2026-06-06 10:04:57,291 INFO  L313   ParallelNwaCegarLoop]: Refining Abstraction
[2026-06-06 10:04:57,291 INFO  L697   ParallelNwaCegarLoop]: Subtrahend traceHash: 925701
[2026-06-06 10:04:57,291 INFO  L664   ParallelNwaCegarLoop]: Difference in Main
[2026-06-06 10:04:57,291 INFO  L279         TraceCheckSpWp]: Computing forward predicates...
[2026-06-06 10:04:57,291 INFO  L87              Difference]: Start difference. First operand  has 6 states, 4 states have (on average 1.5) internal successors, (6), 5 states have internal predecessors, (6), 0 states have call successors, (0), 0 states have call predecessors, (0), 0 states have return successors, (0), 0 states have call predecessors, (0), 0 states have call successors, (0) Second operand  has 4 states, 3 states have (on average 3.0) internal successors, (9), 4 states have internal predecessors, (9), 0 states have call successors, (0), 0 states have call predecessors, (0), 0 states have return successors, (0), 0 states have call predecessors, (0), 0 states have call successors, (0)
[2026-06-06 10:04:57,291 INFO  L144             Difference]: Subtrahend was deterministic. Have not used determinization.
[2026-06-06 10:04:57,292 INFO  L93              Difference]: Finished difference Result 7 states and 7 transitions.
[2026-06-06 10:04:57,292 INFO  L327       MonitoredProcess]: [MP /usr/bin/z3 -smt2 -in SMTLIB2_COMPLIANT=true (8)] Waiting until timeout for monitored process
[2026-06-06 10:04:57,292 INFO  L225             Difference]: With dead ends: 7
[2026-06-06 10:04:57,292 INFO  L226             Difference]: Without dead ends: 7
[2026-06-06 10:04:57,297 INFO  L82        GeneralOperation]: Start minimizeSevpa. Operand 7 states.
[2026-06-06 10:04:57,302 INFO  L88        GeneralOperation]: Finished minimizeSevpa. Reduced states from 7 to 7.
[2026-06-06 10:04:57,302 INFO  L82        GeneralOperation]: Start removeUnreachable. Operand  has 7 states, 6 states have (on average 1.1666666666666667) internal successors, (7), 6 states have internal predecessors, (7), 0 states have call successors, (0), 0 states have call predecessors, (0), 0 states have return successors, (0), 0 states have call predecessors, (0), 0 states have call successors, (0)
[2026-06-06 10:04:57,303 INFO  L88        GeneralOperation]: Finished removeUnreachable. Reduced from 7 states to 7 states and 7 transitions.
[2026-06-06 10:04:57,304 INFO  L675   ParallelNwaCegarLoop]: Main: Refinement done.
[2026-06-06 10:04:57,304 INFO  L594   ParallelNwaCegarLoop]: Checking if program is safe
[2026-06-06 10:04:57,304 INFO  L290                IsEmpty]: Start isEmpty. Operand 7 states and 7 transitions.
[2026-06-06 10:04:57,304 INFO  L300                IsEmpty]: Finished isEmpty. Found accepting run of length 7
[2026-06-06 10:04:57,304 INFO  L199           NwaCegarLoop]: Found error trace
[2026-06-06 10:04:57,304 INFO  L207           NwaCegarLoop]: trace histogram [2, 1, 1, 1, 1]
[2026-06-06 10:04:57,304 INFO  L336   ParallelNwaCegarLoop]: No more worker results to process
[2026-06-06 10:04:57,304 INFO  L290                IsEmpty]: Start isEmpty. Operand 7 states and 7 transitions.
[2026-06-06 10:04:57,304 INFO  L300                IsEmpty]: Finished isEmpty. Found accepting run of length 7
[2026-06-06 10:04:57,304 WARN  L753                IsEmpty]: Correctness of emptinessCheck not tested.
[2026-06-06 10:04:57,304 INFO  L79                 Accepts]: Start accepts. Automaton has 7 states and 7 transitions. Word has length 6
[2026-06-06 10:04:57,304 INFO  L85                 Accepts]: Finished accepts. word is accepted.
[2026-06-06 10:04:57,304 INFO  L757                IsEmpty]: Finished testing correctness of emptinessCheck
[2026-06-06 10:04:57,304 INFO  L1033  ParallelNwaCegarLoop]: BFS found an active duplicate counterexample.
[2026-06-06 10:04:57,304 INFO  L290                IsEmpty]: Start isEmptyParallel. Operand 7 states and 7 transitions.
[2026-06-06 10:04:57,304 INFO  L300                IsEmpty]: Finished isEmptyParallel. No accepting run.
[2026-06-06 10:04:57,304 INFO  L156        IsEmptyParallel]: Start isEmptyParallel. Operand 7 states and 7 transitions.
[2026-06-06 10:04:57,305 INFO  L182       IsEmptyHeuristic]: Start isEmptyHeuristic. Operand 7 states and 7 transitions.
[2026-06-06 10:04:57,305 INFO  L188       IsEmptyHeuristic]: Finished isEmptyHeuristic. Found accepting run of length 13
[2026-06-06 10:04:57,305 INFO  L163        IsEmptyParallel]: Finished isEmptyParallel. Found accepting run of length 13
[2026-06-06 10:04:57,305 WARN  L753                IsEmpty]: Correctness of emptinessCheck not tested.
[2026-06-06 10:04:57,305 INFO  L79                 Accepts]: Start accepts. Automaton has 7 states and 7 transitions. Word has length 12
[2026-06-06 10:04:57,305 INFO  L85                 Accepts]: Finished accepts. word is accepted.
[2026-06-06 10:04:57,305 INFO  L757                IsEmpty]: Finished testing correctness of emptinessCheck
[2026-06-06 10:04:57,305 INFO  L1028  ParallelNwaCegarLoop]: Found new Counterexample via IsEmptyParallel PAPER!
[2026-06-06 10:04:57,305 INFO  L86        PathProgramCache]: Analyzing trace with hash -570590731, now seen corresponding path program 4 times
[2026-06-06 10:04:57,305 INFO  L614   ParallelNwaCegarLoop]: Main: Starting Thread
[2026-06-06 10:04:57,305 INFO  L283   ParallelNwaCegarLoop]: === Iteration 3 ===
[2026-06-06 10:04:57,305 INFO  L631   ParallelNwaCegarLoop]: All threads busy, going to sleep.
[2026-06-06 10:04:57,305 INFO  L209   CegarNwaWorkerThread]: Starting Thread: 80# for Trace Check: -570590731
[2026-06-06 10:04:57,305 INFO  L156       PredicateUnifier]: Initialized classic predicate unifier
[2026-06-06 10:04:57,305 INFO  L86        PathProgramCache]: Analyzing trace with hash -570590731, now seen corresponding path program 4 times
[2026-06-06 10:04:57,305 INFO  L118   FreeRefinementEngine]: Executing refinement strategy CAMEL
[2026-06-06 10:04:57,306 INFO  L324   FreeRefinementEngine]: Using trace check IpTcStrategyModuleSmtInterpolCraig [9101899]
[2026-06-06 10:04:57,306 INFO  L95    rtionOrderModulation]: Changing assertion order to TERMS_WITH_SMALL_CONSTANTS_FIRST
[2026-06-06 10:04:57,306 INFO  L127          SolverBuilder]: Constructing new instance of SMTInterpol with explicit timeout -1 ms and remaining time -1 ms
[2026-06-06 10:04:57,306 INFO  L108    AnnotateAndAsserter]: Assert order OUTSIDE_LOOP_FIRST2 partitioned 10 statements into 4 equivalence classes.
[2026-06-06 10:04:57,309 INFO  L108    AnnotateAndAsserter]: Assert order TERMS_WITH_SMALL_CONSTANTS_FIRST partitioned 12 statements into 2 equivalence classes.
[2026-06-06 10:04:57,312 INFO  L111    AnnotateAndAsserter]: Assert order OUTSIDE_LOOP_FIRST2 issued 4 check-sat command(s) and asserted 10 of 10 statements.
[2026-06-06 10:04:57,312 INFO  L114    AnnotateAndAsserter]: Assert order OUTSIDE_LOOP_FIRST2 issued 4 check-sat command(s)
[2026-06-06 10:04:57,312 INFO  L115    AnnotateAndAsserter]: Conjunction of SSA is unsat
[2026-06-06 10:04:57,313 INFO  L256         TraceCheckSpWp]: Trace formula consists of 34 conjuncts, 13 conjuncts are in the unsatisfiable core
[2026-06-06 10:04:57,314 INFO  L279         TraceCheckSpWp]: Computing forward predicates...
[2026-06-06 10:04:57,318 INFO  L111    AnnotateAndAsserter]: Assert order TERMS_WITH_SMALL_CONSTANTS_FIRST issued 2 check-sat command(s) and asserted 12 of 12 statements.
[2026-06-06 10:04:57,318 INFO  L114    AnnotateAndAsserter]: Assert order TERMS_WITH_SMALL_CONSTANTS_FIRST issued 2 check-sat command(s)
[2026-06-06 10:04:57,318 INFO  L115    AnnotateAndAsserter]: Conjunction of SSA is unsat
[2026-06-06 10:04:57,353 INFO  L134       CoverageAnalysis]: Checked inductivity of 6 backedges. 0 proven. 4 refuted. 0 times theorem prover too weak. 2 trivial. 0 not checked.
[2026-06-06 10:04:57,353 INFO  L312         TraceCheckSpWp]: Computing backward predicates...
[2026-06-06 10:04:57,354 INFO  L134       CoverageAnalysis]: Checked inductivity of 2 backedges. 0 proven. 2 refuted. 0 times theorem prover too weak. 0 trivial. 0 not checked.
[2026-06-06 10:04:57,354 INFO  L312         TraceCheckSpWp]: Computing backward predicates...
[2026-06-06 10:04:57,365 INFO  L134       CoverageAnalysis]: Checked inductivity of 12 backedges. 0 proven. 6 refuted. 0 times theorem prover too weak. 6 trivial. 0 not checked.
[2026-06-06 10:04:57,365 INFO  L312         TraceCheckSpWp]: Computing backward predicates...
[2026-06-06 10:04:57,367 INFO  L134       CoverageAnalysis]: Checked inductivity of 20 backedges. 0 proven. 8 refuted. 0 times theorem prover too weak. 12 trivial. 0 not checked.
[2026-06-06 10:04:57,368 INFO  L136   FreeRefinementEngine]: Strategy CAMEL found an infeasible trace
[2026-06-06 10:04:57,368 INFO  L324   FreeRefinementEngine]: Using interpolant generator IpTcStrategyModuleSmtInterpolCraig [9101899]
[2026-06-06 10:04:57,368 INFO  L158   FreeRefinementEngine]: IpTcStrategyModuleSmtInterpolCraig [9101899] provided 0 perfect and 1 imperfect interpolant sequences
[2026-06-06 10:04:57,368 INFO  L324   FreeRefinementEngine]: Using interpolant generator IpTcStrategyModuleZ3 [1949069777]
[2026-06-06 10:04:57,368 INFO  L95    rtionOrderModulation]: Changing assertion order to TERMS_WITH_SMALL_CONSTANTS_FIRST
[2026-06-06 10:04:57,368 INFO  L173          SolverBuilder]: Constructing external solver with command: z3 -smt2 -in SMTLIB2_COMPLIANT=true
[2026-06-06 10:04:57,371 INFO  L189       MonitoredProcess]: No working directory specified, using /usr/bin/z3
[2026-06-06 10:04:57,372 INFO  L229       MonitoredProcess]: Starting monitored process 9 with /usr/bin/z3 -smt2 -in SMTLIB2_COMPLIANT=true (exit command is (exit), workingDir is null)
[2026-06-06 10:04:57,373 INFO  L327       MonitoredProcess]: [MP /usr/bin/z3 -smt2 -in SMTLIB2_COMPLIANT=true (9)] Waiting until timeout for monitored process
[2026-06-06 10:04:57,387 INFO  L108    AnnotateAndAsserter]: Assert order TERMS_WITH_SMALL_CONSTANTS_FIRST partitioned 12 statements into 2 equivalence classes.
[2026-06-06 10:04:57,403 INFO  L111    AnnotateAndAsserter]: Assert order TERMS_WITH_SMALL_CONSTANTS_FIRST issued 2 check-sat command(s) and asserted 12 of 12 statements.
[2026-06-06 10:04:57,403 INFO  L114    AnnotateAndAsserter]: Assert order TERMS_WITH_SMALL_CONSTANTS_FIRST issued 2 check-sat command(s)
[2026-06-06 10:04:57,403 INFO  L115    AnnotateAndAsserter]: Conjunction of SSA is unsat
[2026-06-06 10:04:57,403 INFO  L256         TraceCheckSpWp]: Trace formula consists of 41 conjuncts, 15 conjuncts are in the unsatisfiable core
[2026-06-06 10:04:57,404 INFO  L279         TraceCheckSpWp]: Computing forward predicates...
[2026-06-06 10:04:57,425 INFO  L134       CoverageAnalysis]: Checked inductivity of 20 backedges. 0 proven. 8 refuted. 0 times theorem prover too weak. 12 trivial. 0 not checked.
[2026-06-06 10:04:57,425 INFO  L312         TraceCheckSpWp]: Computing backward predicates...
[2026-06-06 10:05:09,379 WARN  L330   ript$VariableManager]: TermVariable |ULTIMATE.start_main_#t~nondet0| not constructed by VariableManager. Cannot ensure absence of name clashes.
[2026-06-06 10:05:09,380 WARN  L330   ript$VariableManager]: TermVariable |ULTIMATE.start_main_#t~nondet0| not constructed by VariableManager. Cannot ensure absence of name clashes.
[2026-06-06 10:05:09,390 WARN  L330   ript$VariableManager]: TermVariable |ULTIMATE.start_main_#t~nondet0| not constructed by VariableManager. Cannot ensure absence of name clashes.
[2026-06-06 10:05:09,444 WARN  L330   ript$VariableManager]: TermVariable |ULTIMATE.start_main_#t~nondet0| not constructed by VariableManager. Cannot ensure absence of name clashes.
[2026-06-06 10:05:33,440 WARN  L330   ript$VariableManager]: TermVariable |ULTIMATE.start_main_#t~nondet0| not constructed by VariableManager. Cannot ensure absence of name clashes.
[2026-06-06 10:05:33,512 INFO  L134       CoverageAnalysis]: Checked inductivity of 2 backedges. 0 proven. 1 refuted. 1 times theorem prover too weak. 0 trivial. 0 not checked.
[2026-06-06 10:05:33,512 INFO  L158   FreeRefinementEngine]: IpTcStrategyModuleZ3 [1510639055] provided 0 perfect and 2 imperfect interpolant sequences
[2026-06-06 10:05:33,512 INFO  L185   FreeRefinementEngine]: Found 0 perfect and 3 imperfect interpolant sequences.
[2026-06-06 10:05:33,512 INFO  L198   FreeRefinementEngine]: Number of different interpolants: perfect sequences [] imperfect sequences [4, 4, 4] total 7
[2026-06-06 10:05:33,513 INFO  L122   tionRefinementEngine]: Using interpolant automaton builder IpAbStrategyModuleStraightlineAll [720312900]
[2026-06-06 10:05:33,513 INFO  L85    oduleStraightlineAll]: Using 3 imperfect interpolants to construct interpolant automaton
[2026-06-06 10:05:33,513 INFO  L100   FreeRefinementEngine]: Using predicate unifier PredicateUnifier provided by strategy CAMEL
[2026-06-06 10:05:33,513 INFO  L144   InterpolantAutomaton]: Constructing interpolant automaton starting with 8 interpolants.
[2026-06-06 10:05:33,513 INFO  L146   InterpolantAutomaton]: CoverageRelationStatistics Valid=20, Invalid=33, Unknown=3, NotChecked=0, Total=56
[2026-06-06 10:05:33,513 INFO  L419   CegarNwaWorkerThread]: Difference in Worker for Generalization
[2026-06-06 10:05:33,513 INFO  L87              Difference]: Start difference. First operand  has 6 states, 4 states have (on average 1.5) internal successors, (6), 5 states have internal predecessors, (6), 0 states have call successors, (0), 0 states have call predecessors, (0), 0 states have return successors, (0), 0 states have call predecessors, (0), 0 states have call successors, (0) Second operand  has 8 states, 8 states have (on average 1.5) internal successors, (12), 7 states have internal predecessors, (12), 0 states have call successors, (0), 0 states have call predecessors, (0), 0 states have return successors, (0), 0 states have call predecessors, (0), 0 states have call successors, (0)
[2026-06-06 10:05:33,520 INFO  L144             Difference]: Subtrahend was deterministic. Have not used determinization.
[2026-06-06 10:05:33,520 INFO  L93              Difference]: Finished difference Result 4 states and 4 transitions.
[2026-06-06 10:05:33,520 INFO  L140   InterpolantAutomaton]: Switched to read-only mode: deterministic interpolant automaton has 5 states. 
[2026-06-06 10:05:33,520 INFO  L225             Difference]: With dead ends: 4
[2026-06-06 10:05:33,520 INFO  L226             Difference]: Without dead ends: 0
[2026-06-06 10:05:33,520 INFO  L487   CegarNwaWorkerThread]: 0 DeclaredPredicates, 15 GetRequests, 6 SyntacticMatches, 2 SemanticMatches, 7 ConstructedPredicates, 0 IntricatePredicates, 0 DeprecatedPredicates, 5 ImplicationChecksByTransitivity, 36.2s TimeCoverageRelationStatistics Valid=27, Invalid=42, Unknown=3, NotChecked=0, Total=72
[2026-06-06 10:05:33,521 INFO  L488   CegarNwaWorkerThread]: 1 mSDtfsCounter, 0 mSDsluCounter, 2 mSDsCounter, 0 mSdLazyCounter, 6 mSolverCounterSat, 2 mSolverCounterUnsat, 0 mSolverCounterUnknown, 0 mSolverCounterNotChecked, 0.0s Time, 0 mProtectedPredicate, 0 mProtectedAction, 0 SdHoareTripleChecker+Valid, 3 SdHoareTripleChecker+Invalid, 8 SdHoareTripleChecker+Unknown, 0 SdHoareTripleChecker+Unchecked, 0.0s SdHoareTripleChecker+Time, 2 IncrementalHoareTripleChecker+Valid, 6 IncrementalHoareTripleChecker+Invalid, 0 IncrementalHoareTripleChecker+Unknown, 0 IncrementalHoareTripleChecker+Unchecked, 0.0s IncrementalHoareTripleChecker+Time
[2026-06-06 10:05:33,521 INFO  L489   CegarNwaWorkerThread]: SdHoareTripleChecker [0 Valid, 3 Invalid, 8 Unknown, 0 Unchecked, 0.0s Time], IncrementalHoareTripleChecker [2 Valid, 6 Invalid, 0 Unknown, 0 Unchecked, 0.0s Time]
[2026-06-06 10:05:33,521 INFO  L224   CegarNwaWorkerThread]: Done with Thread: 86#
[2026-06-06 10:05:33,521 INFO  L196   CegarNwaWorkerThread]: WorkerThread: Thread[#86,Worker for 889531649,5,main] is Waiting for a Task
[2026-06-06 10:05:33,521 INFO  L634   ParallelNwaCegarLoop]: Waking up, a worker is done.
[2026-06-06 10:05:33,521 INFO  L293   ParallelNwaCegarLoop]: Main: A Thread is Done
[2026-06-06 10:05:33,521 INFO  L311   ParallelNwaCegarLoop]: Worker Automaton Type: FLOYD_HOARE
[2026-06-06 10:05:33,521 INFO  L79                 Accepts]: Start accepts. Automaton has 7 states and 7 transitions. Word has length 6
[2026-06-06 10:05:33,521 INFO  L85                 Accepts]: Finished accepts. word is accepted.
[2026-06-06 10:05:33,521 INFO  L313   ParallelNwaCegarLoop]: Refining Abstraction
[2026-06-06 10:05:33,521 INFO  L697   ParallelNwaCegarLoop]: Subtrahend traceHash: 889531649
[2026-06-06 10:05:33,521 INFO  L664   ParallelNwaCegarLoop]: Difference in Main
[2026-06-06 10:05:33,521 INFO  L87              Difference]: Start difference. First operand 7 states and 7 transitions. Second operand  has 5 states, 4 states have (on average 1.25) internal successors, (5), 4 states have internal predecessors, (5), 0 states have call successors, (0), 0 states have call predecessors, (0), 0 states have return successors, (0), 0 states have call predecessors, (0), 0 states have call successors, (0)
[2026-06-06 10:05:33,522 INFO  L144             Difference]: Subtrahend was deterministic. Have not used determinization.
[2026-06-06 10:05:33,522 INFO  L93              Difference]: Finished difference Result 5 states and 5 transitions.
[2026-06-06 10:05:33,522 INFO  L225             Difference]: With dead ends: 5
[2026-06-06 10:05:33,522 INFO  L226             Difference]: Without dead ends: 0
[2026-06-06 10:05:33,522 INFO  L82        GeneralOperation]: Start minimizeSevpa. Operand 0 states.
[2026-06-06 10:05:33,522 INFO  L88        GeneralOperation]: Finished minimizeSevpa. Reduced states from 0 to 0.
[2026-06-06 10:05:33,522 INFO  L82        GeneralOperation]: Start removeUnreachable. Operand  has 0 states, 0 states have (on average 0.0) internal successors, (0), 0 states have internal predecessors, (0), 0 states have call successors, (0), 0 states have call predecessors, (0), 0 states have return successors, (0), 0 states have call predecessors, (0), 0 states have call successors, (0)
[2026-06-06 10:05:33,522 INFO  L88        GeneralOperation]: Finished removeUnreachable. Reduced from 0 states to 0 states and 0 transitions.
[2026-06-06 10:05:33,522 INFO  L675   ParallelNwaCegarLoop]: Main: Refinement done.
[2026-06-06 10:05:33,522 INFO  L594   ParallelNwaCegarLoop]: Checking if program is safe
[2026-06-06 10:05:33,522 INFO  L290                IsEmpty]: Start isEmpty. Operand 0 states and 0 transitions.
[2026-06-06 10:05:33,522 INFO  L300                IsEmpty]: Finished isEmpty. No accepting run.
[2026-06-06 10:05:33,523 INFO  L796   garLoopResultBuilder]: Registering result SAFE for location ULTIMATE.startErr0ASSERT_VIOLATIONASSERT (0 of 1 remaining)
[2026-06-06 10:05:33,523 INFO  L597   ParallelNwaCegarLoop]: Result: SAFE
[2026-06-06 10:05:33,527 INFO  L534       MonitoredProcess]: [MP /usr/bin/z3 -smt2 -in SMTLIB2_COMPLIANT=true (8)] Forceful destruction successful, exit code 0
[2026-06-06 10:05:33,924 WARN  L435       MonitoredProcess]: [MP /usr/bin/z3 SMTLIB2_COMPLIANT=true -memory:1024 -smt2 -in -t:12000 (5)] Forcibly destroying the process
[2026-06-06 10:05:33,927 INFO  L534       MonitoredProcess]: [MP /usr/bin/z3 SMTLIB2_COMPLIANT=true -memory:1024 -smt2 -in -t:12000 (5)] Forceful destruction successful, exit code 137
[2026-06-06 10:05:33,927 WARN  L718   oredProcess$PipePump]: [MP /usr/bin/z3 SMTLIB2_COMPLIANT=true -memory:1024 -smt2 -in -t:12000 (3)] The stream was forcibly closed: stdIn
[2026-06-06 10:05:33,933 INFO  L546       MonitoredProcess]: [MP /usr/bin/z3 SMTLIB2_COMPLIANT=true -memory:1024 -smt2 -in -t:12000 (3)] Ended with exit code 0
[2026-06-06 10:05:34,131 INFO  L546       MonitoredProcess]: [MP /usr/bin/z3 -smt2 -in SMTLIB2_COMPLIANT=true (9)] Ended with exit code 0
[2026-06-06 10:05:34,328 WARN  L718   oredProcess$PipePump]: [MP /usr/bin/z3 -smt2 -in SMTLIB2_COMPLIANT=true (6)] The stream was forcibly closed: stdIn
[2026-06-06 10:05:34,330 INFO  L546       MonitoredProcess]: [MP /usr/bin/z3 -smt2 -in SMTLIB2_COMPLIANT=true (6)] Ended with exit code 0
[2026-06-06 10:05:34,728 WARN  L435       MonitoredProcess]: [MP /usr/bin/z3 SMTLIB2_COMPLIANT=true -memory:1024 -smt2 -in -t:12000 (4)] Forcibly destroying the process
[2026-06-06 10:05:34,731 INFO  L534       MonitoredProcess]: [MP /usr/bin/z3 SMTLIB2_COMPLIANT=true -memory:1024 -smt2 -in -t:12000 (4)] Forceful destruction successful, exit code 137
[2026-06-06 10:05:34,734 INFO  L546       MonitoredProcess]: [MP /usr/bin/z3 -smt2 -in SMTLIB2_COMPLIANT=true (7)] Ended with exit code 0
[2026-06-06 10:05:35,131 WARN  L435       MonitoredProcess]: [MP /usr/bin/z3 SMTLIB2_COMPLIANT=true -memory:1024 -smt2 -in -t:12000 (2)] Forcibly destroying the process
[2026-06-06 10:05:35,134 INFO  L534       MonitoredProcess]: [MP /usr/bin/z3 SMTLIB2_COMPLIANT=true -memory:1024 -smt2 -in -t:12000 (2)] Forceful destruction successful, exit code 137
[2026-06-06 10:05:35,135 WARN  L645   ParallelNwaCegarLoop]: Destroyed unattended storables created during the last iteration: 8 /usr/bin/z3 -smt2 -in SMTLIB2_COMPLIANT=true,5 /usr/bin/z3 SMTLIB2_COMPLIANT=true -memory:1024 -smt2 -in -t:12000,3 /usr/bin/z3 SMTLIB2_COMPLIANT=true -memory:1024 -smt2 -in -t:12000,9 /usr/bin/z3 -smt2 -in SMTLIB2_COMPLIANT=true,SelfDestructingSolverStorable0,6 /usr/bin/z3 -smt2 -in SMTLIB2_COMPLIANT=true,SelfDestructingSolverStorable4,SelfDestructingSolverStorable3,SelfDestructingSolverStorable2,SelfDestructingSolverStorable1,4 /usr/bin/z3 SMTLIB2_COMPLIANT=true -memory:1024 -smt2 -in -t:12000,7 /usr/bin/z3 -smt2 -in SMTLIB2_COMPLIANT=true,2 /usr/bin/z3 SMTLIB2_COMPLIANT=true -memory:1024 -smt2 -in -t:12000
[2026-06-06 10:05:35,135 INFO  L509   ParallelNwaCegarLoop]: Iteration 3
[2026-06-06 10:05:35,135 INFO  L510   ParallelNwaCegarLoop]: SearchMode: ADAPTIVE_BATCH_LCPS
[2026-06-06 10:05:35,135 INFO  L511   ParallelNwaCegarLoop]: Refinements: 2
[2026-06-06 10:05:35,135 INFO  L512   ParallelNwaCegarLoop]: Counterexamples: 5
[2026-06-06 10:05:35,135 INFO  L513   ParallelNwaCegarLoop]: SearchTimeout: 0
[2026-06-06 10:05:35,135 INFO  L514   ParallelNwaCegarLoop]: RunConstructionFailed: 0
[2026-06-06 10:05:35,135 INFO  L515   ParallelNwaCegarLoop]: SearchFailed: 0
[2026-06-06 10:05:35,135 INFO  L516   ParallelNwaCegarLoop]: Duplicate freshness failures: 2
[2026-06-06 10:05:35,135 INFO  L517   ParallelNwaCegarLoop]: DuplicateFreshnessFailures: 2
[2026-06-06 10:05:35,135 INFO  L518   ParallelNwaCegarLoop]: BFS: 1
[2026-06-06 10:05:35,135 INFO  L519   ParallelNwaCegarLoop]: IsEmptyParallel: 4
[2026-06-06 10:05:35,135 INFO  L520   ParallelNwaCegarLoop]: ActiveThreads: 4
[2026-06-06 10:05:35,135 INFO  L521   ParallelNwaCegarLoop]: ActiveExecutorsForPathPrograms: 0
[2026-06-06 10:05:35,135 INFO  L522   ParallelNwaCegarLoop]: IterationsWithMaxThreads: 2
[2026-06-06 10:05:35,135 WARN  L310   FreeRefinementEngine]: Global settings require throwing the following exception
[2026-06-06 10:05:35,135 INFO  L523   ParallelNwaCegarLoop]: IterationsWithONEThread: 0
[2026-06-06 10:05:35,135 WARN  L310   FreeRefinementEngine]: Global settings require throwing the following exception
[2026-06-06 10:05:35,135 INFO  L524   ParallelNwaCegarLoop]: SearchTime: 0 s
[2026-06-06 10:05:35,135 WARN  L310   FreeRefinementEngine]: Global settings require throwing the following exception
[2026-06-06 10:05:35,135 INFO  L525   ParallelNwaCegarLoop]: WorkerSetUpTime: 0 s
[2026-06-06 10:05:35,135 INFO  L526   ParallelNwaCegarLoop]: ExceptionInWorker: 0
[2026-06-06 10:05:35,135 INFO  L527   ParallelNwaCegarLoop]: mRefinementTime: 0
[2026-06-06 10:05:35,135 INFO  L528   ParallelNwaCegarLoop]: Prefix cache checked paths: 5
[2026-06-06 10:05:35,135 INFO  L529   ParallelNwaCegarLoop]: Prefix cache stale paths: 0
[2026-06-06 10:05:35,135 INFO  L530   ParallelNwaCegarLoop]: Stale paths: 0
[2026-06-06 10:05:35,135 INFO  L531   ParallelNwaCegarLoop]: LcpsCheckedPrefixQueries: 0
[2026-06-06 10:05:35,135 INFO  L532   ParallelNwaCegarLoop]: LcpsStalePrefixQueries: 0
[2026-06-06 10:05:35,135 INFO  L533   ParallelNwaCegarLoop]: LcpsCheckedPrefixHits: 0
[2026-06-06 10:05:35,136 INFO  L534   ParallelNwaCegarLoop]: LcpsStalePrefixHits: 0
[2026-06-06 10:05:35,136 INFO  L535   ParallelNwaCegarLoop]: LcpsSearchInvocations: 0
[2026-06-06 10:05:35,136 INFO  L536   ParallelNwaCegarLoop]: LcpsFullCacheSuffixInvocations: 0
[2026-06-06 10:05:35,136 INFO  L537   ParallelNwaCegarLoop]: LcpsFullCacheSuffixFallbacks: 0
[2026-06-06 10:05:35,136 INFO  L538   ParallelNwaCegarLoop]: LcpsEffectivePriorityDecisions: 0
[2026-06-06 10:05:35,136 INFO  L539   ParallelNwaCegarLoop]: BatchLcpsInvocations: 0
[2026-06-06 10:05:35,136 INFO  L540   ParallelNwaCegarLoop]: BatchLcpsAvailableSlotsTotal: 0
[2026-06-06 10:05:35,136 INFO  L541   ParallelNwaCegarLoop]: BatchLcpsCandidatesGenerated: 0
[2026-06-06 10:05:35,136 INFO  L542   ParallelNwaCegarLoop]: BatchLcpsCandidatesSelected: 0
[2026-06-06 10:05:35,136 INFO  L543   ParallelNwaCegarLoop]: BatchLcpsCandidateGenerationFailures: 0
[2026-06-06 10:05:35,136 INFO  L544   ParallelNwaCegarLoop]: BatchLcpsAvgCandidatePoolSize: 0.0
[2026-06-06 10:05:35,136 INFO  L545   ParallelNwaCegarLoop]: BatchLcpsAvgSelectedBatchSize: 0.0
[2026-06-06 10:05:35,136 INFO  L546   ParallelNwaCegarLoop]: BatchLcpsEffectiveBatchDecisions: 0
[2026-06-06 10:05:35,136 INFO  L547   ParallelNwaCegarLoop]: BatchLcpsCandidateGenerationTimeMs: 0
[2026-06-06 10:05:35,136 INFO  L548   ParallelNwaCegarLoop]: BatchLcpsSelectionTimeMs: 0
[2026-06-06 10:05:35,136 INFO  L549   ParallelNwaCegarLoop]: AdaptiveBatchTriggerMode: SEARCH_FAILED_ONLY
[2026-06-06 10:05:35,136 INFO  L550   ParallelNwaCegarLoop]: AdaptiveBatchInvocations: 0
[2026-06-06 10:05:35,136 INFO  L551   ParallelNwaCegarLoop]: AdaptiveBatchFallbacks: 2
[2026-06-06 10:05:35,136 INFO  L552   ParallelNwaCegarLoop]: AdaptiveTriggeredByDuplicate: 0
[2026-06-06 10:05:35,136 INFO  L553   ParallelNwaCegarLoop]: AdaptiveTriggeredByStale: 0
[2026-06-06 10:05:35,136 INFO  L554   ParallelNwaCegarLoop]: AdaptiveTriggeredBySearchFailed: 0
[2026-06-06 10:05:35,136 INFO  L555   ParallelNwaCegarLoop]: AdaptiveTriggeredByIdleSlot: 0
[2026-06-06 10:05:35,136 INFO  L556   ParallelNwaCegarLoop]: AdaptiveMinAvailableSlots: 2
[2026-06-06 10:05:35,136 INFO  L559   ParallelNwaCegarLoop]: Checked paths: 5
[2026-06-06 10:05:35,136 INFO  L560   ParallelNwaCegarLoop]: Total pairwise prefix-LCA divergence: 6.416666666666667
[2026-06-06 10:05:35,136 INFO  L562   ParallelNwaCegarLoop]: Avg pairwise prefix-LCA divergence: 0.6416666666666667
[2026-06-06 10:05:35,137 INFO  L424         BasicCegarLoop]: Path program histogram: []
[2026-06-06 10:05:35,137 INFO  L429         BasicCegarLoop]: Checked paths: 5
[2026-06-06 10:05:35,137 INFO  L430         BasicCegarLoop]: Total pairwise prefix-LCA divergence: 6.416666666666667
[2026-06-06 10:05:35,137 INFO  L432         BasicCegarLoop]: Avg pairwise prefix-LCA divergence: 0.6416666666666667
[2026-06-06 10:05:35,138 INFO  L171   ceAbstractionStarter]: Computing trace abstraction results
[2026-06-06 10:05:35,139 INFO  L201        PluginConnector]: Adding new model jain_1.i_2.bpl de.uni_freiburg.informatik.ultimate.plugins.generator.traceabstraction CFG 06.06 10:05:35 BoogieIcfgContainer
[2026-06-06 10:05:35,139 INFO  L131        PluginConnector]: ------------------------ END TraceAbstraction----------------------------
[2026-06-06 10:05:35,140 INFO  L158              Benchmark]: Toolchain (without parser) took 38167.26ms. Allocated memory was 46.1MB in the beginning and 69.2MB in the end (delta: 23.1MB). Free memory was 23.7MB in the beginning and 37.1MB in the end (delta: -13.3MB). Peak memory consumption was 9.5MB. Max. memory is 4.3GB.
[2026-06-06 10:05:35,140 INFO  L158              Benchmark]: Boogie PL CUP Parser took 0.07ms. Allocated memory is still 46.1MB. Free memory is still 12.6MB. There was no memory consumed. Max. memory is 4.3GB.
[2026-06-06 10:05:35,140 INFO  L158              Benchmark]: Boogie Preprocessor took 17.27ms. Allocated memory is still 46.1MB. Free memory was 23.7MB in the beginning and 21.2MB in the end (delta: 2.5MB). Peak memory consumption was 2.1MB. Max. memory is 4.3GB.
[2026-06-06 10:05:35,140 INFO  L158              Benchmark]: RCFGBuilder took 64.28ms. Allocated memory is still 46.1MB. Free memory was 21.1MB in the beginning and 11.8MB in the end (delta: 9.4MB). Peak memory consumption was 8.4MB. Max. memory is 4.3GB.
[2026-06-06 10:05:35,140 INFO  L158              Benchmark]: TraceAbstraction took 38082.25ms. Allocated memory was 46.1MB in the beginning and 69.2MB in the end (delta: 23.1MB). Free memory was 21.1MB in the beginning and 37.1MB in the end (delta: -16.0MB). Peak memory consumption was 7.5MB. Max. memory is 4.3GB.
[2026-06-06 10:05:35,140 INFO  L338   ainManager$Toolchain]: #######################  End [Toolchain 1] #######################
 --- Results ---
 * Results from de.uni_freiburg.informatik.ultimate.core:
  - StatisticsResult: Toolchain Benchmarks
    Benchmark results are:
 * Boogie PL CUP Parser took 0.07ms. Allocated memory is still 46.1MB. Free memory is still 12.6MB. There was no memory consumed. Max. memory is 4.3GB.
 * Boogie Preprocessor took 17.27ms. Allocated memory is still 46.1MB. Free memory was 23.7MB in the beginning and 21.2MB in the end (delta: 2.5MB). Peak memory consumption was 2.1MB. Max. memory is 4.3GB.
 * RCFGBuilder took 64.28ms. Allocated memory is still 46.1MB. Free memory was 21.1MB in the beginning and 11.8MB in the end (delta: 9.4MB). Peak memory consumption was 8.4MB. Max. memory is 4.3GB.
 * TraceAbstraction took 38082.25ms. Allocated memory was 46.1MB in the beginning and 69.2MB in the end (delta: 23.1MB). Free memory was 21.1MB in the beginning and 37.1MB in the end (delta: -16.0MB). Peak memory consumption was 7.5MB. Max. memory is 4.3GB.
 * Results from de.uni_freiburg.informatik.ultimate.plugins.generator.traceabstraction:
  - StatisticsResult: ErrorAutomatonStatistics
    NumberErrorTraces: 0, NumberStatementsAllTraces: 0, NumberRelevantStatements: 0, 0.0s ErrorAutomatonConstructionTimeTotal, 0.0s FaulLocalizationTime, NumberStatementsFirstTrace: -1, TraceLengthAvg: 0, 0.0s ErrorAutomatonConstructionTimeAvg, 0.0s ErrorAutomatonDifferenceTimeAvg, 0.0s ErrorAutomatonDifferenceTimeTotal, NumberOfNoEnhancement: 0, NumberOfFiniteEnhancement: 0, NumberOfInfiniteEnhancement: 0
  - PositiveResult [Line: 34]: assertion always holds
    For all program executions holds that assertion always holds at this location
  - StatisticsResult: Ultimate Automizer benchmark data
    CFG has 1 procedures, 6 locations, 6 edges, 1 error locations. Started 1 CEGAR loops. OverallTime: 38.1s, OverallIterations: 2, TraceHistogramMax: 2, PathProgramHistogramMax: 0, CheckedPaths: 5, TotalPairwisePrefixLcaDivergence: 6.416666666666667, AvgPairwisePrefixLcaDivergence: 0.6416666666666667, SearchMode: ADAPTIVE_BATCH_LCPS, DuplicateFreshnessFailures: 2, FailedToFindCounterexamples: 0, StalePaths: 0, LcpsCheckedPrefixQueries: 0, LcpsStalePrefixQueries: 0, LcpsCheckedPrefixHits: 0, LcpsStalePrefixHits: 0, LcpsSearchInvocations: 0, LcpsFullCacheSuffixInvocations: 0, LcpsFullCacheSuffixFallbacks: 0, LcpsEffectivePriorityDecisions: 0, BatchLcpsInvocations: 0, BatchLcpsAvailableSlotsTotal: 0, BatchLcpsCandidatesGenerated: 0, BatchLcpsCandidatesSelected: 0, BatchLcpsCandidateGenerationFailures: 0, BatchLcpsAvgCandidatePoolSize: 0.0, BatchLcpsAvgSelectedBatchSize: 0.0, BatchLcpsEffectiveBatchDecisions: 0, BatchLcpsCandidateGenerationTimeMs: 0, BatchLcpsSelectionTimeMs: 0, AdaptiveBatchTriggerMode: SEARCH_FAILED_ONLY, AdaptiveBatchInvocations: 0, AdaptiveBatchFallbacks: 2, AdaptiveTriggeredByDuplicate: 0, AdaptiveTriggeredByStale: 0, AdaptiveTriggeredBySearchFailed: 0, AdaptiveTriggeredByIdleSlot: 0, AdaptiveMinAvailableSlots: 2, EmptinessCheckTime: 0.0s, AutomataDifference: 0.0s, DeadEndRemovalTime: 0.0s, HoareAnnotationTime: 0.0s, InitialAbstractionConstructionTime: 0.0s, HoareTripleCheckerStatistics: , PredicateUnifierStatistics: No data available, 0.0s BasicInterpolantAutomatonTime, BiggestAbstraction: size=6occurred in iteration=0, InterpolantAutomatonStates: 9, traceCheckStatistics: No data available, InterpolantConsolidationStatistics: No data available, PathInvariantsStatistics: No data available, 0/0 InterpolantCoveringCapability, TotalInterpolationStatistics: No data available, 0.0s DumpTime, AutomataMinimizationStatistics: 0.0s AutomataMinimizationTime, 2 MinimizatonAttempts, 0 StatesRemovedByMinimization, 0 NontrivialMinimizations, HoareAnnotationStatistics: No data available, RefinementEngineStatistics: No data available, ReuseStatistics: No data available, ConComCheckerStatistics: No data available
  - AllSpecificationsHoldResult: All specifications hold
    1 specifications checked. All of them hold
RESULT: Ultimate proved your program to be correct!
[2026-06-06 10:05:35,144 INFO  L546       MonitoredProcess]: [MP /usr/bin/z3 SMTLIB2_COMPLIANT=true -memory:1024 -smt2 -in -t:12000 (1)] Ended with exit code 0
Received shutdown request...

